<?xml version="1.0" encoding="ISO-8859-1" ?>
<link_info>
   <banner>TMS320C6x Linker PC v8.3.11</banner>
   <copyright>Copyright (c) 1996-2018 Texas Instruments Incorporated</copyright>
   <link_time>0x626e0325</link_time>
   <link_errors>0x0</link_errors>
   <output_file>lab2_solution.out</output_file>
   <entry_point>
      <name>_c_int00</name>
      <address>0x1181a900</address>
   </entry_point>
   <input_file_list>
      <input_file id="fl-2">
         <path>.\</path>
         <kind>object</kind>
         <file>L138_LCDK_aic3106_init.obj</file>
         <name>L138_LCDK_aic3106_init.obj</name>
      </input_file>
      <input_file id="fl-3">
         <path>.\</path>
         <kind>object</kind>
         <file>L2p2-overdrive.obj</file>
         <name>L2p2-overdrive.obj</name>
      </input_file>
      <input_file id="fl-4">
         <path>.\</path>
         <kind>object</kind>
         <file>dsp_lab_utils.obj</file>
         <name>dsp_lab_utils.obj</name>
      </input_file>
      <input_file id="fl-5">
         <path>.\</path>
         <kind>object</kind>
         <file>vectors_intr.obj</file>
         <name>vectors_intr.obj</name>
      </input_file>
      <input_file id="fl-a">
         <kind>object</kind>
         <file>&lt;internal&gt;</file>
         <name>&lt;internal&gt;</name>
      </input_file>
      <input_file id="fl-24">
         <path>C:\ti\ccs1110\ccs\tools\compiler\ti-cgt-c6000_8.3.11\lib\</path>
         <kind>archive</kind>
         <file>rts6740_elf.lib</file>
         <name>boot.c.obj</name>
      </input_file>
      <input_file id="fl-25">
         <path>C:\ti\ccs1110\ccs\tools\compiler\ti-cgt-c6000_8.3.11\lib\</path>
         <kind>archive</kind>
         <file>rts6740_elf.lib</file>
         <name>memset.c.obj</name>
      </input_file>
      <input_file id="fl-26">
         <path>C:\ti\ccs1110\ccs\tools\compiler\ti-cgt-c6000_8.3.11\lib\</path>
         <kind>archive</kind>
         <file>rts6740_elf.lib</file>
         <name>autoinit.c.obj</name>
      </input_file>
      <input_file id="fl-27">
         <path>C:\ti\ccs1110\ccs\tools\compiler\ti-cgt-c6000_8.3.11\lib\</path>
         <kind>archive</kind>
         <file>rts6740_elf.lib</file>
         <name>pre_init.c.obj</name>
      </input_file>
      <input_file id="fl-28">
         <path>C:\ti\ccs1110\ccs\tools\compiler\ti-cgt-c6000_8.3.11\lib\</path>
         <kind>archive</kind>
         <file>rts6740_elf.lib</file>
         <name>startup.c.obj</name>
      </input_file>
      <input_file id="fl-29">
         <path>C:\ti\ccs1110\ccs\tools\compiler\ti-cgt-c6000_8.3.11\lib\</path>
         <kind>archive</kind>
         <file>rts6740_elf.lib</file>
         <name>cpy_tbl.c.obj</name>
      </input_file>
      <input_file id="fl-2a">
         <path>C:\ti\ccs1110\ccs\tools\compiler\ti-cgt-c6000_8.3.11\lib\</path>
         <kind>archive</kind>
         <file>rts6740_elf.lib</file>
         <name>copy_zero_init.c.obj</name>
      </input_file>
      <input_file id="fl-2b">
         <path>C:\ti\ccs1110\ccs\tools\compiler\ti-cgt-c6000_8.3.11\lib\</path>
         <kind>archive</kind>
         <file>rts6740_elf.lib</file>
         <name>copy_decompress_none.c.obj</name>
      </input_file>
      <input_file id="fl-2c">
         <path>C:\ti\ccs1110\ccs\tools\compiler\ti-cgt-c6000_8.3.11\lib\</path>
         <kind>archive</kind>
         <file>rts6740_elf.lib</file>
         <name>copy_decompress_rle.c.obj</name>
      </input_file>
      <input_file id="fl-2d">
         <path>C:\ti\ccs1110\ccs\tools\compiler\ti-cgt-c6000_8.3.11\lib\</path>
         <kind>archive</kind>
         <file>rts6740_elf.lib</file>
         <name>tls.c.obj</name>
      </input_file>
      <input_file id="fl-2e">
         <path>C:\ti\ccs1110\ccs\tools\compiler\ti-cgt-c6000_8.3.11\lib\</path>
         <kind>archive</kind>
         <file>rts6740_elf.lib</file>
         <name>exit.c.obj</name>
      </input_file>
      <input_file id="fl-2f">
         <path>C:\ti\ccs1110\ccs\tools\compiler\ti-cgt-c6000_8.3.11\lib\</path>
         <kind>archive</kind>
         <file>rts6740_elf.lib</file>
         <name>memory.c.obj</name>
      </input_file>
      <input_file id="fl-30">
         <path>C:\ti\ccs1110\ccs\tools\compiler\ti-cgt-c6000_8.3.11\lib\</path>
         <kind>archive</kind>
         <file>rts6740_elf.lib</file>
         <name>_lock.c.obj</name>
      </input_file>
      <input_file id="fl-31">
         <path>C:\ti\ccs1110\ccs\tools\compiler\ti-cgt-c6000_8.3.11\lib\</path>
         <kind>archive</kind>
         <file>rts6740_elf.lib</file>
         <name>args_main.c.obj</name>
      </input_file>
      <input_file id="fl-32">
         <path>C:\ti\ccs1110\ccs\tools\compiler\ti-cgt-c6000_8.3.11\lib\</path>
         <kind>archive</kind>
         <file>rts6740_elf.lib</file>
         <name>tls_get_tp.asm.obj</name>
      </input_file>
      <input_file id="fl-33">
         <path>C:\ti\ccs1110\ccs\tools\compiler\ti-cgt-c6000_8.3.11\lib\</path>
         <kind>archive</kind>
         <file>rts6740_elf.lib</file>
         <name>memcpy64.asm.obj</name>
      </input_file>
      <input_file id="fl-34">
         <path>C:\Users\makcr\workspace_v11\lab1repo\DSP_BSL\lib\</path>
         <kind>archive</kind>
         <file>evmomapl138_bsl.lib</file>
         <name>evmomapl138.obj</name>
      </input_file>
      <input_file id="fl-35">
         <path>C:\Users\makcr\workspace_v11\lab1repo\DSP_BSL\lib\</path>
         <kind>archive</kind>
         <file>evmomapl138_bsl.lib</file>
         <name>evmomapl138_aic3106.obj</name>
      </input_file>
      <input_file id="fl-36">
         <path>C:\Users\makcr\workspace_v11\lab1repo\DSP_BSL\lib\</path>
         <kind>archive</kind>
         <file>evmomapl138_bsl.lib</file>
         <name>evmomapl138_gpio.obj</name>
      </input_file>
      <input_file id="fl-37">
         <path>C:\Users\makcr\workspace_v11\lab1repo\DSP_BSL\lib\</path>
         <kind>archive</kind>
         <file>evmomapl138_bsl.lib</file>
         <name>evmomapl138_i2c.obj</name>
      </input_file>
      <input_file id="fl-38">
         <path>C:\Users\makcr\workspace_v11\lab1repo\DSP_BSL\lib\</path>
         <kind>archive</kind>
         <file>evmomapl138_bsl.lib</file>
         <name>evmomapl138_i2c_gpio.obj</name>
      </input_file>
      <input_file id="fl-39">
         <path>C:\Users\makcr\workspace_v11\lab1repo\DSP_BSL\lib\</path>
         <kind>archive</kind>
         <file>evmomapl138_bsl.lib</file>
         <name>evmomapl138_timer.obj</name>
      </input_file>
      <input_file id="fl-3a">
         <path>C:\ti\ccs1110\ccs\tools\compiler\ti-cgt-c6000_8.3.11\lib\</path>
         <kind>archive</kind>
         <file>rts6740_elf.lib</file>
         <name>printf.c.obj</name>
      </input_file>
      <input_file id="fl-3b">
         <path>C:\ti\ccs1110\ccs\tools\compiler\ti-cgt-c6000_8.3.11\lib\</path>
         <kind>archive</kind>
         <file>rts6740_elf.lib</file>
         <name>_printfi.c.obj</name>
      </input_file>
      <input_file id="fl-3c">
         <path>C:\ti\ccs1110\ccs\tools\compiler\ti-cgt-c6000_8.3.11\lib\</path>
         <kind>archive</kind>
         <file>rts6740_elf.lib</file>
         <name>fputc.c.obj</name>
      </input_file>
      <input_file id="fl-3d">
         <path>C:\ti\ccs1110\ccs\tools\compiler\ti-cgt-c6000_8.3.11\lib\</path>
         <kind>archive</kind>
         <file>rts6740_elf.lib</file>
         <name>fputs.c.obj</name>
      </input_file>
      <input_file id="fl-3e">
         <path>C:\ti\ccs1110\ccs\tools\compiler\ti-cgt-c6000_8.3.11\lib\</path>
         <kind>archive</kind>
         <file>rts6740_elf.lib</file>
         <name>_io_perm.c.obj</name>
      </input_file>
      <input_file id="fl-3f">
         <path>C:\ti\ccs1110\ccs\tools\compiler\ti-cgt-c6000_8.3.11\lib\</path>
         <kind>archive</kind>
         <file>rts6740_elf.lib</file>
         <name>setvbuf.c.obj</name>
      </input_file>
      <input_file id="fl-40">
         <path>C:\ti\ccs1110\ccs\tools\compiler\ti-cgt-c6000_8.3.11\lib\</path>
         <kind>archive</kind>
         <file>rts6740_elf.lib</file>
         <name>wcslen.c.obj</name>
      </input_file>
      <input_file id="fl-41">
         <path>C:\ti\ccs1110\ccs\tools\compiler\ti-cgt-c6000_8.3.11\lib\</path>
         <kind>archive</kind>
         <file>rts6740_elf.lib</file>
         <name>push.asm.obj</name>
      </input_file>
      <input_file id="fl-42">
         <path>C:\ti\ccs1110\ccs\tools\compiler\ti-cgt-c6000_8.3.11\lib\</path>
         <kind>archive</kind>
         <file>rts6740_elf.lib</file>
         <name>divu.asm.obj</name>
      </input_file>
      <input_file id="fl-43">
         <path>C:\ti\ccs1110\ccs\tools\compiler\ti-cgt-c6000_8.3.11\lib\</path>
         <kind>archive</kind>
         <file>rts6740_elf.lib</file>
         <name>imath40.c.obj</name>
      </input_file>
      <input_file id="fl-44">
         <path>C:\ti\ccs1110\ccs\tools\compiler\ti-cgt-c6000_8.3.11\lib\</path>
         <kind>archive</kind>
         <file>rts6740_elf.lib</file>
         <name>imath64.c.obj</name>
      </input_file>
      <input_file id="fl-45">
         <path>C:\ti\ccs1110\ccs\tools\compiler\ti-cgt-c6000_8.3.11\lib\</path>
         <kind>archive</kind>
         <file>rts6740_elf.lib</file>
         <name>llshift.c.obj</name>
      </input_file>
      <input_file id="fl-46">
         <path>C:\ti\ccs1110\ccs\tools\compiler\ti-cgt-c6000_8.3.11\lib\</path>
         <kind>archive</kind>
         <file>rts6740_elf.lib</file>
         <name>frexp.c.obj</name>
      </input_file>
      <input_file id="fl-47">
         <path>C:\ti\ccs1110\ccs\tools\compiler\ti-cgt-c6000_8.3.11\lib\</path>
         <kind>archive</kind>
         <file>rts6740_elf.lib</file>
         <name>isinf.c.obj</name>
      </input_file>
      <input_file id="fl-48">
         <path>C:\ti\ccs1110\ccs\tools\compiler\ti-cgt-c6000_8.3.11\lib\</path>
         <kind>archive</kind>
         <file>rts6740_elf.lib</file>
         <name>ldexp.c.obj</name>
      </input_file>
      <input_file id="fl-49">
         <path>C:\ti\ccs1110\ccs\tools\compiler\ti-cgt-c6000_8.3.11\lib\</path>
         <kind>archive</kind>
         <file>rts6740_elf.lib</file>
         <name>signbit.c.obj</name>
      </input_file>
      <input_file id="fl-4a">
         <path>C:\ti\ccs1110\ccs\tools\compiler\ti-cgt-c6000_8.3.11\lib\</path>
         <kind>archive</kind>
         <file>rts6740_elf.lib</file>
         <name>divd.c.obj</name>
      </input_file>
      <input_file id="fl-4b">
         <path>C:\ti\ccs1110\ccs\tools\compiler\ti-cgt-c6000_8.3.11\lib\</path>
         <kind>archive</kind>
         <file>rts6740_elf.lib</file>
         <name>frcmpyd_div.c.obj</name>
      </input_file>
      <input_file id="fl-4c">
         <path>C:\ti\ccs1110\ccs\tools\compiler\ti-cgt-c6000_8.3.11\lib\</path>
         <kind>archive</kind>
         <file>rts6740_elf.lib</file>
         <name>_ltoa.c.obj</name>
      </input_file>
      <input_file id="fl-4d">
         <path>C:\ti\ccs1110\ccs\tools\compiler\ti-cgt-c6000_8.3.11\lib\</path>
         <kind>archive</kind>
         <file>rts6740_elf.lib</file>
         <name>atoi.c.obj</name>
      </input_file>
      <input_file id="fl-4e">
         <path>C:\ti\ccs1110\ccs\tools\compiler\ti-cgt-c6000_8.3.11\lib\</path>
         <kind>archive</kind>
         <file>rts6740_elf.lib</file>
         <name>ctype.c.obj</name>
      </input_file>
      <input_file id="fl-4f">
         <path>C:\ti\ccs1110\ccs\tools\compiler\ti-cgt-c6000_8.3.11\lib\</path>
         <kind>archive</kind>
         <file>rts6740_elf.lib</file>
         <name>defs.c.obj</name>
      </input_file>
      <input_file id="fl-50">
         <path>C:\ti\ccs1110\ccs\tools\compiler\ti-cgt-c6000_8.3.11\lib\</path>
         <kind>archive</kind>
         <file>rts6740_elf.lib</file>
         <name>memccpy.c.obj</name>
      </input_file>
      <input_file id="fl-51">
         <path>C:\ti\ccs1110\ccs\tools\compiler\ti-cgt-c6000_8.3.11\lib\</path>
         <kind>archive</kind>
         <file>rts6740_elf.lib</file>
         <name>write.c.obj</name>
      </input_file>
      <input_file id="fl-52">
         <path>C:\ti\ccs1110\ccs\tools\compiler\ti-cgt-c6000_8.3.11\lib\</path>
         <kind>archive</kind>
         <file>rts6740_elf.lib</file>
         <name>llabs.c.obj</name>
      </input_file>
      <input_file id="fl-53">
         <path>C:\ti\ccs1110\ccs\tools\compiler\ti-cgt-c6000_8.3.11\lib\</path>
         <kind>archive</kind>
         <file>rts6740_elf.lib</file>
         <name>errno.c.obj</name>
      </input_file>
      <input_file id="fl-54">
         <path>C:\ti\ccs1110\ccs\tools\compiler\ti-cgt-c6000_8.3.11\lib\</path>
         <kind>archive</kind>
         <file>rts6740_elf.lib</file>
         <name>fflush.c.obj</name>
      </input_file>
      <input_file id="fl-55">
         <path>C:\ti\ccs1110\ccs\tools\compiler\ti-cgt-c6000_8.3.11\lib\</path>
         <kind>archive</kind>
         <file>rts6740_elf.lib</file>
         <name>fopen.c.obj</name>
      </input_file>
      <input_file id="fl-56">
         <path>C:\ti\ccs1110\ccs\tools\compiler\ti-cgt-c6000_8.3.11\lib\</path>
         <kind>archive</kind>
         <file>rts6740_elf.lib</file>
         <name>fseek.c.obj</name>
      </input_file>
      <input_file id="fl-57">
         <path>C:\ti\ccs1110\ccs\tools\compiler\ti-cgt-c6000_8.3.11\lib\</path>
         <kind>archive</kind>
         <file>rts6740_elf.lib</file>
         <name>lseek.c.obj</name>
      </input_file>
      <input_file id="fl-58">
         <path>C:\ti\ccs1110\ccs\tools\compiler\ti-cgt-c6000_8.3.11\lib\</path>
         <kind>archive</kind>
         <file>rts6740_elf.lib</file>
         <name>open.c.obj</name>
      </input_file>
      <input_file id="fl-59">
         <path>C:\ti\ccs1110\ccs\tools\compiler\ti-cgt-c6000_8.3.11\lib\</path>
         <kind>archive</kind>
         <file>rts6740_elf.lib</file>
         <name>hostclose.c.obj</name>
      </input_file>
      <input_file id="fl-5a">
         <path>C:\ti\ccs1110\ccs\tools\compiler\ti-cgt-c6000_8.3.11\lib\</path>
         <kind>archive</kind>
         <file>rts6740_elf.lib</file>
         <name>hostlseek.c.obj</name>
      </input_file>
      <input_file id="fl-5b">
         <path>C:\ti\ccs1110\ccs\tools\compiler\ti-cgt-c6000_8.3.11\lib\</path>
         <kind>archive</kind>
         <file>rts6740_elf.lib</file>
         <name>hostopen.c.obj</name>
      </input_file>
      <input_file id="fl-5c">
         <path>C:\ti\ccs1110\ccs\tools\compiler\ti-cgt-c6000_8.3.11\lib\</path>
         <kind>archive</kind>
         <file>rts6740_elf.lib</file>
         <name>hostread.c.obj</name>
      </input_file>
      <input_file id="fl-5d">
         <path>C:\ti\ccs1110\ccs\tools\compiler\ti-cgt-c6000_8.3.11\lib\</path>
         <kind>archive</kind>
         <file>rts6740_elf.lib</file>
         <name>hostrename.c.obj</name>
      </input_file>
      <input_file id="fl-5e">
         <path>C:\ti\ccs1110\ccs\tools\compiler\ti-cgt-c6000_8.3.11\lib\</path>
         <kind>archive</kind>
         <file>rts6740_elf.lib</file>
         <name>hostunlink.c.obj</name>
      </input_file>
      <input_file id="fl-5f">
         <path>C:\ti\ccs1110\ccs\tools\compiler\ti-cgt-c6000_8.3.11\lib\</path>
         <kind>archive</kind>
         <file>rts6740_elf.lib</file>
         <name>hostwrite.c.obj</name>
      </input_file>
      <input_file id="fl-60">
         <path>C:\ti\ccs1110\ccs\tools\compiler\ti-cgt-c6000_8.3.11\lib\</path>
         <kind>archive</kind>
         <file>rts6740_elf.lib</file>
         <name>trgmsg.c.obj</name>
      </input_file>
      <input_file id="fl-61">
         <path>C:\ti\ccs1110\ccs\tools\compiler\ti-cgt-c6000_8.3.11\lib\</path>
         <kind>archive</kind>
         <file>rts6740_elf.lib</file>
         <name>fclose.c.obj</name>
      </input_file>
      <input_file id="fl-62">
         <path>C:\ti\ccs1110\ccs\tools\compiler\ti-cgt-c6000_8.3.11\lib\</path>
         <kind>archive</kind>
         <file>rts6740_elf.lib</file>
         <name>getdevice.c.obj</name>
      </input_file>
      <input_file id="fl-63">
         <path>C:\ti\ccs1110\ccs\tools\compiler\ti-cgt-c6000_8.3.11\lib\</path>
         <kind>archive</kind>
         <file>rts6740_elf.lib</file>
         <name>close.c.obj</name>
      </input_file>
      <input_file id="fl-64">
         <path>C:\ti\ccs1110\ccs\tools\compiler\ti-cgt-c6000_8.3.11\lib\</path>
         <kind>archive</kind>
         <file>rts6740_elf.lib</file>
         <name>remove.c.obj</name>
      </input_file>
      <input_file id="fl-65">
         <path>C:\ti\ccs1110\ccs\tools\compiler\ti-cgt-c6000_8.3.11\lib\</path>
         <kind>archive</kind>
         <file>rts6740_elf.lib</file>
         <name>unlink.c.obj</name>
      </input_file>
   </input_file_list>
   <object_component_list>
      <object_component id="oc-244">
         <name>.text:__TI_printfi</name>
         <load_address>0x11810000</load_address>
         <run_address>0x11810000</run_address>
         <size>0x2020</size>
         <input_file_ref idref="fl-3b"/>
      </object_component>
      <object_component id="oc-11c">
         <name>.text</name>
         <load_address>0x11812020</load_address>
         <run_address>0x11812020</run_address>
         <size>0x1720</size>
         <input_file_ref idref="fl-2"/>
      </object_component>
      <object_component id="oc-85">
         <name>.text</name>
         <load_address>0x11813740</load_address>
         <run_address>0x11813740</run_address>
         <size>0xc20</size>
         <input_file_ref idref="fl-4"/>
      </object_component>
      <object_component id="oc-128">
         <name>.text</name>
         <load_address>0x11814360</load_address>
         <run_address>0x11814360</run_address>
         <size>0xbc0</size>
         <input_file_ref idref="fl-34"/>
      </object_component>
      <object_component id="oc-2ca">
         <name>.text:_pconv_a</name>
         <load_address>0x11814f20</load_address>
         <run_address>0x11814f20</run_address>
         <size>0x660</size>
         <input_file_ref idref="fl-3b"/>
      </object_component>
      <object_component id="oc-347">
         <name>.text:__c6xabi_divd</name>
         <load_address>0x11815580</load_address>
         <run_address>0x11815580</run_address>
         <size>0x5e0</size>
         <input_file_ref idref="fl-4a"/>
      </object_component>
      <object_component id="oc-1ca">
         <name>.text</name>
         <load_address>0x11815b60</load_address>
         <run_address>0x11815b60</run_address>
         <size>0x540</size>
         <input_file_ref idref="fl-38"/>
      </object_component>
      <object_component id="oc-2b8">
         <name>.text:_pconv_g</name>
         <load_address>0x118160a0</load_address>
         <run_address>0x118160a0</run_address>
         <size>0x400</size>
         <input_file_ref idref="fl-3b"/>
      </object_component>
      <object_component id="oc-3f9">
         <name>.text:free</name>
         <load_address>0x118164a0</load_address>
         <run_address>0x118164a0</run_address>
         <size>0x3c0</size>
         <input_file_ref idref="fl-2f"/>
      </object_component>
      <object_component id="oc-122">
         <name>.text</name>
         <load_address>0x11816860</load_address>
         <run_address>0x11816860</run_address>
         <size>0x3a0</size>
         <input_file_ref idref="fl-36"/>
      </object_component>
      <object_component id="oc-20d">
         <name>.text</name>
         <load_address>0x11816c00</load_address>
         <run_address>0x11816c00</run_address>
         <size>0x3a0</size>
         <input_file_ref idref="fl-37"/>
      </object_component>
      <object_component id="oc-28e">
         <name>.text:fputs</name>
         <load_address>0x11816fa0</load_address>
         <run_address>0x11816fa0</run_address>
         <size>0x2e0</size>
         <input_file_ref idref="fl-3d"/>
      </object_component>
      <object_component id="oc-2c4">
         <name>.text:_pconv_e</name>
         <load_address>0x11817280</load_address>
         <run_address>0x11817280</run_address>
         <size>0x2a0</size>
         <input_file_ref idref="fl-3b"/>
      </object_component>
      <object_component id="oc-360">
         <name>.text:fcvt</name>
         <load_address>0x11817520</load_address>
         <run_address>0x11817520</run_address>
         <size>0x2a0</size>
         <input_file_ref idref="fl-3b"/>
      </object_component>
      <object_component id="oc-2c">
         <name>.text:retain</name>
         <load_address>0x118177c0</load_address>
         <run_address>0x118177c0</run_address>
         <size>0x2a0</size>
         <input_file_ref idref="fl-3"/>
      </object_component>
      <object_component id="oc-332">
         <name>.text:__c6xabi_divull</name>
         <load_address>0x11817a60</load_address>
         <run_address>0x11817a60</run_address>
         <size>0x260</size>
         <input_file_ref idref="fl-44"/>
      </object_component>
      <object_component id="oc-1b6">
         <name>.text</name>
         <load_address>0x11817cc0</load_address>
         <run_address>0x11817cc0</run_address>
         <size>0x220</size>
         <input_file_ref idref="fl-39"/>
      </object_component>
      <object_component id="oc-2a0">
         <name>.text:_ltostr</name>
         <load_address>0x11817ee0</load_address>
         <run_address>0x11817ee0</run_address>
         <size>0x200</size>
         <input_file_ref idref="fl-3b"/>
      </object_component>
      <object_component id="oc-338">
         <name>.text:__c6xabi_divul</name>
         <load_address>0x118180e0</load_address>
         <run_address>0x118180e0</run_address>
         <size>0x1c0</size>
         <input_file_ref idref="fl-43"/>
      </object_component>
      <object_component id="oc-287">
         <name>.text:fputc</name>
         <load_address>0x118182a0</load_address>
         <run_address>0x118182a0</run_address>
         <size>0x1c0</size>
         <input_file_ref idref="fl-3c"/>
      </object_component>
      <object_component id="oc-368">
         <name>.text:frexp</name>
         <load_address>0x11818460</load_address>
         <run_address>0x11818460</run_address>
         <size>0x1c0</size>
         <input_file_ref idref="fl-46"/>
      </object_component>
      <object_component id="oc-1b0">
         <name>.text:malloc</name>
         <load_address>0x11818620</load_address>
         <run_address>0x11818620</run_address>
         <size>0x1c0</size>
         <input_file_ref idref="fl-2f"/>
      </object_component>
      <object_component id="oc-396">
         <name>.text:setvbuf</name>
         <load_address>0x118187e0</load_address>
         <run_address>0x118187e0</run_address>
         <size>0x1c0</size>
         <input_file_ref idref="fl-3f"/>
      </object_component>
      <object_component id="oc-480">
         <name>.text:HOSTrename</name>
         <load_address>0x118189a0</load_address>
         <run_address>0x118189a0</run_address>
         <size>0x1a0</size>
         <input_file_ref idref="fl-5d"/>
      </object_component>
      <object_component id="oc-1aa">
         <name>.text</name>
         <load_address>0x11818b40</load_address>
         <run_address>0x11818b40</run_address>
         <size>0x1a0</size>
         <input_file_ref idref="fl-35"/>
      </object_component>
      <object_component id="oc-36e">
         <name>.text:ldexp</name>
         <load_address>0x11818ce0</load_address>
         <run_address>0x11818ce0</run_address>
         <size>0x180</size>
         <input_file_ref idref="fl-48"/>
      </object_component>
      <object_component id="oc-32">
         <name>.text:retain</name>
         <load_address>0x11818e60</load_address>
         <run_address>0x11818e60</run_address>
         <size>0x180</size>
         <input_file_ref idref="fl-4"/>
      </object_component>
      <object_component id="oc-2be">
         <name>.text:_pconv_f</name>
         <load_address>0x11818fe0</load_address>
         <run_address>0x11818fe0</run_address>
         <size>0x120</size>
         <input_file_ref idref="fl-3b"/>
      </object_component>
      <object_component id="oc-4ca">
         <name>.text:getdevice</name>
         <load_address>0x11819100</load_address>
         <run_address>0x11819100</run_address>
         <size>0x120</size>
         <input_file_ref idref="fl-62"/>
      </object_component>
      <object_component id="oc-453">
         <name>.text:__TI_closefile</name>
         <load_address>0x11819220</load_address>
         <run_address>0x11819220</run_address>
         <size>0x100</size>
         <input_file_ref idref="fl-61"/>
      </object_component>
      <object_component id="oc-4a">
         <name>.text:__TI_decompress_rle_core</name>
         <load_address>0x11819320</load_address>
         <run_address>0x11819320</run_address>
         <size>0x100</size>
         <input_file_ref idref="fl-2c"/>
      </object_component>
      <object_component id="oc-359">
         <name>.text:_mcpy</name>
         <load_address>0x11819420</load_address>
         <run_address>0x11819420</run_address>
         <size>0x100</size>
         <input_file_ref idref="fl-3b"/>
      </object_component>
      <object_component id="oc-29a">
         <name>.text:atoi</name>
         <load_address>0x11819520</load_address>
         <run_address>0x11819520</run_address>
         <size>0x100</size>
         <input_file_ref idref="fl-4d"/>
      </object_component>
      <object_component id="oc-390">
         <name>.text:fseek</name>
         <load_address>0x11819620</load_address>
         <run_address>0x11819620</run_address>
         <size>0x100</size>
         <input_file_ref idref="fl-56"/>
      </object_component>
      <object_component id="oc-474">
         <name>.text:HOSTlseek</name>
         <load_address>0x11819720</load_address>
         <run_address>0x11819720</run_address>
         <size>0xe0</size>
         <input_file_ref idref="fl-5a"/>
      </object_component>
      <object_component id="oc-45c">
         <name>.text:HOSTopen</name>
         <load_address>0x11819800</load_address>
         <run_address>0x11819800</run_address>
         <size>0xe0</size>
         <input_file_ref idref="fl-5b"/>
      </object_component>
      <object_component id="oc-46e">
         <name>.text:HOSTwrite</name>
         <load_address>0x118198e0</load_address>
         <run_address>0x118198e0</run_address>
         <size>0xe0</size>
         <input_file_ref idref="fl-5f"/>
      </object_component>
      <object_component id="oc-34d">
         <name>.text:__TI_ltoa</name>
         <load_address>0x118199c0</load_address>
         <run_address>0x118199c0</run_address>
         <size>0xe0</size>
         <input_file_ref idref="fl-4c"/>
      </object_component>
      <object_component id="oc-316">
         <name>.text:__TI_wrt_ok</name>
         <load_address>0x11819aa0</load_address>
         <run_address>0x11819aa0</run_address>
         <size>0xe0</size>
         <input_file_ref idref="fl-3e"/>
      </object_component>
      <object_component id="oc-49d">
         <name>.text:close</name>
         <load_address>0x11819b80</load_address>
         <run_address>0x11819b80</run_address>
         <size>0xe0</size>
         <input_file_ref idref="fl-63"/>
      </object_component>
      <object_component id="oc-68">
         <name>.text:exit</name>
         <load_address>0x11819c60</load_address>
         <run_address>0x11819c60</run_address>
         <size>0xe0</size>
         <input_file_ref idref="fl-2e"/>
      </object_component>
      <object_component id="oc-a6">
         <name>.text:memset</name>
         <load_address>0x11819d40</load_address>
         <run_address>0x11819d40</run_address>
         <size>0xe0</size>
         <input_file_ref idref="fl-25"/>
      </object_component>
      <object_component id="oc-1c4">
         <name>.text:printf</name>
         <load_address>0x11819e20</load_address>
         <run_address>0x11819e20</run_address>
         <size>0xe0</size>
         <input_file_ref idref="fl-3a"/>
      </object_component>
      <object_component id="oc-468">
         <name>.text:HOSTread</name>
         <load_address>0x11819f00</load_address>
         <run_address>0x11819f00</run_address>
         <size>0xc0</size>
         <input_file_ref idref="fl-5c"/>
      </object_component>
      <object_component id="oc-47a">
         <name>.text:HOSTunlink</name>
         <load_address>0x11819fc0</load_address>
         <run_address>0x11819fc0</run_address>
         <size>0xc0</size>
         <input_file_ref idref="fl-5e"/>
      </object_component>
      <object_component id="oc-ce">
         <name>.text:__TI_auto_init_nobinit_nopinit:__TI_auto_init_nobinit_nopinit</name>
         <load_address>0x1181a080</load_address>
         <run_address>0x1181a080</run_address>
         <size>0xc0</size>
         <input_file_ref idref="fl-26"/>
      </object_component>
      <object_component id="oc-31c">
         <name>.text:__TI_doflush</name>
         <load_address>0x1181a140</load_address>
         <run_address>0x1181a140</run_address>
         <size>0xc0</size>
         <input_file_ref idref="fl-54"/>
      </object_component>
      <object_component id="oc-33e">
         <name>.text:__divu</name>
         <load_address>0x1181a200</load_address>
         <run_address>0x1181a200</run_address>
         <size>0xc0</size>
         <input_file_ref idref="fl-42"/>
      </object_component>
      <object_component id="oc-21e">
         <name>.text:mremove</name>
         <load_address>0x1181a2c0</load_address>
         <run_address>0x1181a2c0</run_address>
         <size>0xc0</size>
         <input_file_ref idref="fl-2f"/>
      </object_component>
      <object_component id="oc-17b">
         <name>.text:tls:init:__TI_tls_init</name>
         <load_address>0x1181a380</load_address>
         <run_address>0x1181a380</run_address>
         <size>0xc0</size>
         <input_file_ref idref="fl-2d"/>
      </object_component>
      <object_component id="oc-462">
         <name>.text:HOSTclose</name>
         <load_address>0x1181a440</load_address>
         <run_address>0x1181a440</run_address>
         <size>0xa0</size>
         <input_file_ref idref="fl-59"/>
      </object_component>
      <object_component id="oc-3ff">
         <name>.text:__TI_cleanup</name>
         <load_address>0x1181a4e0</load_address>
         <run_address>0x1181a4e0</run_address>
         <size>0xa0</size>
         <input_file_ref idref="fl-55"/>
      </object_component>
      <object_component id="oc-353">
         <name>.text:_ecpy</name>
         <load_address>0x1181a580</load_address>
         <run_address>0x1181a580</run_address>
         <size>0xa0</size>
         <input_file_ref idref="fl-3b"/>
      </object_component>
      <object_component id="oc-4ea">
         <name>.text:finddevice</name>
         <load_address>0x1181a620</load_address>
         <run_address>0x1181a620</run_address>
         <size>0xa0</size>
         <input_file_ref idref="fl-62"/>
      </object_component>
      <object_component id="oc-3e">
         <name>.text:memcpy</name>
         <load_address>0x1181a6c0</load_address>
         <run_address>0x1181a6c0</run_address>
         <size>0xa0</size>
         <input_file_ref idref="fl-33"/>
      </object_component>
      <object_component id="oc-224">
         <name>.text:minsert</name>
         <load_address>0x1181a760</load_address>
         <run_address>0x1181a760</run_address>
         <size>0xa0</size>
         <input_file_ref idref="fl-2f"/>
      </object_component>
      <object_component id="oc-4b5">
         <name>.text:__TI_readmsg</name>
         <load_address>0x1181a800</load_address>
         <run_address>0x1181a800</run_address>
         <size>0x80</size>
         <input_file_ref idref="fl-60"/>
      </object_component>
      <object_component id="oc-3ae">
         <name>.text:__c6xabi_llshl</name>
         <load_address>0x1181a880</load_address>
         <run_address>0x1181a880</run_address>
         <size>0x80</size>
         <input_file_ref idref="fl-45"/>
      </object_component>
      <object_component id="oc-21">
         <name>.text:_c_int00</name>
         <load_address>0x1181a900</load_address>
         <run_address>0x1181a900</run_address>
         <size>0x80</size>
         <input_file_ref idref="fl-24"/>
      </object_component>
      <object_component id="oc-4a3">
         <name>.text:unlink</name>
         <load_address>0x1181a980</load_address>
         <run_address>0x1181a980</run_address>
         <size>0x80</size>
         <input_file_ref idref="fl-65"/>
      </object_component>
      <object_component id="oc-4af">
         <name>.text:__TI_writemsg</name>
         <load_address>0x1181aa00</load_address>
         <run_address>0x1181aa00</run_address>
         <size>0x60</size>
         <input_file_ref idref="fl-60"/>
      </object_component>
      <object_component id="oc-3ba">
         <name>.text:__c6xabi_llshru</name>
         <load_address>0x1181aa60</load_address>
         <run_address>0x1181aa60</run_address>
         <size>0x60</size>
         <input_file_ref idref="fl-45"/>
      </object_component>
      <object_component id="oc-3b4">
         <name>.text:_subcull</name>
         <load_address>0x1181aac0</load_address>
         <run_address>0x1181aac0</run_address>
         <size>0x60</size>
         <input_file_ref idref="fl-44"/>
      </object_component>
      <object_component id="oc-3f1">
         <name>.text:lseek</name>
         <load_address>0x1181ab20</load_address>
         <run_address>0x1181ab20</run_address>
         <size>0x60</size>
         <input_file_ref idref="fl-57"/>
      </object_component>
      <object_component id="oc-2d0">
         <name>.text:memccpy</name>
         <load_address>0x1181ab80</load_address>
         <run_address>0x1181ab80</run_address>
         <size>0x60</size>
         <input_file_ref idref="fl-50"/>
      </object_component>
      <object_component id="oc-322">
         <name>.text:write</name>
         <load_address>0x1181abe0</load_address>
         <run_address>0x1181abe0</run_address>
         <size>0x60</size>
         <input_file_ref idref="fl-51"/>
      </object_component>
      <object_component id="oc-ba">
         <name>.text</name>
         <load_address>0x1181ac40</load_address>
         <run_address>0x1181ac40</run_address>
         <size>0x40</size>
         <input_file_ref idref="fl-3"/>
      </object_component>
      <object_component id="oc-3c5">
         <name>.text:__TI_frcmpyd_div</name>
         <load_address>0x1181ac80</load_address>
         <run_address>0x1181ac80</run_address>
         <size>0x40</size>
         <input_file_ref idref="fl-4b"/>
      </object_component>
      <object_component id="oc-2ac">
         <name>.text:__c6xabi_isinf</name>
         <load_address>0x1181acc0</load_address>
         <run_address>0x1181acc0</run_address>
         <size>0x40</size>
         <input_file_ref idref="fl-47"/>
      </object_component>
      <object_component id="oc-2a6">
         <name>.text:__c6xabi_isnan</name>
         <load_address>0x1181ad00</load_address>
         <run_address>0x1181ad00</run_address>
         <size>0x40</size>
         <input_file_ref idref="fl-3b"/>
      </object_component>
      <object_component id="oc-62">
         <name>.text:_args_main</name>
         <load_address>0x1181ad40</load_address>
         <run_address>0x1181ad40</run_address>
         <size>0x40</size>
         <input_file_ref idref="fl-31"/>
      </object_component>
      <object_component id="oc-2d6">
         <name>.text:wcslen</name>
         <load_address>0x1181ad80</load_address>
         <run_address>0x1181ad80</run_address>
         <size>0x40</size>
         <input_file_ref idref="fl-40"/>
      </object_component>
      <object_component id="oc-2dc">
         <name>.text:__c6xabi_errno_addr</name>
         <load_address>0x1181adc0</load_address>
         <run_address>0x1181adc0</run_address>
         <size>0x20</size>
         <input_file_ref idref="fl-53"/>
      </object_component>
      <object_component id="oc-2e2">
         <name>.text:__pop_rts</name>
         <load_address>0x1181ade0</load_address>
         <run_address>0x1181ade0</run_address>
         <size>0x20</size>
         <input_file_ref idref="fl-41"/>
      </object_component>
      <object_component id="oc-295">
         <name>.text:__push_rts</name>
         <load_address>0x1181ae00</load_address>
         <run_address>0x1181ae00</run_address>
         <size>0x20</size>
         <input_file_ref idref="fl-41"/>
      </object_component>
      <object_component id="oc-274">
         <name>.text:_nop</name>
         <load_address>0x1181ae20</load_address>
         <run_address>0x1181ae20</run_address>
         <size>0x20</size>
         <input_file_ref idref="fl-30"/>
      </object_component>
      <object_component id="oc-238">
         <name>.text:_outc</name>
         <load_address>0x1181ae40</load_address>
         <run_address>0x1181ae40</run_address>
         <size>0x20</size>
         <input_file_ref idref="fl-3a"/>
      </object_component>
      <object_component id="oc-23e">
         <name>.text:_outs</name>
         <load_address>0x1181ae60</load_address>
         <run_address>0x1181ae60</run_address>
         <size>0x20</size>
         <input_file_ref idref="fl-3a"/>
      </object_component>
      <object_component id="oc-2b2">
         <name>.text:_signbit</name>
         <load_address>0x1181ae80</load_address>
         <run_address>0x1181ae80</run_address>
         <size>0x20</size>
         <input_file_ref idref="fl-49"/>
      </object_component>
      <object_component id="oc-175">
         <name>.text:_system_post_cinit</name>
         <load_address>0x1181aea0</load_address>
         <run_address>0x1181aea0</run_address>
         <size>0x20</size>
         <input_file_ref idref="fl-28"/>
      </object_component>
      <object_component id="oc-6e">
         <name>.text:_system_pre_init</name>
         <load_address>0x1181aec0</load_address>
         <run_address>0x1181aec0</run_address>
         <size>0x20</size>
         <input_file_ref idref="fl-27"/>
      </object_component>
      <object_component id="oc-c5">
         <name>.text:abort</name>
         <load_address>0x1181aee0</load_address>
         <run_address>0x1181aee0</run_address>
         <size>0x20</size>
         <input_file_ref idref="fl-2e"/>
      </object_component>
      <object_component id="oc-14">
         <name>.text:decompress:none:__TI_decompress_none</name>
         <load_address>0x1181af00</load_address>
         <run_address>0x1181af00</run_address>
         <size>0x20</size>
         <input_file_ref idref="fl-2b"/>
      </object_component>
      <object_component id="oc-1a">
         <name>.text:decompress:rle24:__TI_decompress_rle24</name>
         <load_address>0x1181af20</load_address>
         <run_address>0x1181af20</run_address>
         <size>0x20</size>
         <input_file_ref idref="fl-2c"/>
      </object_component>
      <object_component id="oc-75">
         <name>.text</name>
         <load_address>0x1181af40</load_address>
         <run_address>0x1181af40</run_address>
         <size>0x20</size>
         <input_file_ref idref="fl-5"/>
      </object_component>
      <object_component id="oc-32d">
         <name>.const:.string:_ctypes_</name>
         <load_address>0x1181de00</load_address>
         <run_address>0x1181de00</run_address>
         <size>0x101</size>
         <input_file_ref idref="fl-4e"/>
      </object_component>
      <object_component id="oc-1be">
         <name>.const:bitval_u32</name>
         <load_address>0x1181df08</load_address>
         <run_address>0x1181df08</run_address>
         <size>0x80</size>
         <input_file_ref idref="fl-34"/>
      </object_component>
      <object_component id="oc-1c3">
         <name>.const:.string</name>
         <load_address>0x1181df88</load_address>
         <run_address>0x1181df88</run_address>
         <size>0x40</size>
         <input_file_ref idref="fl-34"/>
      </object_component>
      <object_component id="oc-2e7">
         <name>.const:.string</name>
         <load_address>0x1181dfc8</load_address>
         <run_address>0x1181dfc8</run_address>
         <size>0x24</size>
         <input_file_ref idref="fl-3b"/>
      </object_component>
      <object_component id="oc-91">
         <name>.neardata</name>
         <load_address>0x1181db38</load_address>
         <run_address>0x1181db38</run_address>
         <size>0x30</size>
         <input_file_ref idref="fl-4"/>
      </object_component>
      <object_component id="oc-80">
         <name>.neardata</name>
         <load_address>0x1181db68</load_address>
         <run_address>0x1181db68</run_address>
         <size>0x2c</size>
         <input_file_ref idref="fl-3"/>
      </object_component>
      <object_component id="oc-1a7">
         <name>.neardata</name>
         <load_address>0x1181db94</load_address>
         <run_address>0x1181db94</run_address>
         <size>0x8</size>
         <input_file_ref idref="fl-2"/>
      </object_component>
      <object_component id="oc-19d">
         <name>.bss</name>
         <uninitialized>true</uninitialized>
         <run_address>0x1181db9c</run_address>
         <size>0x4</size>
         <input_file_ref idref="fl-2"/>
      </object_component>
      <object_component id="oc-268">
         <name>.bss</name>
         <uninitialized>true</uninitialized>
         <run_address>0x1181dba0</run_address>
         <size>0x4</size>
         <input_file_ref idref="fl-37"/>
      </object_component>
      <object_component id="oc-1a2">
         <name>.common:pingIN</name>
         <uninitialized>true</uninitialized>
         <run_address>0x1181dbb4</run_address>
         <size>0x4</size>
      </object_component>
      <object_component id="oc-1a0">
         <name>.common:pingOUT</name>
         <uninitialized>true</uninitialized>
         <run_address>0x1181dbb8</run_address>
         <size>0x4</size>
      </object_component>
      <object_component id="oc-1a3">
         <name>.common:pongIN</name>
         <uninitialized>true</uninitialized>
         <run_address>0x1181dbbc</run_address>
         <size>0x4</size>
      </object_component>
      <object_component id="oc-1a1">
         <name>.common:pongOUT</name>
         <uninitialized>true</uninitialized>
         <run_address>0x1181dbc0</run_address>
         <size>0x4</size>
      </object_component>
      <object_component id="oc-7f">
         <name>.common:floatCodecInputR</name>
         <uninitialized>true</uninitialized>
         <run_address>0x1181dba8</run_address>
         <size>0x4</size>
      </object_component>
      <object_component id="oc-7c">
         <name>.common:floatCodecInputL</name>
         <uninitialized>true</uninitialized>
         <run_address>0x1181dba4</run_address>
         <size>0x4</size>
      </object_component>
      <object_component id="oc-84">
         <name>.common:floatCodecOutputR</name>
         <uninitialized>true</uninitialized>
         <run_address>0x1181dbb0</run_address>
         <size>0x4</size>
      </object_component>
      <object_component id="oc-83">
         <name>.common:floatCodecOutputL</name>
         <uninitialized>true</uninitialized>
         <run_address>0x1181dbac</run_address>
         <size>0x4</size>
      </object_component>
      <object_component id="oc-19c">
         <name>.common:AIC31_data</name>
         <uninitialized>true</uninitialized>
         <run_address>0x1181b0a8</run_address>
         <size>0x4</size>
      </object_component>
      <object_component id="oc-4a9">
         <name>.common:__TI_tmpnams</name>
         <uninitialized>true</uninitialized>
         <run_address>0x1181af60</run_address>
         <size>0x140</size>
      </object_component>
      <object_component id="oc-4ac">
         <name>.common:parmbuf</name>
         <uninitialized>true</uninitialized>
         <run_address>0x1181b0a0</run_address>
         <size>0x8</size>
      </object_component>
      <object_component id="oc-135">
         <name>.fardata:gGraphBuff1</name>
         <load_address>0x1181b0b0</load_address>
         <run_address>0x1181b0b0</run_address>
         <size>0xfa0</size>
         <input_file_ref idref="fl-4"/>
      </object_component>
      <object_component id="oc-138">
         <name>.fardata:gGraphBuff2</name>
         <load_address>0x1181c050</load_address>
         <run_address>0x1181c050</run_address>
         <size>0xfa0</size>
         <input_file_ref idref="fl-4"/>
      </object_component>
      <object_component id="oc-235">
         <name>.fardata:_ftable</name>
         <load_address>0x1181cff0</load_address>
         <run_address>0x1181cff0</run_address>
         <size>0x1e0</size>
         <input_file_ref idref="fl-4f"/>
      </object_component>
      <object_component id="oc-3a0">
         <name>.fardata:_stream</name>
         <load_address>0x1181d1d0</load_address>
         <run_address>0x1181d1d0</run_address>
         <size>0xa0</size>
         <input_file_ref idref="fl-51"/>
      </object_component>
      <object_component id="oc-410">
         <name>.fardata:_device</name>
         <load_address>0x1181d270</load_address>
         <run_address>0x1181d270</run_address>
         <size>0x78</size>
         <input_file_ref idref="fl-51"/>
      </object_component>
      <object_component id="oc-94">
         <name>.fardata:gTrimmer</name>
         <load_address>0x1181d2e8</load_address>
         <run_address>0x1181d2e8</run_address>
         <size>0x14</size>
         <input_file_ref idref="fl-4"/>
      </object_component>
      <object_component id="oc-c2">
         <name>.fardata</name>
         <load_address>0x1181d2fc</load_address>
         <run_address>0x1181d2fc</run_address>
         <size>0xc</size>
         <input_file_ref idref="fl-2e"/>
      </object_component>
      <object_component id="oc-12f">
         <name>.fardata:pb_user1_deb_stat</name>
         <load_address>0x1181d308</load_address>
         <run_address>0x1181d308</run_address>
         <size>0x8</size>
         <input_file_ref idref="fl-4"/>
      </object_component>
      <object_component id="oc-132">
         <name>.fardata:pb_user2_deb_stat</name>
         <load_address>0x1181d310</load_address>
         <run_address>0x1181d310</run_address>
         <size>0x8</size>
         <input_file_ref idref="fl-4"/>
      </object_component>
      <object_component id="oc-218">
         <name>.fardata</name>
         <load_address>0x1181d318</load_address>
         <run_address>0x1181d318</run_address>
         <size>0x8</size>
         <input_file_ref idref="fl-2f"/>
      </object_component>
      <object_component id="oc-215">
         <name>.fardata:_lock</name>
         <load_address>0x1181d320</load_address>
         <run_address>0x1181d320</run_address>
         <size>0x4</size>
         <input_file_ref idref="fl-30"/>
      </object_component>
      <object_component id="oc-21b">
         <name>.fardata:_unlock</name>
         <load_address>0x1181d324</load_address>
         <run_address>0x1181d324</run_address>
         <size>0x4</size>
         <input_file_ref idref="fl-30"/>
      </object_component>
      <object_component id="oc-450">
         <name>.fardata</name>
         <load_address>0x1181d328</load_address>
         <run_address>0x1181d328</run_address>
         <size>0x4</size>
         <input_file_ref idref="fl-4f"/>
      </object_component>
      <object_component id="oc-37e">
         <name>.fardata</name>
         <load_address>0x1181d32c</load_address>
         <run_address>0x1181d32c</run_address>
         <size>0x4</size>
         <input_file_ref idref="fl-53"/>
      </object_component>
      <object_component id="oc-1a4">
         <name>.fardata:sreg</name>
         <load_address>0x1181d330</load_address>
         <run_address>0x1181d330</run_address>
         <size>0x4</size>
         <input_file_ref idref="fl-2"/>
      </object_component>
      <object_component id="oc-2e8">
         <name>.switch:__TI_printfi</name>
         <load_address>0x1181e110</load_address>
         <run_address>0x1181e110</run_address>
         <size>0x38</size>
         <input_file_ref idref="fl-3b"/>
      </object_component>
      <object_component id="oc-1bd">
         <name>.switch:getRegisterBankAndBit</name>
         <load_address>0x1181e148</load_address>
         <run_address>0x1181e148</run_address>
         <size>0x24</size>
         <input_file_ref idref="fl-36"/>
      </object_component>
      <object_component id="oc-12e">
         <name>.switch:DLU_toggleLedD</name>
         <load_address>0x1181e16c</load_address>
         <run_address>0x1181e16c</run_address>
         <size>0x10</size>
         <input_file_ref idref="fl-4"/>
      </object_component>
      <object_component id="oc-38">
         <name>.stack</name>
         <uninitialized>true</uninitialized>
         <run_address>0x1181d338</run_address>
         <size>0x8</size>
         <input_file_ref idref="fl-24"/>
      </object_component>
      <object_component id="oc-529">
         <name>.stack</name>
         <uninitialized>true</uninitialized>
         <run_address>0x1181d338</run_address>
         <size>0x0</size>
      </object_component>
      <object_component id="oc-528">
         <name>.cinit..fardata.load</name>
         <load_address>0x1181e180</load_address>
         <run_address>0x1181e180</run_address>
         <size>0x87</size>
      </object_component>
      <object_component id="oc-525">
         <name>.cinit..neardata.load</name>
         <load_address>0x1181e207</load_address>
         <run_address>0x1181e207</run_address>
         <size>0x1f</size>
      </object_component>
      <object_component id="oc-527">
         <name>.cinit..far.load</name>
         <load_address>0x1181e226</load_address>
         <run_address>0x1181e226</run_address>
         <size>0xb</size>
      </object_component>
      <object_component id="oc-526">
         <name>.cinit..bss.load</name>
         <load_address>0x1181e231</load_address>
         <run_address>0x1181e231</run_address>
         <size>0x9</size>
      </object_component>
      <object_component id="oc-523">
         <name>__TI_handler_table</name>
         <load_address>0x1181e23c</load_address>
         <run_address>0x1181e23c</run_address>
         <size>0x8</size>
      </object_component>
      <object_component id="oc-524">
         <name>__TI_cinit_table</name>
         <load_address>0x1181e248</load_address>
         <run_address>0x1181e248</run_address>
         <size>0x20</size>
      </object_component>
      <object_component id="oc-3b">
         <name>.sysmem</name>
         <uninitialized>true</uninitialized>
         <run_address>0x11800000</run_address>
         <size>0x8</size>
         <input_file_ref idref="fl-2f"/>
      </object_component>
      <object_component id="oc-52a">
         <name>.sysmem</name>
         <uninitialized>true</uninitialized>
         <run_address>0x11800000</run_address>
         <size>0x0</size>
      </object_component>
      <object_component id="oc-4d6">
         <name>.cio</name>
         <uninitialized>true</uninitialized>
         <run_address>0x1181dff0</run_address>
         <size>0x120</size>
         <input_file_ref idref="fl-60"/>
      </object_component>
      <object_component id="oc-22">
         <name>.vecs</name>
         <load_address>0x1181dc00</load_address>
         <run_address>0x1181dc00</run_address>
         <size>0x200</size>
         <input_file_ref idref="fl-5"/>
      </object_component>
      <object_component id="oc-19a">
         <name>.debug_info</name>
         <load_address>0x0</load_address>
         <run_address>0x0</run_address>
         <size>0x918</size>
         <input_file_ref idref="fl-2"/>
      </object_component>
      <object_component id="oc-19e">
         <name>.debug_info</name>
         <load_address>0x918</load_address>
         <run_address>0x918</run_address>
         <size>0xfe</size>
         <input_file_ref idref="fl-2"/>
      </object_component>
      <object_component id="oc-1a8">
         <name>.debug_info</name>
         <load_address>0xa16</load_address>
         <run_address>0xa16</run_address>
         <size>0x120</size>
         <input_file_ref idref="fl-2"/>
      </object_component>
      <object_component id="oc-1a5">
         <name>.debug_info</name>
         <load_address>0xb36</load_address>
         <run_address>0xb36</run_address>
         <size>0xff</size>
         <input_file_ref idref="fl-2"/>
      </object_component>
      <object_component id="oc-120">
         <name>.debug_info</name>
         <load_address>0xc35</load_address>
         <run_address>0xc35</run_address>
         <size>0x1e8d</size>
         <input_file_ref idref="fl-2"/>
      </object_component>
      <object_component id="oc-101">
         <name>.debug_info</name>
         <load_address>0x2ac2</load_address>
         <run_address>0x2ac2</run_address>
         <size>0xca</size>
         <input_file_ref idref="fl-2"/>
      </object_component>
      <object_component id="oc-26d">
         <name>.debug_info</name>
         <load_address>0x2b8c</load_address>
         <run_address>0x2b8c</run_address>
         <size>0x217</size>
         <input_file_ref idref="fl-2"/>
      </object_component>
      <object_component id="oc-1fd">
         <name>.debug_info</name>
         <load_address>0x2da3</load_address>
         <run_address>0x2da3</run_address>
         <size>0x277</size>
         <input_file_ref idref="fl-2"/>
      </object_component>
      <object_component id="oc-106">
         <name>.debug_info</name>
         <load_address>0x301a</load_address>
         <run_address>0x301a</run_address>
         <size>0x26b</size>
         <input_file_ref idref="fl-2"/>
      </object_component>
      <object_component id="oc-230">
         <name>.debug_info</name>
         <load_address>0x3285</load_address>
         <run_address>0x3285</run_address>
         <size>0xfe</size>
         <input_file_ref idref="fl-2"/>
      </object_component>
      <object_component id="oc-10b">
         <name>.debug_info</name>
         <load_address>0x3383</load_address>
         <run_address>0x3383</run_address>
         <size>0x5e</size>
         <input_file_ref idref="fl-2"/>
      </object_component>
      <object_component id="oc-206">
         <name>.debug_info</name>
         <load_address>0x33e1</load_address>
         <run_address>0x33e1</run_address>
         <size>0x1c7</size>
         <input_file_ref idref="fl-2"/>
      </object_component>
      <object_component id="oc-8c">
         <name>.debug_info</name>
         <load_address>0x35a8</load_address>
         <run_address>0x35a8</run_address>
         <size>0xc0</size>
         <input_file_ref idref="fl-2"/>
      </object_component>
      <object_component id="oc-195">
         <name>.debug_info</name>
         <load_address>0x3668</load_address>
         <run_address>0x3668</run_address>
         <size>0x275</size>
         <input_file_ref idref="fl-2"/>
      </object_component>
      <object_component id="oc-13d">
         <name>.debug_info</name>
         <load_address>0x38dd</load_address>
         <run_address>0x38dd</run_address>
         <size>0xcc</size>
         <input_file_ref idref="fl-2"/>
      </object_component>
      <object_component id="oc-115">
         <name>.debug_info</name>
         <load_address>0x39a9</load_address>
         <run_address>0x39a9</run_address>
         <size>0x39</size>
         <input_file_ref idref="fl-2"/>
      </object_component>
      <object_component id="oc-2eb">
         <name>.debug_info</name>
         <load_address>0x39e2</load_address>
         <run_address>0x39e2</run_address>
         <size>0x2c</size>
         <input_file_ref idref="fl-2"/>
      </object_component>
      <object_component id="oc-7d">
         <name>.debug_info</name>
         <load_address>0x3a0e</load_address>
         <run_address>0x3a0e</run_address>
         <size>0xb75</size>
         <input_file_ref idref="fl-3"/>
      </object_component>
      <object_component id="oc-81">
         <name>.debug_info</name>
         <load_address>0x4583</load_address>
         <run_address>0x4583</run_address>
         <size>0x2de</size>
         <input_file_ref idref="fl-3"/>
      </object_component>
      <object_component id="oc-2d">
         <name>.debug_info</name>
         <load_address>0x4861</load_address>
         <run_address>0x4861</run_address>
         <size>0x2ce</size>
         <input_file_ref idref="fl-3"/>
      </object_component>
      <object_component id="oc-bb">
         <name>.debug_info</name>
         <load_address>0x4b2f</load_address>
         <run_address>0x4b2f</run_address>
         <size>0x15d</size>
         <input_file_ref idref="fl-3"/>
      </object_component>
      <object_component id="oc-110">
         <name>.debug_info</name>
         <load_address>0x4c8c</load_address>
         <run_address>0x4c8c</run_address>
         <size>0x2c</size>
         <input_file_ref idref="fl-3"/>
      </object_component>
      <object_component id="oc-13c">
         <name>.debug_info</name>
         <load_address>0x4cb8</load_address>
         <run_address>0x4cb8</run_address>
         <size>0x8a6</size>
         <input_file_ref idref="fl-4"/>
      </object_component>
      <object_component id="oc-92">
         <name>.debug_info</name>
         <load_address>0x555e</load_address>
         <run_address>0x555e</run_address>
         <size>0x347</size>
         <input_file_ref idref="fl-4"/>
      </object_component>
      <object_component id="oc-95">
         <name>.debug_info</name>
         <load_address>0x58a5</load_address>
         <run_address>0x58a5</run_address>
         <size>0x10c</size>
         <input_file_ref idref="fl-4"/>
      </object_component>
      <object_component id="oc-130">
         <name>.debug_info</name>
         <load_address>0x59b1</load_address>
         <run_address>0x59b1</run_address>
         <size>0x11e</size>
         <input_file_ref idref="fl-4"/>
      </object_component>
      <object_component id="oc-133">
         <name>.debug_info</name>
         <load_address>0x5acf</load_address>
         <run_address>0x5acf</run_address>
         <size>0x11e</size>
         <input_file_ref idref="fl-4"/>
      </object_component>
      <object_component id="oc-136">
         <name>.debug_info</name>
         <load_address>0x5bed</load_address>
         <run_address>0x5bed</run_address>
         <size>0x112</size>
         <input_file_ref idref="fl-4"/>
      </object_component>
      <object_component id="oc-139">
         <name>.debug_info</name>
         <load_address>0x5cff</load_address>
         <run_address>0x5cff</run_address>
         <size>0x112</size>
         <input_file_ref idref="fl-4"/>
      </object_component>
      <object_component id="oc-86">
         <name>.debug_info</name>
         <load_address>0x5e11</load_address>
         <run_address>0x5e11</run_address>
         <size>0x2c46</size>
         <input_file_ref idref="fl-4"/>
      </object_component>
      <object_component id="oc-33">
         <name>.debug_info</name>
         <load_address>0x8a57</load_address>
         <run_address>0x8a57</run_address>
         <size>0x237</size>
         <input_file_ref idref="fl-4"/>
      </object_component>
      <object_component id="oc-146">
         <name>.debug_info</name>
         <load_address>0x8c8e</load_address>
         <run_address>0x8c8e</run_address>
         <size>0xd0</size>
         <input_file_ref idref="fl-4"/>
      </object_component>
      <object_component id="oc-1dc">
         <name>.debug_info</name>
         <load_address>0x8d5e</load_address>
         <run_address>0x8d5e</run_address>
         <size>0x35</size>
         <input_file_ref idref="fl-4"/>
      </object_component>
      <object_component id="oc-76">
         <name>.debug_info</name>
         <load_address>0x8d93</load_address>
         <run_address>0x8d93</run_address>
         <size>0x13a</size>
         <input_file_ref idref="fl-5"/>
      </object_component>
      <object_component id="oc-23">
         <name>.debug_info</name>
         <load_address>0x8ecd</load_address>
         <run_address>0x8ecd</run_address>
         <size>0x13a</size>
         <input_file_ref idref="fl-5"/>
      </object_component>
      <object_component id="oc-9a">
         <name>.debug_info</name>
         <load_address>0x9007</load_address>
         <run_address>0x9007</run_address>
         <size>0x5df</size>
         <input_file_ref idref="fl-24"/>
      </object_component>
      <object_component id="oc-39">
         <name>.debug_info</name>
         <load_address>0x95e6</load_address>
         <run_address>0x95e6</run_address>
         <size>0xf6</size>
         <input_file_ref idref="fl-24"/>
      </object_component>
      <object_component id="oc-28">
         <name>.debug_info</name>
         <load_address>0x96dc</load_address>
         <run_address>0x96dc</run_address>
         <size>0x183</size>
         <input_file_ref idref="fl-24"/>
      </object_component>
      <object_component id="oc-15a">
         <name>.debug_info</name>
         <load_address>0x985f</load_address>
         <run_address>0x985f</run_address>
         <size>0x564</size>
         <input_file_ref idref="fl-25"/>
      </object_component>
      <object_component id="oc-a7">
         <name>.debug_info</name>
         <load_address>0x9dc3</load_address>
         <run_address>0x9dc3</run_address>
         <size>0x22a</size>
         <input_file_ref idref="fl-25"/>
      </object_component>
      <object_component id="oc-15b">
         <name>.debug_info</name>
         <load_address>0x9fed</load_address>
         <run_address>0x9fed</run_address>
         <size>0x2c</size>
         <input_file_ref idref="fl-25"/>
      </object_component>
      <object_component id="oc-182">
         <name>.debug_info</name>
         <load_address>0xa019</load_address>
         <run_address>0xa019</run_address>
         <size>0x7c4</size>
         <input_file_ref idref="fl-26"/>
      </object_component>
      <object_component id="oc-d0">
         <name>.debug_info</name>
         <load_address>0xa7dd</load_address>
         <run_address>0xa7dd</run_address>
         <size>0x1b0</size>
         <input_file_ref idref="fl-26"/>
      </object_component>
      <object_component id="oc-1ea">
         <name>.debug_info</name>
         <load_address>0xa98d</load_address>
         <run_address>0xa98d</run_address>
         <size>0x39</size>
         <input_file_ref idref="fl-26"/>
      </object_component>
      <object_component id="oc-1f6">
         <name>.debug_info</name>
         <load_address>0xa9c6</load_address>
         <run_address>0xa9c6</run_address>
         <size>0x39</size>
         <input_file_ref idref="fl-26"/>
      </object_component>
      <object_component id="oc-18d">
         <name>.debug_info</name>
         <load_address>0xa9ff</load_address>
         <run_address>0xa9ff</run_address>
         <size>0x39</size>
         <input_file_ref idref="fl-26"/>
      </object_component>
      <object_component id="oc-1ef">
         <name>.debug_info</name>
         <load_address>0xaa38</load_address>
         <run_address>0xaa38</run_address>
         <size>0xcd</size>
         <input_file_ref idref="fl-26"/>
      </object_component>
      <object_component id="oc-70">
         <name>.debug_info</name>
         <load_address>0xab05</load_address>
         <run_address>0xab05</run_address>
         <size>0x149</size>
         <input_file_ref idref="fl-27"/>
      </object_component>
      <object_component id="oc-179">
         <name>.debug_info</name>
         <load_address>0xac4e</load_address>
         <run_address>0xac4e</run_address>
         <size>0x146</size>
         <input_file_ref idref="fl-28"/>
      </object_component>
      <object_component id="oc-49">
         <name>.debug_info</name>
         <load_address>0xad94</load_address>
         <run_address>0xad94</run_address>
         <size>0x56d</size>
         <input_file_ref idref="fl-2b"/>
      </object_component>
      <object_component id="oc-15">
         <name>.debug_info</name>
         <load_address>0xb301</load_address>
         <run_address>0xb301</run_address>
         <size>0x1cd</size>
         <input_file_ref idref="fl-2b"/>
      </object_component>
      <object_component id="oc-44">
         <name>.debug_info</name>
         <load_address>0xb4ce</load_address>
         <run_address>0xb4ce</run_address>
         <size>0x46</size>
         <input_file_ref idref="fl-2b"/>
      </object_component>
      <object_component id="oc-9f">
         <name>.debug_info</name>
         <load_address>0xb514</load_address>
         <run_address>0xb514</run_address>
         <size>0x2c</size>
         <input_file_ref idref="fl-2b"/>
      </object_component>
      <object_component id="oc-ad">
         <name>.debug_info</name>
         <load_address>0xb540</load_address>
         <run_address>0xb540</run_address>
         <size>0x59e</size>
         <input_file_ref idref="fl-2c"/>
      </object_component>
      <object_component id="oc-4b">
         <name>.debug_info</name>
         <load_address>0xbade</load_address>
         <run_address>0xbade</run_address>
         <size>0x255</size>
         <input_file_ref idref="fl-2c"/>
      </object_component>
      <object_component id="oc-1d">
         <name>.debug_info</name>
         <load_address>0xbd33</load_address>
         <run_address>0xbd33</run_address>
         <size>0x1b2</size>
         <input_file_ref idref="fl-2c"/>
      </object_component>
      <object_component id="oc-51">
         <name>.debug_info</name>
         <load_address>0xbee5</load_address>
         <run_address>0xbee5</run_address>
         <size>0x46</size>
         <input_file_ref idref="fl-2c"/>
      </object_component>
      <object_component id="oc-162">
         <name>.debug_info</name>
         <load_address>0xbf2b</load_address>
         <run_address>0xbf2b</run_address>
         <size>0x39</size>
         <input_file_ref idref="fl-2c"/>
      </object_component>
      <object_component id="oc-ae">
         <name>.debug_info</name>
         <load_address>0xbf64</load_address>
         <run_address>0xbf64</run_address>
         <size>0x2c</size>
         <input_file_ref idref="fl-2c"/>
      </object_component>
      <object_component id="oc-1e7">
         <name>.debug_info</name>
         <load_address>0xbf90</load_address>
         <run_address>0xbf90</run_address>
         <size>0x6fa</size>
         <input_file_ref idref="fl-2d"/>
      </object_component>
      <object_component id="oc-17c">
         <name>.debug_info</name>
         <load_address>0xc68a</load_address>
         <run_address>0xc68a</run_address>
         <size>0x210</size>
         <input_file_ref idref="fl-2d"/>
      </object_component>
      <object_component id="oc-257">
         <name>.debug_info</name>
         <load_address>0xc89a</load_address>
         <run_address>0xc89a</run_address>
         <size>0x2c</size>
         <input_file_ref idref="fl-2d"/>
      </object_component>
      <object_component id="oc-25c">
         <name>.debug_info</name>
         <load_address>0xc8c6</load_address>
         <run_address>0xc8c6</run_address>
         <size>0x39</size>
         <input_file_ref idref="fl-2d"/>
      </object_component>
      <object_component id="oc-cc">
         <name>.debug_info</name>
         <load_address>0xc8ff</load_address>
         <run_address>0xc8ff</run_address>
         <size>0x59c</size>
         <input_file_ref idref="fl-2e"/>
      </object_component>
      <object_component id="oc-c3">
         <name>.debug_info</name>
         <load_address>0xce9b</load_address>
         <run_address>0xce9b</run_address>
         <size>0x186</size>
         <input_file_ref idref="fl-2e"/>
      </object_component>
      <object_component id="oc-c8">
         <name>.debug_info</name>
         <load_address>0xd021</load_address>
         <run_address>0xd021</run_address>
         <size>0x118</size>
         <input_file_ref idref="fl-2e"/>
      </object_component>
      <object_component id="oc-6a">
         <name>.debug_info</name>
         <load_address>0xd139</load_address>
         <run_address>0xd139</run_address>
         <size>0x178</size>
         <input_file_ref idref="fl-2e"/>
      </object_component>
      <object_component id="oc-9d">
         <name>.debug_info</name>
         <load_address>0xd2b1</load_address>
         <run_address>0xd2b1</run_address>
         <size>0x60e</size>
         <input_file_ref idref="fl-2f"/>
      </object_component>
      <object_component id="oc-3c">
         <name>.debug_info</name>
         <load_address>0xd8bf</load_address>
         <run_address>0xd8bf</run_address>
         <size>0x102</size>
         <input_file_ref idref="fl-2f"/>
      </object_component>
      <object_component id="oc-219">
         <name>.debug_info</name>
         <load_address>0xd9c1</load_address>
         <run_address>0xd9c1</run_address>
         <size>0x125</size>
         <input_file_ref idref="fl-2f"/>
      </object_component>
      <object_component id="oc-21f">
         <name>.debug_info</name>
         <load_address>0xdae6</load_address>
         <run_address>0xdae6</run_address>
         <size>0x173</size>
         <input_file_ref idref="fl-2f"/>
      </object_component>
      <object_component id="oc-225">
         <name>.debug_info</name>
         <load_address>0xdc59</load_address>
         <run_address>0xdc59</run_address>
         <size>0x172</size>
         <input_file_ref idref="fl-2f"/>
      </object_component>
      <object_component id="oc-1b1">
         <name>.debug_info</name>
         <load_address>0xddcb</load_address>
         <run_address>0xddcb</run_address>
         <size>0x1dd</size>
         <input_file_ref idref="fl-2f"/>
      </object_component>
      <object_component id="oc-3fa">
         <name>.debug_info</name>
         <load_address>0xdfa8</load_address>
         <run_address>0xdfa8</run_address>
         <size>0x28b</size>
         <input_file_ref idref="fl-2f"/>
      </object_component>
      <object_component id="oc-14f">
         <name>.debug_info</name>
         <load_address>0xe233</load_address>
         <run_address>0xe233</run_address>
         <size>0x2c</size>
         <input_file_ref idref="fl-2f"/>
      </object_component>
      <object_component id="oc-154">
         <name>.debug_info</name>
         <load_address>0xe25f</load_address>
         <run_address>0xe25f</run_address>
         <size>0x62</size>
         <input_file_ref idref="fl-2f"/>
      </object_component>
      <object_component id="oc-27c">
         <name>.debug_info</name>
         <load_address>0xe2c1</load_address>
         <run_address>0xe2c1</run_address>
         <size>0x555</size>
         <input_file_ref idref="fl-30"/>
      </object_component>
      <object_component id="oc-216">
         <name>.debug_info</name>
         <load_address>0xe816</load_address>
         <run_address>0xe816</run_address>
         <size>0xf5</size>
         <input_file_ref idref="fl-30"/>
      </object_component>
      <object_component id="oc-21c">
         <name>.debug_info</name>
         <load_address>0xe90b</load_address>
         <run_address>0xe90b</run_address>
         <size>0xf9</size>
         <input_file_ref idref="fl-30"/>
      </object_component>
      <object_component id="oc-275">
         <name>.debug_info</name>
         <load_address>0xea04</load_address>
         <run_address>0xea04</run_address>
         <size>0x124</size>
         <input_file_ref idref="fl-30"/>
      </object_component>
      <object_component id="oc-c1">
         <name>.debug_info</name>
         <load_address>0xeb28</load_address>
         <run_address>0xeb28</run_address>
         <size>0x5a9</size>
         <input_file_ref idref="fl-31"/>
      </object_component>
      <object_component id="oc-63">
         <name>.debug_info</name>
         <load_address>0xf0d1</load_address>
         <run_address>0xf0d1</run_address>
         <size>0x168</size>
         <input_file_ref idref="fl-31"/>
      </object_component>
      <object_component id="oc-16b">
         <name>.debug_info</name>
         <load_address>0xf239</load_address>
         <run_address>0xf239</run_address>
         <size>0x5e</size>
         <input_file_ref idref="fl-31"/>
      </object_component>
      <object_component id="oc-41">
         <name>.debug_info</name>
         <load_address>0xf297</load_address>
         <run_address>0xf297</run_address>
         <size>0x122</size>
         <input_file_ref idref="fl-33"/>
      </object_component>
      <object_component id="oc-1d1">
         <name>.debug_info</name>
         <load_address>0xf3b9</load_address>
         <run_address>0xf3b9</run_address>
         <size>0x6a2</size>
         <input_file_ref idref="fl-34"/>
      </object_component>
      <object_component id="oc-1bf">
         <name>.debug_info</name>
         <load_address>0xfa5b</load_address>
         <run_address>0xfa5b</run_address>
         <size>0xda</size>
         <input_file_ref idref="fl-34"/>
      </object_component>
      <object_component id="oc-129">
         <name>.debug_info</name>
         <load_address>0xfb35</load_address>
         <run_address>0xfb35</run_address>
         <size>0xeb6</size>
         <input_file_ref idref="fl-34"/>
      </object_component>
      <object_component id="oc-250">
         <name>.debug_info</name>
         <load_address>0x109eb</load_address>
         <run_address>0x109eb</run_address>
         <size>0x26b</size>
         <input_file_ref idref="fl-34"/>
      </object_component>
      <object_component id="oc-308">
         <name>.debug_info</name>
         <load_address>0x10c56</load_address>
         <run_address>0x10c56</run_address>
         <size>0x275</size>
         <input_file_ref idref="fl-34"/>
      </object_component>
      <object_component id="oc-214">
         <name>.debug_info</name>
         <load_address>0x10ecb</load_address>
         <run_address>0x10ecb</run_address>
         <size>0x6ac</size>
         <input_file_ref idref="fl-35"/>
      </object_component>
      <object_component id="oc-1ac">
         <name>.debug_info</name>
         <load_address>0x11577</load_address>
         <run_address>0x11577</run_address>
         <size>0x6e3</size>
         <input_file_ref idref="fl-35"/>
      </object_component>
      <object_component id="oc-1c2">
         <name>.debug_info</name>
         <load_address>0x11c5a</load_address>
         <run_address>0x11c5a</run_address>
         <size>0x672</size>
         <input_file_ref idref="fl-36"/>
      </object_component>
      <object_component id="oc-123">
         <name>.debug_info</name>
         <load_address>0x122cc</load_address>
         <run_address>0x122cc</run_address>
         <size>0x7c6</size>
         <input_file_ref idref="fl-36"/>
      </object_component>
      <object_component id="oc-26c">
         <name>.debug_info</name>
         <load_address>0x12a92</load_address>
         <run_address>0x12a92</run_address>
         <size>0x6f7</size>
         <input_file_ref idref="fl-37"/>
      </object_component>
      <object_component id="oc-269">
         <name>.debug_info</name>
         <load_address>0x13189</load_address>
         <run_address>0x13189</run_address>
         <size>0xe1</size>
         <input_file_ref idref="fl-37"/>
      </object_component>
      <object_component id="oc-20f">
         <name>.debug_info</name>
         <load_address>0x1326a</load_address>
         <run_address>0x1326a</run_address>
         <size>0x56f</size>
         <input_file_ref idref="fl-37"/>
      </object_component>
      <object_component id="oc-24d">
         <name>.debug_info</name>
         <load_address>0x137d9</load_address>
         <run_address>0x137d9</run_address>
         <size>0x6c1</size>
         <input_file_ref idref="fl-38"/>
      </object_component>
      <object_component id="oc-1cc">
         <name>.debug_info</name>
         <load_address>0x13e9a</load_address>
         <run_address>0x13e9a</run_address>
         <size>0x744</size>
         <input_file_ref idref="fl-38"/>
      </object_component>
      <object_component id="oc-1b7">
         <name>.debug_info</name>
         <load_address>0x145de</load_address>
         <run_address>0x145de</run_address>
         <size>0x34e</size>
         <input_file_ref idref="fl-39"/>
      </object_component>
      <object_component id="oc-24b">
         <name>.debug_info</name>
         <load_address>0x1492c</load_address>
         <run_address>0x1492c</run_address>
         <size>0x6b0</size>
         <input_file_ref idref="fl-3a"/>
      </object_component>
      <object_component id="oc-239">
         <name>.debug_info</name>
         <load_address>0x14fdc</load_address>
         <run_address>0x14fdc</run_address>
         <size>0x152</size>
         <input_file_ref idref="fl-3a"/>
      </object_component>
      <object_component id="oc-240">
         <name>.debug_info</name>
         <load_address>0x1512e</load_address>
         <run_address>0x1512e</run_address>
         <size>0x161</size>
         <input_file_ref idref="fl-3a"/>
      </object_component>
      <object_component id="oc-1c6">
         <name>.debug_info</name>
         <load_address>0x1528f</load_address>
         <run_address>0x1528f</run_address>
         <size>0x199</size>
         <input_file_ref idref="fl-3a"/>
      </object_component>
      <object_component id="oc-301">
[...]
         <value>0x1181dda0</value>
         <object_component_ref idref="oc-22"/>
      </symbol>
      <symbol id="sm-27b">
         <name>vector14</name>
         <value>0x1181ddc0</value>
         <object_component_ref idref="oc-22"/>
      </symbol>
      <symbol id="sm-27c">
         <name>vector15</name>
         <value>0x1181dde0</value>
         <object_component_ref idref="oc-22"/>
      </symbol>
      <symbol id="sm-292">
         <name>_c_int00</name>
         <value>0x1181a900</value>
         <object_component_ref idref="oc-21"/>
      </symbol>
      <symbol id="sm-293">
         <name>_stack</name>
         <value>0x1181d338</value>
         <object_component_ref idref="oc-38"/>
      </symbol>
      <symbol id="sm-2a8">
         <name>memset</name>
         <value>0x11819d40</value>
         <object_component_ref idref="oc-a6"/>
      </symbol>
      <symbol id="sm-2cd">
         <name>__TI_auto_init_nobinit_nopinit</name>
         <value>0x1181a080</value>
         <object_component_ref idref="oc-ce"/>
      </symbol>
      <symbol id="sm-2d6">
         <name>_system_pre_init</name>
         <value>0x1181aec0</value>
         <object_component_ref idref="oc-6e"/>
      </symbol>
      <symbol id="sm-2df">
         <name>_system_post_cinit</name>
         <value>0x1181aea0</value>
         <object_component_ref idref="oc-175"/>
      </symbol>
      <symbol id="sm-2f8">
         <name>__TI_decompress_none</name>
         <value>0x1181af00</value>
         <object_component_ref idref="oc-14"/>
      </symbol>
      <symbol id="sm-323">
         <name>__TI_decompress_rle24</name>
         <value>0x1181af20</value>
         <object_component_ref idref="oc-1a"/>
      </symbol>
      <symbol id="sm-33c">
         <name>__TI_tls_init</name>
         <value>0x1181a380</value>
         <object_component_ref idref="oc-17b"/>
      </symbol>
      <symbol id="sm-35d">
         <name>C$$EXIT</name>
         <value>0x1181aee0</value>
         <object_component_ref idref="oc-c5"/>
      </symbol>
      <symbol id="sm-35e">
         <name>abort</name>
         <value>0x1181aee0</value>
         <object_component_ref idref="oc-c5"/>
      </symbol>
      <symbol id="sm-35f">
         <name>exit</name>
         <value>0x11819c60</value>
         <object_component_ref idref="oc-68"/>
      </symbol>
      <symbol id="sm-360">
         <name>__TI_dtors_ptr</name>
         <value>0x1181d300</value>
         <object_component_ref idref="oc-c2"/>
      </symbol>
      <symbol id="sm-361">
         <name>__TI_cleanup_ptr</name>
         <value>0x1181d2fc</value>
         <object_component_ref idref="oc-c2"/>
      </symbol>
      <symbol id="sm-362">
         <name>__TI_enable_exit_profile_output</name>
         <value>0x1181d304</value>
         <object_component_ref idref="oc-c2"/>
      </symbol>
      <symbol id="sm-3cd">
         <name>_sys_memory</name>
         <value>0x11800000</value>
         <object_component_ref idref="oc-3b"/>
      </symbol>
      <symbol id="sm-3ce">
         <name>free</name>
         <value>0x118164a0</value>
         <object_component_ref idref="oc-3f9"/>
      </symbol>
      <symbol id="sm-3cf">
         <name>malloc</name>
         <value>0x11818620</value>
         <object_component_ref idref="oc-1b0"/>
      </symbol>
      <symbol id="sm-3e5">
         <name>_nop</name>
         <value>0x1181ae20</value>
         <object_component_ref idref="oc-274"/>
      </symbol>
      <symbol id="sm-3e6">
         <name>_lock</name>
         <value>0x1181d320</value>
         <object_component_ref idref="oc-215"/>
      </symbol>
      <symbol id="sm-3e7">
         <name>_unlock</name>
         <value>0x1181d324</value>
         <object_component_ref idref="oc-21b"/>
      </symbol>
      <symbol id="sm-3f9">
         <name>_args_main</name>
         <value>0x1181ad40</value>
         <object_component_ref idref="oc-62"/>
      </symbol>
      <symbol id="sm-403">
         <name>memcpy</name>
         <value>0x1181a6c0</value>
         <object_component_ref idref="oc-3e"/>
      </symbol>
      <symbol id="sm-481">
         <name>config_pll1</name>
         <value>0x11814ba8</value>
         <object_component_ref idref="oc-128"/>
      </symbol>
      <symbol id="sm-482">
         <name>config_pll0</name>
         <value>0x11814944</value>
         <object_component_ref idref="oc-128"/>
      </symbol>
      <symbol id="sm-483">
         <name>EVMOMAPL138_lpscTransition</name>
         <value>0x118145e0</value>
         <object_component_ref idref="oc-128"/>
      </symbol>
      <symbol id="sm-484">
         <name>EVMOMAPL138_pinmuxConfig</name>
         <value>0x11814558</value>
         <object_component_ref idref="oc-128"/>
      </symbol>
      <symbol id="sm-485">
         <name>UTIL_printMem</name>
         <value>0x11814d98</value>
         <object_component_ref idref="oc-128"/>
      </symbol>
      <symbol id="sm-486">
         <name>EVMOMAPL138_initRAM</name>
         <value>0x1181438c</value>
         <object_component_ref idref="oc-128"/>
      </symbol>
      <symbol id="sm-487">
         <name>EVMOMAPL138_enableDsp</name>
         <value>0x1181452c</value>
         <object_component_ref idref="oc-128"/>
      </symbol>
      <symbol id="sm-488">
         <name>EVMOMAPL138_init</name>
         <value>0x11814360</value>
         <object_component_ref idref="oc-128"/>
      </symbol>
      <symbol id="sm-489">
         <name>bitval_u32</name>
         <value>0x1181df08</value>
         <object_component_ref idref="oc-1be"/>
      </symbol>
      <symbol id="sm-48a">
         <name>UTIL_isUIBoardAttached</name>
         <value>0x11814ef0</value>
         <object_component_ref idref="oc-128"/>
      </symbol>
      <symbol id="sm-4b8">
         <name>AIC3106_init</name>
         <value>0x11818b40</value>
         <object_component_ref idref="oc-1aa"/>
      </symbol>
      <symbol id="sm-4b9">
         <name>AIC3106_writeRegister</name>
         <value>0x11818c90</value>
         <object_component_ref idref="oc-1aa"/>
      </symbol>
      <symbol id="sm-4ba">
         <name>AIC3106_readRegister</name>
         <value>0x11818c38</value>
         <object_component_ref idref="oc-1aa"/>
      </symbol>
      <symbol id="sm-4e9">
         <name>GPIO_toggleLoop</name>
         <value>0x118169d4</value>
         <object_component_ref idref="oc-122"/>
      </symbol>
      <symbol id="sm-4ea">
         <name>GPIO_setDir</name>
         <value>0x11816860</value>
         <object_component_ref idref="oc-122"/>
      </symbol>
      <symbol id="sm-4eb">
         <name>GPIO_setOutput</name>
         <value>0x11816954</value>
         <object_component_ref idref="oc-122"/>
      </symbol>
      <symbol id="sm-4ec">
         <name>GPIO_getInput</name>
         <value>0x118168e4</value>
         <object_component_ref idref="oc-122"/>
      </symbol>
      <symbol id="sm-522">
         <name>I2C_init</name>
         <value>0x11816c00</value>
         <object_component_ref idref="oc-20d"/>
      </symbol>
      <symbol id="sm-523">
         <name>I2C_read</name>
         <value>0x11816cec</value>
         <object_component_ref idref="oc-20d"/>
      </symbol>
      <symbol id="sm-524">
         <name>I2C_write</name>
         <value>0x11816e54</value>
         <object_component_ref idref="oc-20d"/>
      </symbol>
      <symbol id="sm-554">
         <name>I2CGPIO_init</name>
         <value>0x11815b60</value>
         <object_component_ref idref="oc-1ca"/>
      </symbol>
      <symbol id="sm-555">
         <name>I2CGPIO_getInput</name>
         <value>0x11815c40</value>
         <object_component_ref idref="oc-1ca"/>
      </symbol>
      <symbol id="sm-556">
         <name>I2CGPIO_setOutput</name>
         <value>0x11815e98</value>
         <object_component_ref idref="oc-1ca"/>
      </symbol>
      <symbol id="sm-557">
         <name>I2CGPIO_setOutputAll</name>
         <value>0x11815ff4</value>
         <object_component_ref idref="oc-1ca"/>
      </symbol>
      <symbol id="sm-558">
         <name>I2CGPIO_getInputAll</name>
         <value>0x11815d6c</value>
         <object_component_ref idref="oc-1ca"/>
      </symbol>
      <symbol id="sm-564">
         <name>USTIMER_delay</name>
         <value>0x11817dc0</value>
         <object_component_ref idref="oc-1b6"/>
      </symbol>
      <symbol id="sm-565">
         <name>USTIMER_get</name>
         <value>0x11817e8c</value>
         <object_component_ref idref="oc-1b6"/>
      </symbol>
      <symbol id="sm-566">
         <name>USTIMER_set</name>
         <value>0x11817ea4</value>
         <object_component_ref idref="oc-1b6"/>
      </symbol>
      <symbol id="sm-567">
         <name>USTIMER_init</name>
         <value>0x11817cc0</value>
         <object_component_ref idref="oc-1b6"/>
      </symbol>
      <symbol id="sm-568">
         <name>USTIMER_reset</name>
         <value>0x11817e58</value>
         <object_component_ref idref="oc-1b6"/>
      </symbol>
      <symbol id="sm-590">
         <name>printf</name>
         <value>0x11819e20</value>
         <object_component_ref idref="oc-1c4"/>
      </symbol>
      <symbol id="sm-7a9">
         <name>__TI_printfi</name>
         <value>0x11810000</value>
         <object_component_ref idref="oc-244"/>
      </symbol>
      <symbol id="sm-7c8">
         <name>putc</name>
         <value>0x118182a0</value>
         <object_component_ref idref="oc-287"/>
      </symbol>
      <symbol id="sm-7c9">
         <name>fputc</name>
         <value>0x118182a0</value>
         <object_component_ref idref="oc-287"/>
      </symbol>
      <symbol id="sm-7f8">
         <name>fputs</name>
         <value>0x11816fa0</value>
         <object_component_ref idref="oc-28e"/>
      </symbol>
      <symbol id="sm-80e">
         <name>__TI_wrt_ok</name>
         <value>0x11819aa0</value>
         <object_component_ref idref="oc-316"/>
      </symbol>
      <symbol id="sm-82a">
         <name>setvbuf</name>
         <value>0x118187e0</value>
         <object_component_ref idref="oc-396"/>
      </symbol>
      <symbol id="sm-844">
         <name>wcslen</name>
         <value>0x1181ad80</value>
         <object_component_ref idref="oc-2d6"/>
      </symbol>
      <symbol id="sm-852">
         <name>__c6xabi_push_rts</name>
         <value>0x1181ae00</value>
         <object_component_ref idref="oc-295"/>
      </symbol>
      <symbol id="sm-853">
         <name>__pop_rts</name>
         <value>0x1181ade0</value>
         <object_component_ref idref="oc-2e2"/>
      </symbol>
      <symbol id="sm-854">
         <name>__c6xabi_pop_rts</name>
         <value>0x1181ade0</value>
         <object_component_ref idref="oc-2e2"/>
      </symbol>
      <symbol id="sm-855">
         <name>__push_rts</name>
         <value>0x1181ae00</value>
         <object_component_ref idref="oc-295"/>
      </symbol>
      <symbol id="sm-85e">
         <name>__c6xabi_divu</name>
         <value>0x1181a200</value>
         <object_component_ref idref="oc-33e"/>
      </symbol>
      <symbol id="sm-85f">
         <name>__divu</name>
         <value>0x1181a200</value>
         <object_component_ref idref="oc-33e"/>
      </symbol>
      <symbol id="sm-870">
         <name>__c6xabi_divul</name>
         <value>0x118180e0</value>
         <object_component_ref idref="oc-338"/>
      </symbol>
      <symbol id="sm-88c">
         <name>_subcull</name>
         <value>0x1181aac0</value>
         <object_component_ref idref="oc-3b4"/>
      </symbol>
      <symbol id="sm-88d">
         <name>__c6xabi_divull</name>
         <value>0x11817a60</value>
         <object_component_ref idref="oc-332"/>
      </symbol>
      <symbol id="sm-8ad">
         <name>__c6xabi_llshru</name>
         <value>0x1181aa60</value>
         <object_component_ref idref="oc-3ba"/>
      </symbol>
      <symbol id="sm-8ae">
         <name>__c6xabi_llshl</name>
         <value>0x1181a880</value>
         <object_component_ref idref="oc-3ae"/>
      </symbol>
      <symbol id="sm-8c2">
         <name>frexpl</name>
         <value>0x11818460</value>
         <object_component_ref idref="oc-368"/>
      </symbol>
      <symbol id="sm-8c3">
         <name>frexp</name>
         <value>0x11818460</value>
         <object_component_ref idref="oc-368"/>
      </symbol>
      <symbol id="sm-8e0">
         <name>__c6xabi_isinf</name>
         <value>0x1181acc0</value>
         <object_component_ref idref="oc-2ac"/>
      </symbol>
      <symbol id="sm-8f3">
         <name>scalbn</name>
         <value>0x11818ce0</value>
         <object_component_ref idref="oc-36e"/>
      </symbol>
      <symbol id="sm-8f4">
         <name>scalbnl</name>
         <value>0x11818ce0</value>
         <object_component_ref idref="oc-36e"/>
      </symbol>
      <symbol id="sm-8f5">
         <name>ldexpl</name>
         <value>0x11818ce0</value>
         <object_component_ref idref="oc-36e"/>
      </symbol>
      <symbol id="sm-8f6">
         <name>ldexp</name>
         <value>0x11818ce0</value>
         <object_component_ref idref="oc-36e"/>
      </symbol>
      <symbol id="sm-8ff">
         <name>_signbit</name>
         <value>0x1181ae80</value>
         <object_component_ref idref="oc-2b2"/>
      </symbol>
      <symbol id="sm-91e">
         <name>__c6xabi_divd</name>
         <value>0x11815580</value>
         <object_component_ref idref="oc-347"/>
      </symbol>
      <symbol id="sm-931">
         <name>__TI_frcmpyd_div</name>
         <value>0x1181ac80</value>
         <object_component_ref idref="oc-3c5"/>
      </symbol>
      <symbol id="sm-941">
         <name>__TI_ltoa</name>
         <value>0x118199c0</value>
         <object_component_ref idref="oc-34d"/>
      </symbol>
      <symbol id="sm-955">
         <name>atoi</name>
         <value>0x11819520</value>
         <object_component_ref idref="oc-29a"/>
      </symbol>
      <symbol id="sm-95f">
         <name>_ctypes_</name>
         <value>0x1181de00</value>
         <object_component_ref idref="oc-32d"/>
      </symbol>
      <symbol id="sm-96f">
         <name>__TI_tmpnams</name>
         <value>0x1181af60</value>
      </symbol>
      <symbol id="sm-970">
         <name>_ftable</name>
         <value>0x1181cff0</value>
         <object_component_ref idref="oc-235"/>
      </symbol>
      <symbol id="sm-971">
         <name>__TI_ft_end</name>
         <value>0x1181d328</value>
         <object_component_ref idref="oc-450"/>
      </symbol>
      <symbol id="sm-982">
         <name>memccpy</name>
         <value>0x1181ab80</value>
         <object_component_ref idref="oc-2d0"/>
      </symbol>
      <symbol id="sm-9a5">
         <name>_stream</name>
         <value>0x1181d1d0</value>
         <object_component_ref idref="oc-3a0"/>
      </symbol>
      <symbol id="sm-9a6">
         <name>_device</name>
         <value>0x1181d270</value>
         <object_component_ref idref="oc-410"/>
      </symbol>
      <symbol id="sm-9a7">
         <name>write</name>
         <value>0x1181abe0</value>
         <object_component_ref idref="oc-322"/>
      </symbol>
      <symbol id="sm-9b9">
         <name>__errno</name>
         <value>0x1181d32c</value>
         <object_component_ref idref="oc-37e"/>
      </symbol>
      <symbol id="sm-9ba">
         <name>errno</name>
         <value>0x1181d32c</value>
         <object_component_ref idref="oc-37e"/>
      </symbol>
      <symbol id="sm-9bb">
         <name>__c6xabi_errno_addr</name>
         <value>0x1181adc0</value>
         <object_component_ref idref="oc-2dc"/>
      </symbol>
      <symbol id="sm-9ca">
         <name>__TI_doflush</name>
         <value>0x1181a140</value>
         <object_component_ref idref="oc-31c"/>
      </symbol>
      <symbol id="sm-9d8">
         <name>__TI_cleanup</name>
         <value>0x1181a4e0</value>
         <object_component_ref idref="oc-3ff"/>
      </symbol>
      <symbol id="sm-9f0">
         <name>fseek</name>
         <value>0x11819620</value>
         <object_component_ref idref="oc-390"/>
      </symbol>
      <symbol id="sm-9ff">
         <name>lseek</name>
         <value>0x1181ab20</value>
         <object_component_ref idref="oc-3f1"/>
      </symbol>
      <symbol id="sm-a10">
         <name>HOSTclose</name>
         <value>0x1181a440</value>
         <object_component_ref idref="oc-462"/>
      </symbol>
      <symbol id="sm-a20">
         <name>HOSTlseek</name>
         <value>0x11819720</value>
         <object_component_ref idref="oc-474"/>
      </symbol>
      <symbol id="sm-a34">
         <name>parmbuf</name>
         <value>0x1181b0a0</value>
      </symbol>
      <symbol id="sm-a35">
         <name>HOSTopen</name>
         <value>0x11819800</value>
         <object_component_ref idref="oc-45c"/>
      </symbol>
      <symbol id="sm-a45">
         <name>HOSTread</name>
         <value>0x11819f00</value>
         <object_component_ref idref="oc-468"/>
      </symbol>
      <symbol id="sm-a63">
         <name>HOSTrename</name>
         <value>0x118189a0</value>
         <object_component_ref idref="oc-480"/>
      </symbol>
      <symbol id="sm-a76">
         <name>HOSTunlink</name>
         <value>0x11819fc0</value>
         <object_component_ref idref="oc-47a"/>
      </symbol>
      <symbol id="sm-a86">
         <name>HOSTwrite</name>
         <value>0x118198e0</value>
         <object_component_ref idref="oc-46e"/>
      </symbol>
      <symbol id="sm-aac">
         <name>__TI_readmsg</name>
         <value>0x1181a800</value>
         <object_component_ref idref="oc-4b5"/>
      </symbol>
      <symbol id="sm-aad">
         <name>C$$IO$$</name>
         <value>0x1181aa58</value>
         <object_component_ref idref="oc-4af"/>
      </symbol>
      <symbol id="sm-aae">
         <name>__CIOBUF_</name>
         <value>0x1181dff0</value>
         <object_component_ref idref="oc-4d6"/>
      </symbol>
      <symbol id="sm-aaf">
         <name>__TI_writemsg</name>
         <value>0x1181aa00</value>
         <object_component_ref idref="oc-4af"/>
      </symbol>
      <symbol id="sm-ac8">
         <name>__TI_closefile</name>
         <value>0x11819220</value>
         <object_component_ref idref="oc-453"/>
      </symbol>
      <symbol id="sm-af2">
         <name>finddevice</name>
         <value>0x1181a620</value>
         <object_component_ref idref="oc-4ea"/>
      </symbol>
      <symbol id="sm-af3">
         <name>getdevice</name>
         <value>0x11819100</value>
         <object_component_ref idref="oc-4ca"/>
      </symbol>
      <symbol id="sm-b05">
         <name>close</name>
         <value>0x11819b80</value>
         <object_component_ref idref="oc-49d"/>
      </symbol>
      <symbol id="sm-b16">
         <name>unlink</name>
         <value>0x1181a980</value>
         <object_component_ref idref="oc-4a3"/>
      </symbol>
      <symbol id="sm-b17">
         <name>__TI_STATIC_BASE</name>
         <value>0x1181db38</value>
      </symbol>
      <symbol id="sm-b19">
         <name>__TI_TLS_INIT_Base</name>
         <value>0x0</value>
      </symbol>
      <symbol id="sm-b1a">
         <name>__TI_TLS_INIT_Limit</name>
         <value>0x0</value>
      </symbol>
      <symbol id="sm-b1b">
         <name>remove</name>
         <value>0x1181a980</value>
      </symbol>
   </symbol_table>
   <title>Link successful</title>
</link_info>
