******************************************************************************
               TMS320C6x Linker PC v8.3.11                     
******************************************************************************
>> Linked Sat Apr 30 23:48:53 2022

OUTPUT FILE NAME:   <lab2_solution.out>
ENTRY POINT SYMBOL: "_c_int00"  address: 1181a900


MEMORY CONFIGURATION

         name            origin    length      used     unused   attr    fill
----------------------  --------  ---------  --------  --------  ----  --------
  dsp_l2_ram            11800000   00040000  0001e220  00021de0  RWIX
  shared_ram            80000000   00020000  00000000  00020000  RWIX
  external_ram          c0000000   08000000  00000000  08000000  RWIX


SEGMENT ALLOCATION MAP

run origin  load origin   length   init length attrs members
----------  ----------- ---------- ----------- ----- -------
11800000    11800000    00010000   00000000    rw-
  11800000    11800000    00010000   00000000    rw- .sysmem
11810000    11810000    0000af60   0000af60    r-x
  11810000    11810000    0000af60   0000af60    r-x .text
1181af60    1181af60    00002c64   00000000    rw-
  1181af60    1181af60    0000014c   00000000    rw- .far
  1181b0b0    1181b0b0    00002284   00000000    rw- .fardata
  1181d338    1181d338    00000800   00000000    rw- .stack
  1181db38    1181db38    00000064   00000000    rw- .neardata
  1181db9c    1181db9c    00000028   00000000    rw- .bss
1181dc00    1181dc00    000003ec   000003ec    r-x
  1181dc00    1181dc00    00000200   00000200    r-x .vecs
  1181de00    1181de00    000001ec   000001ec    r-- .const
1181dff0    1181dff0    00000120   00000000    rw-
  1181dff0    1181dff0    00000120   00000000    rw- .cio
1181e110    1181e110    00000158   00000158    r--
  1181e110    1181e110    0000006c   0000006c    r-- .switch
  1181e180    1181e180    000000e8   000000e8    r-- .cinit


SECTION ALLOCATION MAP

 output                                  attributes/
section   page    origin      length       input sections
--------  ----  ----------  ----------   ----------------
.sysmem    0    11800000    00010000     UNINITIALIZED
                  11800000    00000008     rts6740_elf.lib : memory.c.obj (.sysmem)
                  11800008    0000fff8     --HOLE--

.text      0    11810000    0000af60     
                  11810000    00002020     rts6740_elf.lib : _printfi.c.obj (.text:__TI_printfi)
                  11812020    00001720     L138_LCDK_aic3106_init.obj (.text)
                  11813740    00000c20     dsp_lab_utils.obj (.text)
                  11814360    00000bc0     evmomapl138_bsl.lib : evmomapl138.obj (.text)
                  11814f20    00000660     rts6740_elf.lib : _printfi.c.obj (.text:_pconv_a)
                  11815580    000005e0                     : divd.c.obj (.text:__c6xabi_divd)
                  11815b60    00000540     evmomapl138_bsl.lib : evmomapl138_i2c_gpio.obj (.text)
                  118160a0    00000400     rts6740_elf.lib : _printfi.c.obj (.text:_pconv_g)
                  118164a0    000003c0                     : memory.c.obj (.text:free)
                  11816860    000003a0     evmomapl138_bsl.lib : evmomapl138_gpio.obj (.text)
                  11816c00    000003a0                         : evmomapl138_i2c.obj (.text)
                  11816fa0    000002e0     rts6740_elf.lib : fputs.c.obj (.text:fputs)
                  11817280    000002a0                     : _printfi.c.obj (.text:_pconv_e)
                  11817520    000002a0                     : _printfi.c.obj (.text:fcvt)
                  118177c0    000002a0     L2p2-overdrive.obj (.text:retain)
                  11817a60    00000260     rts6740_elf.lib : imath64.c.obj (.text:__c6xabi_divull)
                  11817cc0    00000220     evmomapl138_bsl.lib : evmomapl138_timer.obj (.text)
                  11817ee0    00000200     rts6740_elf.lib : _printfi.c.obj (.text:_ltostr)
                  118180e0    000001c0                     : imath40.c.obj (.text:__c6xabi_divul)
                  118182a0    000001c0                     : fputc.c.obj (.text:fputc)
                  11818460    000001c0                     : frexp.c.obj (.text:frexp)
                  11818620    000001c0                     : memory.c.obj (.text:malloc)
                  118187e0    000001c0                     : setvbuf.c.obj (.text:setvbuf)
                  118189a0    000001a0                     : hostrename.c.obj (.text:HOSTrename)
                  11818b40    000001a0     evmomapl138_bsl.lib : evmomapl138_aic3106.obj (.text)
                  11818ce0    00000180     rts6740_elf.lib : ldexp.c.obj (.text:ldexp)
                  11818e60    00000180     dsp_lab_utils.obj (.text:retain)
                  11818fe0    00000120     rts6740_elf.lib : _printfi.c.obj (.text:_pconv_f)
                  11819100    00000120                     : getdevice.c.obj (.text:getdevice)
                  11819220    00000100                     : fclose.c.obj (.text:__TI_closefile)
                  11819320    00000100                     : copy_decompress_rle.c.obj (.text:__TI_decompress_rle_core)
                  11819420    00000100                     : _printfi.c.obj (.text:_mcpy)
                  11819520    00000100                     : atoi.c.obj (.text:atoi)
                  11819620    00000100                     : fseek.c.obj (.text:fseek)
                  11819720    000000e0                     : hostlseek.c.obj (.text:HOSTlseek)
                  11819800    000000e0                     : hostopen.c.obj (.text:HOSTopen)
                  118198e0    000000e0                     : hostwrite.c.obj (.text:HOSTwrite)
                  118199c0    000000e0                     : _ltoa.c.obj (.text:__TI_ltoa)
                  11819aa0    000000e0                     : _io_perm.c.obj (.text:__TI_wrt_ok)
                  11819b80    000000e0                     : close.c.obj (.text:close)
                  11819c60    000000e0                     : exit.c.obj (.text:exit)
                  11819d40    000000e0                     : memset.c.obj (.text:memset)
                  11819e20    000000e0                     : printf.c.obj (.text:printf)
                  11819f00    000000c0                     : hostread.c.obj (.text:HOSTread)
                  11819fc0    000000c0                     : hostunlink.c.obj (.text:HOSTunlink)
                  1181a080    000000c0                     : autoinit.c.obj (.text:__TI_auto_init_nobinit_nopinit:__TI_auto_init_nobinit_nopinit)
                  1181a140    000000c0                     : fflush.c.obj (.text:__TI_doflush)
                  1181a200    000000c0                     : divu.asm.obj (.text:__divu)
                  1181a2c0    000000c0                     : memory.c.obj (.text:mremove)
                  1181a380    000000c0                     : tls.c.obj (.text:tls:init:__TI_tls_init)
                  1181a440    000000a0                     : hostclose.c.obj (.text:HOSTclose)
                  1181a4e0    000000a0                     : fopen.c.obj (.text:__TI_cleanup)
                  1181a580    000000a0                     : _printfi.c.obj (.text:_ecpy)
                  1181a620    000000a0                     : getdevice.c.obj (.text:finddevice)
                  1181a6c0    000000a0                     : memcpy64.asm.obj (.text:memcpy)
                  1181a760    000000a0                     : memory.c.obj (.text:minsert)
                  1181a800    00000080                     : trgmsg.c.obj (.text:__TI_readmsg)
                  1181a880    00000080                     : llshift.c.obj (.text:__c6xabi_llshl)
                  1181a900    00000080                     : boot.c.obj (.text:_c_int00)
                  1181a980    00000080                     : unlink.c.obj (.text:unlink)
                  1181aa00    00000060                     : trgmsg.c.obj (.text:__TI_writemsg)
                  1181aa60    00000060                     : llshift.c.obj (.text:__c6xabi_llshru)
                  1181aac0    00000060                     : imath64.c.obj (.text:_subcull)
                  1181ab20    00000060                     : lseek.c.obj (.text:lseek)
                  1181ab80    00000060                     : memccpy.c.obj (.text:memccpy)
                  1181abe0    00000060                     : write.c.obj (.text:write)
                  1181ac40    00000040     L2p2-overdrive.obj (.text)
                  1181ac80    00000040     rts6740_elf.lib : frcmpyd_div.c.obj (.text:__TI_frcmpyd_div)
                  1181acc0    00000040                     : isinf.c.obj (.text:__c6xabi_isinf)
                  1181ad00    00000040                     : _printfi.c.obj (.text:__c6xabi_isnan)
                  1181ad40    00000040                     : args_main.c.obj (.text:_args_main)
                  1181ad80    00000040                     : wcslen.c.obj (.text:wcslen)
                  1181adc0    00000020                     : errno.c.obj (.text:__c6xabi_errno_addr)
                  1181ade0    00000020                     : push.asm.obj (.text:__pop_rts)
                  1181ae00    00000020                     : push.asm.obj (.text:__push_rts)
                  1181ae20    00000020                     : _lock.c.obj (.text:_nop)
                  1181ae40    00000020                     : printf.c.obj (.text:_outc)
                  1181ae60    00000020                     : printf.c.obj (.text:_outs)
                  1181ae80    00000020                     : signbit.c.obj (.text:_signbit)
                  1181aea0    00000020                     : startup.c.obj (.text:_system_post_cinit)
                  1181aec0    00000020                     : pre_init.c.obj (.text:_system_pre_init)
                  1181aee0    00000020                     : exit.c.obj (.text:abort)
                  1181af00    00000020                     : copy_decompress_none.c.obj (.text:decompress:none:__TI_decompress_none)
                  1181af20    00000020                     : copy_decompress_rle.c.obj (.text:decompress:rle24:__TI_decompress_rle24)
                  1181af40    00000020     vectors_intr.obj (.text)

.far       0    1181af60    0000014c     UNINITIALIZED
                  1181af60    00000140     (.common:__TI_tmpnams)
                  1181b0a0    00000008     (.common:parmbuf)
                  1181b0a8    00000004     (.common:AIC31_data)

.fardata   0    1181b0b0    00002284     UNINITIALIZED
                  1181b0b0    00000fa0     dsp_lab_utils.obj (.fardata:gGraphBuff1)
                  1181c050    00000fa0     dsp_lab_utils.obj (.fardata:gGraphBuff2)
                  1181cff0    000001e0     rts6740_elf.lib : defs.c.obj (.fardata:_ftable)
                  1181d1d0    000000a0                     : write.c.obj (.fardata:_stream)
                  1181d270    00000078                     : write.c.obj (.fardata:_device)
                  1181d2e8    00000014     dsp_lab_utils.obj (.fardata:gTrimmer)
                  1181d2fc    0000000c     rts6740_elf.lib : exit.c.obj (.fardata)
                  1181d308    00000008     dsp_lab_utils.obj (.fardata:pb_user1_deb_stat)
                  1181d310    00000008     dsp_lab_utils.obj (.fardata:pb_user2_deb_stat)
                  1181d318    00000008     rts6740_elf.lib : memory.c.obj (.fardata)
                  1181d320    00000004                     : _lock.c.obj (.fardata:_lock)
                  1181d324    00000004                     : _lock.c.obj (.fardata:_unlock)
                  1181d328    00000004                     : defs.c.obj (.fardata)
                  1181d32c    00000004                     : errno.c.obj (.fardata)
                  1181d330    00000004     L138_LCDK_aic3106_init.obj (.fardata:sreg)

.stack     0    1181d338    00000800     UNINITIALIZED
                  1181d338    00000008     rts6740_elf.lib : boot.c.obj (.stack)
                  1181d340    000007f8     --HOLE--

.neardata 
*          0    1181db38    00000064     UNINITIALIZED
                  1181db38    00000030     dsp_lab_utils.obj (.neardata)
                  1181db68    0000002c     L2p2-overdrive.obj (.neardata)
                  1181db94    00000008     L138_LCDK_aic3106_init.obj (.neardata)

.rodata    0    1181db9c    00000000     UNINITIALIZED

.bss       0    1181db9c    00000028     UNINITIALIZED
                  1181db9c    00000004     L138_LCDK_aic3106_init.obj (.bss)
                  1181dba0    00000004     evmomapl138_bsl.lib : evmomapl138_i2c.obj (.bss)
                  1181dba4    00000004     (.common:floatCodecInputL)
                  1181dba8    00000004     (.common:floatCodecInputR)
                  1181dbac    00000004     (.common:floatCodecOutputL)
                  1181dbb0    00000004     (.common:floatCodecOutputR)
                  1181dbb4    00000004     (.common:pingIN)
                  1181dbb8    00000004     (.common:pingOUT)
                  1181dbbc    00000004     (.common:pongIN)
                  1181dbc0    00000004     (.common:pongOUT)

.vecs      0    1181dc00    00000200     
                  1181dc00    00000200     vectors_intr.obj (.vecs)

.const     0    1181de00    000001ec     
                  1181de00    00000101     rts6740_elf.lib : ctype.c.obj (.const:.string:_ctypes_)
                  1181df01    00000007     --HOLE-- [fill = 0]
                  1181df08    00000080     evmomapl138_bsl.lib : evmomapl138.obj (.const:bitval_u32)
                  1181df88    00000040                         : evmomapl138.obj (.const:.string)
                  1181dfc8    00000024     rts6740_elf.lib : _printfi.c.obj (.const:.string)

.cio       0    1181dff0    00000120     UNINITIALIZED
                  1181dff0    00000120     rts6740_elf.lib : trgmsg.c.obj (.cio)

.switch    0    1181e110    0000006c     
                  1181e110    00000038     rts6740_elf.lib : _printfi.c.obj (.switch:__TI_printfi)
                  1181e148    00000024     evmomapl138_bsl.lib : evmomapl138_gpio.obj (.switch:getRegisterBankAndBit)
                  1181e16c    00000010     dsp_lab_utils.obj (.switch:DLU_toggleLedD)

.cinit     0    1181e180    000000e8     
                  1181e180    00000087     (.cinit..fardata.load) [load image, compression = rle]
                  1181e207    0000001f     (.cinit..neardata.load) [load image, compression = rle]
                  1181e226    0000000b     (.cinit..far.load) [load image, compression = rle]
                  1181e231    00000009     (.cinit..bss.load) [load image, compression = rle]
                  1181e23a    00000002     --HOLE-- [fill = 0]
                  1181e23c    00000008     (__TI_handler_table)
                  1181e244    00000004     --HOLE-- [fill = 0]
                  1181e248    00000020     (__TI_cinit_table)

MODULE SUMMARY

       Module                       code    ro data   rw data
       ------                       ----    -------   -------
    .\
       dsp_lab_utils.obj            3488    16        8084   
       L138_LCDK_aic3106_init.obj   5920    0         36     
       L2p2-overdrive.obj           736     0         60     
       vectors_intr.obj             544     0         0      
    +--+----------------------------+-------+---------+---------+
       Total:                       10688   16        8180   
                                                             
    C:/Users/makcr/workspace_v11/lab1repo/DSP_BSL/lib/evmomapl138_bsl.lib
       evmomapl138.obj              3008    192       0      
       evmomapl138_i2c_gpio.obj     1344    0         0      
       evmomapl138_gpio.obj         928     36        0      
       evmomapl138_i2c.obj          928     0         4      
       evmomapl138_timer.obj        544     0         0      
       evmomapl138_aic3106.obj      416     0         0      
    +--+----------------------------+-------+---------+---------+
       Total:                       7168    228       4      
                                                             
    C:\ti\ccs1110\ccs\tools\compiler\ti-cgt-c6000_8.3.11\lib\rts6740_elf.lib
       _printfi.c.obj               13504   92        0      
       memory.c.obj                 1760    0         8      
       divd.c.obj                   1504    0         0      
       defs.c.obj                   0       0         804    
       fputs.c.obj                  736     0         0      
       imath64.c.obj                704     0         0      
       trgmsg.c.obj                 224     0         288    
       fputc.c.obj                  448     0         0      
       frexp.c.obj                  448     0         0      
       getdevice.c.obj              448     0         0      
       imath40.c.obj                448     0         0      
       setvbuf.c.obj                448     0         0      
       hostrename.c.obj             416     0         0      
       ldexp.c.obj                  384     0         0      
       write.c.obj                  96      0         280    
       copy_decompress_rle.c.obj    288     0         0      
       printf.c.obj                 288     0         0      
       exit.c.obj                   256     0         12     
       ctype.c.obj                  0       257       0      
       atoi.c.obj                   256     0         0      
       fclose.c.obj                 256     0         0      
       fseek.c.obj                  256     0         0      
       hostopen.c.obj               224     0         8      
       _io_perm.c.obj               224     0         0      
       _ltoa.c.obj                  224     0         0      
       close.c.obj                  224     0         0      
       hostlseek.c.obj              224     0         0      
       hostwrite.c.obj              224     0         0      
       llshift.c.obj                224     0         0      
       memset.c.obj                 224     0         0      
       autoinit.c.obj               192     0         0      
       divu.asm.obj                 192     0         0      
       fflush.c.obj                 192     0         0      
       hostread.c.obj               192     0         0      
       hostunlink.c.obj             192     0         0      
       tls.c.obj                    192     0         0      
       fopen.c.obj                  160     0         0      
       hostclose.c.obj              160     0         0      
       memcpy64.asm.obj             160     0         0      
       boot.c.obj                   128     0         0      
       unlink.c.obj                 128     0         0      
       lseek.c.obj                  96      0         0      
       memccpy.c.obj                96      0         0      
       args_main.c.obj              64      0         0      
       frcmpyd_div.c.obj            64      0         0      
       isinf.c.obj                  64      0         0      
       push.asm.obj                 64      0         0      
       wcslen.c.obj                 64      0         0      
       _lock.c.obj                  32      0         8      
       errno.c.obj                  32      0         4      
       copy_decompress_none.c.obj   32      0         0      
       pre_init.c.obj               32      0         0      
       signbit.c.obj                32      0         0      
       startup.c.obj                32      0         0      
    +--+----------------------------+-------+---------+---------+
       Total:                       27552   349       1412   
                                                             
       Heap:                        0       0         65536  
       Stack:                       0       0         2048   
       Linker Generated:            0       226       0      
    +--+----------------------------+-------+---------+---------+
       Grand Total:                 45408   819       77180  


LINKER GENERATED COPY TABLES

__TI_cinit_table @ 1181e248 records: 4, size/record: 8, table size: 32
	.fardata: load addr=1181e180, load size=00000087 bytes, run addr=1181b0b0, run size=00002284 bytes, compression=rle
	.neardata: load addr=1181e207, load size=0000001f bytes, run addr=1181db38, run size=00000064 bytes, compression=rle
	.far: load addr=1181e226, load size=0000000b bytes, run addr=1181af60, run size=0000014c bytes, compression=rle
	.bss: load addr=1181e231, load size=00000009 bytes, run addr=1181db9c, run size=00000028 bytes, compression=rle


LINKER GENERATED HANDLER TABLE

__TI_handler_table @ 1181e23c records: 2, size/record: 4, table size: 8
	index: 0, handler: __TI_decompress_rle24
	index: 1, handler: __TI_decompress_none


GLOBAL SYMBOLS: SORTED ALPHABETICALLY BY Name 

address   name                                           
-------   ----                                           
11818b40  AIC3106_init                                   
11818c38  AIC3106_readRegister                           
11818c90  AIC3106_writeRegister                          
1181b0a8  AIC31_data                                     
1181aee0  C$$EXIT                                        
1181aa58  C$$IO$$                                        
118141c4  DLU_appendGraphBuff1                           
11814220  DLU_appendGraphBuff2                           
11814290  DLU_clearAllGraphBuffers                       
11813b90  DLU_configTrimmerAutoIncrement                 
11813b00  DLU_configTrimmerCounter                       
118142c8  DLU_enableSingleCaptureOnGraphBuff1            
118142d4  DLU_enableSingleCaptureOnGraphBuff2            
1181427c  DLU_enableSynchronicSingleCaptureOnAllGraphBuff
11814304  DLU_fRand                                      
1181db4a  DLU_gPbToggle                                  
1181db48  DLU_gPbUser1                                   
1181db49  DLU_gPbUser2                                   
11813a08  DLU_initLeds                                   
11813c58  DLU_initPushButtons                            
11814014  DLU_initTicToc                                 
118142e4  DLU_rand                                       
11813818  DLU_readCodecInputs                            
11813a84  DLU_readPushButton1                            
11813a90  DLU_readPushButton2                            
11813aa0  DLU_readToggleStatePB1                         
11813acc  DLU_readToggleStatePB12                        
11813ab4  DLU_readToggleStatePB2                         
11813ae4  DLU_readTrimmerCounter                         
11814028  DLU_tic                                        
1181db40  DLU_timeStampAux                               
1181db38  DLU_timeTicToc                                 
11814070  DLU_toc                                        
11813908  DLU_toggleLedD                                 
11813740  DLU_writeCodecOutputs                          
11813888  DLU_writeLedD4                                 
118138a8  DLU_writeLedD5                                 
118138c8  DLU_writeLedD6                                 
118138e8  DLU_writeLedD7                                 
118122a8  EDMA3_PaRAM_setup                              
1181452c  EVMOMAPL138_enableDsp                          
11814360  EVMOMAPL138_init                               
1181438c  EVMOMAPL138_initRAM                            
118145e0  EVMOMAPL138_lpscTransition                     
11814558  EVMOMAPL138_pinmuxConfig                       
118168e4  GPIO_getInput                                  
11816860  GPIO_setDir                                    
11816954  GPIO_setOutput                                 
118169d4  GPIO_toggleLoop                                
1181a440  HOSTclose                                      
11819720  HOSTlseek                                      
11819800  HOSTopen                                       
11819f00  HOSTread                                       
118189a0  HOSTrename                                     
11819fc0  HOSTunlink                                     
118198e0  HOSTwrite                                      
11815c40  I2CGPIO_getInput                               
11815d6c  I2CGPIO_getInputAll                            
11815b60  I2CGPIO_init                                   
11815e98  I2CGPIO_setOutput                              
11815ff4  I2CGPIO_setOutputAll                           
11816c00  I2C_init                                       
11816cec  I2C_read                                       
11816e54  I2C_write                                      
11813164  L138_init_LCDK_DIP                             
11812e18  L138_init_aic3106_registers                    
11812680  L138_init_mcasp_edma                           
11812930  L138_init_mcasp_intr                           
11812b8c  L138_init_mcasp_poll                           
11813204  L138_initialise_edma                           
11813490  L138_initialise_intr                           
11813394  L138_initialise_poll                           
11817dc0  USTIMER_delay                                  
11817e8c  USTIMER_get                                    
11817cc0  USTIMER_init                                   
11817e58  USTIMER_reset                                  
11817ea4  USTIMER_set                                    
11814ef0  UTIL_isUIBoardAttached                         
11814d98  UTIL_printMem                                  
1181dff0  __CIOBUF_                                      
1181e248  __TI_CINIT_Base                                
1181e268  __TI_CINIT_Limit                               
1181e23c  __TI_Handler_Table_Base                        
1181e244  __TI_Handler_Table_Limit                       
1181db38  __TI_STACK_END                                 
00000800  __TI_STACK_SIZE                                
1181db38  __TI_STATIC_BASE                               
00010000  __TI_SYSMEM_SIZE                               
UNDEFED   __TI_TLS_INIT_Base                             
UNDEFED   __TI_TLS_INIT_Limit                            
1181a080  __TI_auto_init_nobinit_nopinit                 
1181a4e0  __TI_cleanup                                   
1181d2fc  __TI_cleanup_ptr                               
11819220  __TI_closefile                                 
1181af00  __TI_decompress_none                           
1181af20  __TI_decompress_rle24                          
1181a140  __TI_doflush                                   
1181d300  __TI_dtors_ptr                                 
1181d304  __TI_enable_exit_profile_output                
1181ac80  __TI_frcmpyd_div                               
1181d328  __TI_ft_end                                    
118199c0  __TI_ltoa                                      
ffffffff  __TI_pprof_out_hndl                            
11810000  __TI_printfi                                   
ffffffff  __TI_prof_data_size                            
ffffffff  __TI_prof_data_start                           
1181a800  __TI_readmsg                                   
1181a380  __TI_tls_init                                  
1181af60  __TI_tmpnams                                   
1181aa00  __TI_writemsg                                  
11819aa0  __TI_wrt_ok                                    
ffffffff  __binit__                                      
11815580  __c6xabi_divd                                  
1181a200  __c6xabi_divu                                  
118180e0  __c6xabi_divul                                 
11817a60  __c6xabi_divull                                
1181adc0  __c6xabi_errno_addr                            
1181acc0  __c6xabi_isinf                                 
1181a880  __c6xabi_llshl                                 
1181aa60  __c6xabi_llshru                                
1181ade0  __c6xabi_pop_rts                               
1181ae00  __c6xabi_push_rts                              
ffffffff  __c_args__                                     
1181a200  __divu                                         
1181d32c  __errno                                        
1181ade0  __pop_rts                                      
1181ae00  __push_rts                                     
1181ad40  _args_main                                     
1181a900  _c_int00                                       
1181de00  _ctypes_                                       
1181d270  _device                                        
1181cff0  _ftable                                        
1181d320  _lock                                          
1181ae20  _nop                                           
1181ae80  _signbit                                       
1181d338  _stack                                         
1181d1d0  _stream                                        
1181aac0  _subcull                                       
11800000  _sys_memory                                    
1181aea0  _system_post_cinit                             
1181aec0  _system_pre_init                               
1181d324  _unlock                                        
1181aee0  abort                                          
11819520  atoi                                           
ffffffff  binit                                          
1181df08  bitval_u32                                     
11819b80  close                                          
11814944  config_pll0                                    
11814ba8  config_pll1                                    
1181d32c  errno                                          
11819c60  exit                                           
1181db94  fb                                             
1181a620  finddevice                                     
1181dba4  floatCodecInputL                               
1181dba8  floatCodecInputR                               
1181dbac  floatCodecOutputL                              
1181dbb0  floatCodecOutputR                              
118182a0  fputc                                          
11816fa0  fputs                                          
118164a0  free                                           
11818460  frexp                                          
11818460  frexpl                                         
11819620  fseek                                          
1181b0b0  gGraphBuff1                                    
1181c050  gGraphBuff2                                    
1181d2e8  gTrimmer                                       
11819100  getdevice                                      
1181db70  idxAudioBufferLHead                            
1181db78  idxAudioBufferLRead                            
1181db6c  idxAudioBufferRHead                            
1181db74  idxAudioBufferRRead                            
118121ec  input_left_sample                              
11812248  input_right_sample                             
11812190  input_sample                                   
11818e60  int8_pb                                        
118177c0  interrupt4                                     
11818ce0  ldexp                                          
11818ce0  ldexpl                                         
1181ab20  lseek                                          
1181ac40  main                                           
11818620  malloc                                         
1181ab80  memccpy                                        
1181a6c0  memcpy                                         
11819d40  memset                                         
1181db68  outSaturationStat                              
11812094  output_left_sample                             
11812110  output_right_sample                            
11812020  output_sample                                  
1181db90  overdriveAlpha                                 
1181db8c  overdriveBeta                                  
1181db7c  overdriveInput                                 
1181db84  overdriveInputGain                             
1181db80  overdriveOutput                                
1181db88  overdriveOutputGain                            
1181b0a0  parmbuf                                        
1181db4c  pb_states_stat                                 
1181db54  pb_trim_counter_autoincdec_count               
1181db50  pb_trim_counter_delay_count                    
1181d308  pb_user1_deb_stat                              
1181d310  pb_user2_deb_stat                              
1181dbb4  pingIN                                         
1181dbb8  pingOUT                                        
1181dbbc  pongIN                                         
1181dbc0  pongOUT                                        
11813720  prand                                          
1181db98  prand_seed                                     
118135cc  prbs                                           
11819e20  printf                                         
118182a0  putc                                           
118136a8  rand31_next                                    
118131a0  read_LCDK_user_DIP                             
1181a980  remove                                         
11818ce0  scalbn                                         
11818ce0  scalbnl                                        
118187e0  setvbuf                                        
1181d330  sreg                                           
1181a980  unlink                                         
1181dc20  vector1                                        
1181dd40  vector10                                       
1181dd60  vector11                                       
1181dd80  vector12                                       
1181dda0  vector13                                       
1181ddc0  vector14                                       
1181dde0  vector15                                       
1181dc40  vector2                                        
1181dc60  vector3                                        
1181dca0  vector5                                        
1181dcc0  vector6                                        
1181dce0  vector7                                        
1181dd20  vector9                                        
1181dc00  vectors                                        
1181ad80  wcslen                                         
1181abe0  write                                          


GLOBAL SYMBOLS: SORTED BY Symbol Address 

address   name                                           
-------   ----                                           
00000800  __TI_STACK_SIZE                                
00010000  __TI_SYSMEM_SIZE                               
11800000  _sys_memory                                    
11810000  __TI_printfi                                   
11812020  output_sample                                  
11812094  output_left_sample                             
11812110  output_right_sample                            
11812190  input_sample                                   
118121ec  input_left_sample                              
11812248  input_right_sample                             
118122a8  EDMA3_PaRAM_setup                              
11812680  L138_init_mcasp_edma                           
11812930  L138_init_mcasp_intr                           
11812b8c  L138_init_mcasp_poll                           
11812e18  L138_init_aic3106_registers                    
11813164  L138_init_LCDK_DIP                             
118131a0  read_LCDK_user_DIP                             
11813204  L138_initialise_edma                           
11813394  L138_initialise_poll                           
11813490  L138_initialise_intr                           
118135cc  prbs                                           
118136a8  rand31_next                                    
11813720  prand                                          
11813740  DLU_writeCodecOutputs                          
11813818  DLU_readCodecInputs                            
11813888  DLU_writeLedD4                                 
118138a8  DLU_writeLedD5                                 
118138c8  DLU_writeLedD6                                 
118138e8  DLU_writeLedD7                                 
11813908  DLU_toggleLedD                                 
11813a08  DLU_initLeds                                   
11813a84  DLU_readPushButton1                            
11813a90  DLU_readPushButton2                            
11813aa0  DLU_readToggleStatePB1                         
11813ab4  DLU_readToggleStatePB2                         
11813acc  DLU_readToggleStatePB12                        
11813ae4  DLU_readTrimmerCounter                         
11813b00  DLU_configTrimmerCounter                       
11813b90  DLU_configTrimmerAutoIncrement                 
11813c58  DLU_initPushButtons                            
11814014  DLU_initTicToc                                 
11814028  DLU_tic                                        
11814070  DLU_toc                                        
118141c4  DLU_appendGraphBuff1                           
11814220  DLU_appendGraphBuff2                           
1181427c  DLU_enableSynchronicSingleCaptureOnAllGraphBuff
11814290  DLU_clearAllGraphBuffers                       
118142c8  DLU_enableSingleCaptureOnGraphBuff1            
118142d4  DLU_enableSingleCaptureOnGraphBuff2            
118142e4  DLU_rand                                       
11814304  DLU_fRand                                      
11814360  EVMOMAPL138_init                               
1181438c  EVMOMAPL138_initRAM                            
1181452c  EVMOMAPL138_enableDsp                          
11814558  EVMOMAPL138_pinmuxConfig                       
118145e0  EVMOMAPL138_lpscTransition                     
11814944  config_pll0                                    
11814ba8  config_pll1                                    
11814d98  UTIL_printMem                                  
11814ef0  UTIL_isUIBoardAttached                         
11815580  __c6xabi_divd                                  
11815b60  I2CGPIO_init                                   
11815c40  I2CGPIO_getInput                               
11815d6c  I2CGPIO_getInputAll                            
11815e98  I2CGPIO_setOutput                              
11815ff4  I2CGPIO_setOutputAll                           
118164a0  free                                           
11816860  GPIO_setDir                                    
118168e4  GPIO_getInput                                  
11816954  GPIO_setOutput                                 
118169d4  GPIO_toggleLoop                                
11816c00  I2C_init                                       
11816cec  I2C_read                                       
11816e54  I2C_write                                      
11816fa0  fputs                                          
118177c0  interrupt4                                     
11817a60  __c6xabi_divull                                
11817cc0  USTIMER_init                                   
11817dc0  USTIMER_delay                                  
11817e58  USTIMER_reset                                  
11817e8c  USTIMER_get                                    
11817ea4  USTIMER_set                                    
118180e0  __c6xabi_divul                                 
118182a0  fputc                                          
118182a0  putc                                           
11818460  frexp                                          
11818460  frexpl                                         
11818620  malloc                                         
118187e0  setvbuf                                        
118189a0  HOSTrename                                     
11818b40  AIC3106_init                                   
11818c38  AIC3106_readRegister                           
11818c90  AIC3106_writeRegister                          
11818ce0  ldexp                                          
11818ce0  ldexpl                                         
11818ce0  scalbn                                         
11818ce0  scalbnl                                        
11818e60  int8_pb                                        
11819100  getdevice                                      
11819220  __TI_closefile                                 
11819520  atoi                                           
11819620  fseek                                          
11819720  HOSTlseek                                      
11819800  HOSTopen                                       
118198e0  HOSTwrite                                      
118199c0  __TI_ltoa                                      
11819aa0  __TI_wrt_ok                                    
11819b80  close                                          
11819c60  exit                                           
11819d40  memset                                         
11819e20  printf                                         
11819f00  HOSTread                                       
11819fc0  HOSTunlink                                     
1181a080  __TI_auto_init_nobinit_nopinit                 
1181a140  __TI_doflush                                   
1181a200  __c6xabi_divu                                  
1181a200  __divu                                         
1181a380  __TI_tls_init                                  
1181a440  HOSTclose                                      
1181a4e0  __TI_cleanup                                   
1181a620  finddevice                                     
1181a6c0  memcpy                                         
1181a800  __TI_readmsg                                   
1181a880  __c6xabi_llshl                                 
1181a900  _c_int00                                       
1181a980  remove                                         
1181a980  unlink                                         
1181aa00  __TI_writemsg                                  
1181aa58  C$$IO$$                                        
1181aa60  __c6xabi_llshru                                
1181aac0  _subcull                                       
1181ab20  lseek                                          
1181ab80  memccpy                                        
1181abe0  write                                          
1181ac40  main                                           
1181ac80  __TI_frcmpyd_div                               
1181acc0  __c6xabi_isinf                                 
1181ad40  _args_main                                     
1181ad80  wcslen                                         
1181adc0  __c6xabi_errno_addr                            
1181ade0  __c6xabi_pop_rts                               
1181ade0  __pop_rts                                      
1181ae00  __c6xabi_push_rts                              
1181ae00  __push_rts                                     
1181ae20  _nop                                           
1181ae80  _signbit                                       
1181aea0  _system_post_cinit                             
1181aec0  _system_pre_init                               
1181aee0  C$$EXIT                                        
1181aee0  abort                                          
1181af00  __TI_decompress_none                           
1181af20  __TI_decompress_rle24                          
1181af60  __TI_tmpnams                                   
1181b0a0  parmbuf                                        
1181b0a8  AIC31_data                                     
1181b0b0  gGraphBuff1                                    
1181c050  gGraphBuff2                                    
1181cff0  _ftable                                        
1181d1d0  _stream                                        
1181d270  _device                                        
1181d2e8  gTrimmer                                       
1181d2fc  __TI_cleanup_ptr                               
1181d300  __TI_dtors_ptr                                 
1181d304  __TI_enable_exit_profile_output                
1181d308  pb_user1_deb_stat                              
1181d310  pb_user2_deb_stat                              
1181d320  _lock                                          
1181d324  _unlock                                        
1181d328  __TI_ft_end                                    
1181d32c  __errno                                        
1181d32c  errno                                          
1181d330  sreg                                           
1181d338  _stack                                         
1181db38  DLU_timeTicToc                                 
1181db38  __TI_STACK_END                                 
1181db38  __TI_STATIC_BASE                               
1181db40  DLU_timeStampAux                               
1181db48  DLU_gPbUser1                                   
1181db49  DLU_gPbUser2                                   
1181db4a  DLU_gPbToggle                                  
1181db4c  pb_states_stat                                 
1181db50  pb_trim_counter_delay_count                    
1181db54  pb_trim_counter_autoincdec_count               
1181db68  outSaturationStat                              
1181db6c  idxAudioBufferRHead                            
1181db70  idxAudioBufferLHead                            
1181db74  idxAudioBufferRRead                            
1181db78  idxAudioBufferLRead                            
1181db7c  overdriveInput                                 
1181db80  overdriveOutput                                
1181db84  overdriveInputGain                             
1181db88  overdriveOutputGain                            
1181db8c  overdriveBeta                                  
1181db90  overdriveAlpha                                 
1181db94  fb                                             
1181db98  prand_seed                                     
1181dba4  floatCodecInputL                               
1181dba8  floatCodecInputR                               
1181dbac  floatCodecOutputL                              
1181dbb0  floatCodecOutputR                              
1181dbb4  pingIN                                         
1181dbb8  pingOUT                                        
1181dbbc  pongIN                                         
1181dbc0  pongOUT                                        
1181dc00  vectors                                        
1181dc20  vector1                                        
1181dc40  vector2                                        
1181dc60  vector3                                        
1181dca0  vector5                                        
1181dcc0  vector6                                        
1181dce0  vector7                                        
1181dd20  vector9                                        
1181dd40  vector10                                       
1181dd60  vector11                                       
1181dd80  vector12                                       
1181dda0  vector13                                       
1181ddc0  vector14                                       
1181dde0  vector15                                       
1181de00  _ctypes_                                       
1181df08  bitval_u32                                     
1181dff0  __CIOBUF_                                      
1181e23c  __TI_Handler_Table_Base                        
1181e244  __TI_Handler_Table_Limit                       
1181e248  __TI_CINIT_Base                                
1181e268  __TI_CINIT_Limit                               
ffffffff  __TI_pprof_out_hndl                            
ffffffff  __TI_prof_data_size                            
ffffffff  __TI_prof_data_start                           
ffffffff  __binit__                                      
ffffffff  __c_args__                                     
ffffffff  binit                                          
UNDEFED   __TI_TLS_INIT_Base                             
UNDEFED   __TI_TLS_INIT_Limit                            

[233 symbols]
