<?xml version="1.0" encoding="ISO-8859-1" ?>
<link_info>
   <banner>TMS320C6x Linker PC v8.3.11</banner>
   <copyright>Copyright (c) 1996-2018 Texas Instruments Incorporated</copyright>
   <link_time>0x62570276</link_time>
   <link_errors>0x0</link_errors>
   <output_file>lab1_p2.out</output_file>
   <entry_point>
      <name>_c_int00</name>
      <address>0x1181b300</address>
   </entry_point>
   <input_file_list>
      <input_file id="fl-2">
         <path>.\</path>
         <kind>object</kind>
         <file>L138_LCDK_aic3106_init.obj</file>
         <name>L138_LCDK_aic3106_init.obj</name>
      </input_file>
      <input_file id="fl-3">
         <path>.\</path>
         <kind>object</kind>
         <file>L1p2.obj</file>
         <name>L1p2.obj</name>
      </input_file>
      <input_file id="fl-4">
         <path>.\</path>
         <kind>object</kind>
         <file>dsp_lab_utils.obj</file>
         <name>dsp_lab_utils.obj</name>
      </input_file>
      <input_file id="fl-5">
         <path>.\</path>
         <kind>object</kind>
         <file>vectors_intr.obj</file>
         <name>vectors_intr.obj</name>
      </input_file>
      <input_file id="fl-a">
         <kind>object</kind>
         <file>&lt;internal&gt;</file>
         <name>&lt;internal&gt;</name>
      </input_file>
      <input_file id="fl-24">
         <path>C:\ti\ccs1110\ccs\tools\compiler\ti-cgt-c6000_8.3.11\lib\</path>
         <kind>archive</kind>
         <file>rts6740_elf.lib</file>
         <name>divi.asm.obj</name>
      </input_file>
      <input_file id="fl-25">
         <path>C:\ti\ccs1110\ccs\tools\compiler\ti-cgt-c6000_8.3.11\lib\</path>
         <kind>archive</kind>
         <file>rts6740_elf.lib</file>
         <name>boot.c.obj</name>
      </input_file>
      <input_file id="fl-26">
         <path>C:\ti\ccs1110\ccs\tools\compiler\ti-cgt-c6000_8.3.11\lib\</path>
         <kind>archive</kind>
         <file>rts6740_elf.lib</file>
         <name>memset.c.obj</name>
      </input_file>
      <input_file id="fl-27">
         <path>C:\ti\ccs1110\ccs\tools\compiler\ti-cgt-c6000_8.3.11\lib\</path>
         <kind>archive</kind>
         <file>rts6740_elf.lib</file>
         <name>autoinit.c.obj</name>
      </input_file>
      <input_file id="fl-28">
         <path>C:\ti\ccs1110\ccs\tools\compiler\ti-cgt-c6000_8.3.11\lib\</path>
         <kind>archive</kind>
         <file>rts6740_elf.lib</file>
         <name>pre_init.c.obj</name>
      </input_file>
      <input_file id="fl-29">
         <path>C:\ti\ccs1110\ccs\tools\compiler\ti-cgt-c6000_8.3.11\lib\</path>
         <kind>archive</kind>
         <file>rts6740_elf.lib</file>
         <name>startup.c.obj</name>
      </input_file>
      <input_file id="fl-2a">
         <path>C:\ti\ccs1110\ccs\tools\compiler\ti-cgt-c6000_8.3.11\lib\</path>
         <kind>archive</kind>
         <file>rts6740_elf.lib</file>
         <name>cpy_tbl.c.obj</name>
      </input_file>
      <input_file id="fl-2b">
         <path>C:\ti\ccs1110\ccs\tools\compiler\ti-cgt-c6000_8.3.11\lib\</path>
         <kind>archive</kind>
         <file>rts6740_elf.lib</file>
         <name>copy_zero_init.c.obj</name>
      </input_file>
      <input_file id="fl-2c">
         <path>C:\ti\ccs1110\ccs\tools\compiler\ti-cgt-c6000_8.3.11\lib\</path>
         <kind>archive</kind>
         <file>rts6740_elf.lib</file>
         <name>copy_decompress_none.c.obj</name>
      </input_file>
      <input_file id="fl-2d">
         <path>C:\ti\ccs1110\ccs\tools\compiler\ti-cgt-c6000_8.3.11\lib\</path>
         <kind>archive</kind>
         <file>rts6740_elf.lib</file>
         <name>copy_decompress_rle.c.obj</name>
      </input_file>
      <input_file id="fl-2e">
         <path>C:\ti\ccs1110\ccs\tools\compiler\ti-cgt-c6000_8.3.11\lib\</path>
         <kind>archive</kind>
         <file>rts6740_elf.lib</file>
         <name>cosf.c.obj</name>
      </input_file>
      <input_file id="fl-2f">
         <path>C:\ti\ccs1110\ccs\tools\compiler\ti-cgt-c6000_8.3.11\lib\</path>
         <kind>archive</kind>
         <file>rts6740_elf.lib</file>
         <name>modff.c.obj</name>
      </input_file>
      <input_file id="fl-30">
         <path>C:\ti\ccs1110\ccs\tools\compiler\ti-cgt-c6000_8.3.11\lib\</path>
         <kind>archive</kind>
         <file>rts6740_elf.lib</file>
         <name>roundf.c.obj</name>
      </input_file>
      <input_file id="fl-31">
         <path>C:\ti\ccs1110\ccs\tools\compiler\ti-cgt-c6000_8.3.11\lib\</path>
         <kind>archive</kind>
         <file>rts6740_elf.lib</file>
         <name>truncf.c.obj</name>
      </input_file>
      <input_file id="fl-32">
         <path>C:\ti\ccs1110\ccs\tools\compiler\ti-cgt-c6000_8.3.11\lib\</path>
         <kind>archive</kind>
         <file>rts6740_elf.lib</file>
         <name>divf.c.obj</name>
      </input_file>
      <input_file id="fl-33">
         <path>C:\ti\ccs1110\ccs\tools\compiler\ti-cgt-c6000_8.3.11\lib\</path>
         <kind>archive</kind>
         <file>rts6740_elf.lib</file>
         <name>tls.c.obj</name>
      </input_file>
      <input_file id="fl-34">
         <path>C:\ti\ccs1110\ccs\tools\compiler\ti-cgt-c6000_8.3.11\lib\</path>
         <kind>archive</kind>
         <file>rts6740_elf.lib</file>
         <name>exit.c.obj</name>
      </input_file>
      <input_file id="fl-35">
         <path>C:\ti\ccs1110\ccs\tools\compiler\ti-cgt-c6000_8.3.11\lib\</path>
         <kind>archive</kind>
         <file>rts6740_elf.lib</file>
         <name>memory.c.obj</name>
      </input_file>
      <input_file id="fl-36">
         <path>C:\ti\ccs1110\ccs\tools\compiler\ti-cgt-c6000_8.3.11\lib\</path>
         <kind>archive</kind>
         <file>rts6740_elf.lib</file>
         <name>_lock.c.obj</name>
      </input_file>
      <input_file id="fl-37">
         <path>C:\ti\ccs1110\ccs\tools\compiler\ti-cgt-c6000_8.3.11\lib\</path>
         <kind>archive</kind>
         <file>rts6740_elf.lib</file>
         <name>args_main.c.obj</name>
      </input_file>
      <input_file id="fl-38">
         <path>C:\ti\ccs1110\ccs\tools\compiler\ti-cgt-c6000_8.3.11\lib\</path>
         <kind>archive</kind>
         <file>rts6740_elf.lib</file>
         <name>tls_get_tp.asm.obj</name>
      </input_file>
      <input_file id="fl-39">
         <path>C:\ti\ccs1110\ccs\tools\compiler\ti-cgt-c6000_8.3.11\lib\</path>
         <kind>archive</kind>
         <file>rts6740_elf.lib</file>
         <name>memcpy64.asm.obj</name>
      </input_file>
      <input_file id="fl-3a">
         <path>C:\Users\makcr\workspace_v11\lab1repo\DSP_BSL\lib\</path>
         <kind>archive</kind>
         <file>evmomapl138_bsl.lib</file>
         <name>evmomapl138.obj</name>
      </input_file>
      <input_file id="fl-3b">
         <path>C:\Users\makcr\workspace_v11\lab1repo\DSP_BSL\lib\</path>
         <kind>archive</kind>
         <file>evmomapl138_bsl.lib</file>
         <name>evmomapl138_aic3106.obj</name>
      </input_file>
      <input_file id="fl-3c">
         <path>C:\Users\makcr\workspace_v11\lab1repo\DSP_BSL\lib\</path>
         <kind>archive</kind>
         <file>evmomapl138_bsl.lib</file>
         <name>evmomapl138_gpio.obj</name>
      </input_file>
      <input_file id="fl-3d">
         <path>C:\Users\makcr\workspace_v11\lab1repo\DSP_BSL\lib\</path>
         <kind>archive</kind>
         <file>evmomapl138_bsl.lib</file>
         <name>evmomapl138_i2c.obj</name>
      </input_file>
      <input_file id="fl-3e">
         <path>C:\Users\makcr\workspace_v11\lab1repo\DSP_BSL\lib\</path>
         <kind>archive</kind>
         <file>evmomapl138_bsl.lib</file>
         <name>evmomapl138_i2c_gpio.obj</name>
      </input_file>
      <input_file id="fl-3f">
         <path>C:\Users\makcr\workspace_v11\lab1repo\DSP_BSL\lib\</path>
         <kind>archive</kind>
         <file>evmomapl138_bsl.lib</file>
         <name>evmomapl138_timer.obj</name>
      </input_file>
      <input_file id="fl-40">
         <path>C:\ti\ccs1110\ccs\tools\compiler\ti-cgt-c6000_8.3.11\lib\</path>
         <kind>archive</kind>
         <file>rts6740_elf.lib</file>
         <name>printf.c.obj</name>
      </input_file>
      <input_file id="fl-41">
         <path>C:\ti\ccs1110\ccs\tools\compiler\ti-cgt-c6000_8.3.11\lib\</path>
         <kind>archive</kind>
         <file>rts6740_elf.lib</file>
         <name>_printfi.c.obj</name>
      </input_file>
      <input_file id="fl-42">
         <path>C:\ti\ccs1110\ccs\tools\compiler\ti-cgt-c6000_8.3.11\lib\</path>
         <kind>archive</kind>
         <file>rts6740_elf.lib</file>
         <name>fputc.c.obj</name>
      </input_file>
      <input_file id="fl-43">
         <path>C:\ti\ccs1110\ccs\tools\compiler\ti-cgt-c6000_8.3.11\lib\</path>
         <kind>archive</kind>
         <file>rts6740_elf.lib</file>
         <name>fputs.c.obj</name>
      </input_file>
      <input_file id="fl-44">
         <path>C:\ti\ccs1110\ccs\tools\compiler\ti-cgt-c6000_8.3.11\lib\</path>
         <kind>archive</kind>
         <file>rts6740_elf.lib</file>
         <name>_io_perm.c.obj</name>
      </input_file>
      <input_file id="fl-45">
         <path>C:\ti\ccs1110\ccs\tools\compiler\ti-cgt-c6000_8.3.11\lib\</path>
         <kind>archive</kind>
         <file>rts6740_elf.lib</file>
         <name>setvbuf.c.obj</name>
      </input_file>
      <input_file id="fl-46">
         <path>C:\ti\ccs1110\ccs\tools\compiler\ti-cgt-c6000_8.3.11\lib\</path>
         <kind>archive</kind>
         <file>rts6740_elf.lib</file>
         <name>wcslen.c.obj</name>
      </input_file>
      <input_file id="fl-47">
         <path>C:\ti\ccs1110\ccs\tools\compiler\ti-cgt-c6000_8.3.11\lib\</path>
         <kind>archive</kind>
         <file>rts6740_elf.lib</file>
         <name>push.asm.obj</name>
      </input_file>
      <input_file id="fl-48">
         <path>C:\ti\ccs1110\ccs\tools\compiler\ti-cgt-c6000_8.3.11\lib\</path>
         <kind>archive</kind>
         <file>rts6740_elf.lib</file>
         <name>divu.asm.obj</name>
      </input_file>
      <input_file id="fl-49">
         <path>C:\ti\ccs1110\ccs\tools\compiler\ti-cgt-c6000_8.3.11\lib\</path>
         <kind>archive</kind>
         <file>rts6740_elf.lib</file>
         <name>imath40.c.obj</name>
      </input_file>
      <input_file id="fl-4a">
         <path>C:\ti\ccs1110\ccs\tools\compiler\ti-cgt-c6000_8.3.11\lib\</path>
         <kind>archive</kind>
         <file>rts6740_elf.lib</file>
         <name>imath64.c.obj</name>
      </input_file>
      <input_file id="fl-4b">
         <path>C:\ti\ccs1110\ccs\tools\compiler\ti-cgt-c6000_8.3.11\lib\</path>
         <kind>archive</kind>
         <file>rts6740_elf.lib</file>
         <name>llshift.c.obj</name>
      </input_file>
      <input_file id="fl-4c">
         <path>C:\ti\ccs1110\ccs\tools\compiler\ti-cgt-c6000_8.3.11\lib\</path>
         <kind>archive</kind>
         <file>rts6740_elf.lib</file>
         <name>frexp.c.obj</name>
      </input_file>
      <input_file id="fl-4d">
         <path>C:\ti\ccs1110\ccs\tools\compiler\ti-cgt-c6000_8.3.11\lib\</path>
         <kind>archive</kind>
         <file>rts6740_elf.lib</file>
         <name>isinf.c.obj</name>
      </input_file>
      <input_file id="fl-4e">
         <path>C:\ti\ccs1110\ccs\tools\compiler\ti-cgt-c6000_8.3.11\lib\</path>
         <kind>archive</kind>
         <file>rts6740_elf.lib</file>
         <name>ldexp.c.obj</name>
      </input_file>
      <input_file id="fl-4f">
         <path>C:\ti\ccs1110\ccs\tools\compiler\ti-cgt-c6000_8.3.11\lib\</path>
         <kind>archive</kind>
         <file>rts6740_elf.lib</file>
         <name>signbit.c.obj</name>
      </input_file>
      <input_file id="fl-50">
         <path>C:\ti\ccs1110\ccs\tools\compiler\ti-cgt-c6000_8.3.11\lib\</path>
         <kind>archive</kind>
         <file>rts6740_elf.lib</file>
         <name>divd.c.obj</name>
      </input_file>
      <input_file id="fl-51">
         <path>C:\ti\ccs1110\ccs\tools\compiler\ti-cgt-c6000_8.3.11\lib\</path>
         <kind>archive</kind>
         <file>rts6740_elf.lib</file>
         <name>frcmpyd_div.c.obj</name>
      </input_file>
      <input_file id="fl-52">
         <path>C:\ti\ccs1110\ccs\tools\compiler\ti-cgt-c6000_8.3.11\lib\</path>
         <kind>archive</kind>
         <file>rts6740_elf.lib</file>
         <name>_ltoa.c.obj</name>
      </input_file>
      <input_file id="fl-53">
         <path>C:\ti\ccs1110\ccs\tools\compiler\ti-cgt-c6000_8.3.11\lib\</path>
         <kind>archive</kind>
         <file>rts6740_elf.lib</file>
         <name>atoi.c.obj</name>
      </input_file>
      <input_file id="fl-54">
         <path>C:\ti\ccs1110\ccs\tools\compiler\ti-cgt-c6000_8.3.11\lib\</path>
         <kind>archive</kind>
         <file>rts6740_elf.lib</file>
         <name>ctype.c.obj</name>
      </input_file>
      <input_file id="fl-55">
         <path>C:\ti\ccs1110\ccs\tools\compiler\ti-cgt-c6000_8.3.11\lib\</path>
         <kind>archive</kind>
         <file>rts6740_elf.lib</file>
         <name>defs.c.obj</name>
      </input_file>
      <input_file id="fl-56">
         <path>C:\ti\ccs1110\ccs\tools\compiler\ti-cgt-c6000_8.3.11\lib\</path>
         <kind>archive</kind>
         <file>rts6740_elf.lib</file>
         <name>memccpy.c.obj</name>
      </input_file>
      <input_file id="fl-57">
         <path>C:\ti\ccs1110\ccs\tools\compiler\ti-cgt-c6000_8.3.11\lib\</path>
         <kind>archive</kind>
         <file>rts6740_elf.lib</file>
         <name>write.c.obj</name>
      </input_file>
      <input_file id="fl-58">
         <path>C:\ti\ccs1110\ccs\tools\compiler\ti-cgt-c6000_8.3.11\lib\</path>
         <kind>archive</kind>
         <file>rts6740_elf.lib</file>
         <name>llabs.c.obj</name>
      </input_file>
      <input_file id="fl-59">
         <path>C:\ti\ccs1110\ccs\tools\compiler\ti-cgt-c6000_8.3.11\lib\</path>
         <kind>archive</kind>
         <file>rts6740_elf.lib</file>
         <name>errno.c.obj</name>
      </input_file>
      <input_file id="fl-5a">
         <path>C:\ti\ccs1110\ccs\tools\compiler\ti-cgt-c6000_8.3.11\lib\</path>
         <kind>archive</kind>
         <file>rts6740_elf.lib</file>
         <name>fflush.c.obj</name>
      </input_file>
      <input_file id="fl-5b">
         <path>C:\ti\ccs1110\ccs\tools\compiler\ti-cgt-c6000_8.3.11\lib\</path>
         <kind>archive</kind>
         <file>rts6740_elf.lib</file>
         <name>fopen.c.obj</name>
      </input_file>
      <input_file id="fl-5c">
         <path>C:\ti\ccs1110\ccs\tools\compiler\ti-cgt-c6000_8.3.11\lib\</path>
         <kind>archive</kind>
         <file>rts6740_elf.lib</file>
         <name>fseek.c.obj</name>
      </input_file>
      <input_file id="fl-5d">
         <path>C:\ti\ccs1110\ccs\tools\compiler\ti-cgt-c6000_8.3.11\lib\</path>
         <kind>archive</kind>
         <file>rts6740_elf.lib</file>
         <name>lseek.c.obj</name>
      </input_file>
      <input_file id="fl-5e">
         <path>C:\ti\ccs1110\ccs\tools\compiler\ti-cgt-c6000_8.3.11\lib\</path>
         <kind>archive</kind>
         <file>rts6740_elf.lib</file>
         <name>open.c.obj</name>
      </input_file>
      <input_file id="fl-5f">
         <path>C:\ti\ccs1110\ccs\tools\compiler\ti-cgt-c6000_8.3.11\lib\</path>
         <kind>archive</kind>
         <file>rts6740_elf.lib</file>
         <name>hostclose.c.obj</name>
      </input_file>
      <input_file id="fl-60">
         <path>C:\ti\ccs1110\ccs\tools\compiler\ti-cgt-c6000_8.3.11\lib\</path>
         <kind>archive</kind>
         <file>rts6740_elf.lib</file>
         <name>hostlseek.c.obj</name>
      </input_file>
      <input_file id="fl-61">
         <path>C:\ti\ccs1110\ccs\tools\compiler\ti-cgt-c6000_8.3.11\lib\</path>
         <kind>archive</kind>
         <file>rts6740_elf.lib</file>
         <name>hostopen.c.obj</name>
      </input_file>
      <input_file id="fl-62">
         <path>C:\ti\ccs1110\ccs\tools\compiler\ti-cgt-c6000_8.3.11\lib\</path>
         <kind>archive</kind>
         <file>rts6740_elf.lib</file>
         <name>hostread.c.obj</name>
      </input_file>
      <input_file id="fl-63">
         <path>C:\ti\ccs1110\ccs\tools\compiler\ti-cgt-c6000_8.3.11\lib\</path>
         <kind>archive</kind>
         <file>rts6740_elf.lib</file>
         <name>hostrename.c.obj</name>
      </input_file>
      <input_file id="fl-64">
         <path>C:\ti\ccs1110\ccs\tools\compiler\ti-cgt-c6000_8.3.11\lib\</path>
         <kind>archive</kind>
         <file>rts6740_elf.lib</file>
         <name>hostunlink.c.obj</name>
      </input_file>
      <input_file id="fl-65">
         <path>C:\ti\ccs1110\ccs\tools\compiler\ti-cgt-c6000_8.3.11\lib\</path>
         <kind>archive</kind>
         <file>rts6740_elf.lib</file>
         <name>hostwrite.c.obj</name>
      </input_file>
      <input_file id="fl-66">
         <path>C:\ti\ccs1110\ccs\tools\compiler\ti-cgt-c6000_8.3.11\lib\</path>
         <kind>archive</kind>
         <file>rts6740_elf.lib</file>
         <name>trgmsg.c.obj</name>
      </input_file>
      <input_file id="fl-67">
         <path>C:\ti\ccs1110\ccs\tools\compiler\ti-cgt-c6000_8.3.11\lib\</path>
         <kind>archive</kind>
         <file>rts6740_elf.lib</file>
         <name>fclose.c.obj</name>
      </input_file>
      <input_file id="fl-68">
         <path>C:\ti\ccs1110\ccs\tools\compiler\ti-cgt-c6000_8.3.11\lib\</path>
         <kind>archive</kind>
         <file>rts6740_elf.lib</file>
         <name>getdevice.c.obj</name>
      </input_file>
      <input_file id="fl-69">
         <path>C:\ti\ccs1110\ccs\tools\compiler\ti-cgt-c6000_8.3.11\lib\</path>
         <kind>archive</kind>
         <file>rts6740_elf.lib</file>
         <name>close.c.obj</name>
      </input_file>
      <input_file id="fl-6a">
         <path>C:\ti\ccs1110\ccs\tools\compiler\ti-cgt-c6000_8.3.11\lib\</path>
         <kind>archive</kind>
         <file>rts6740_elf.lib</file>
         <name>remove.c.obj</name>
      </input_file>
      <input_file id="fl-6b">
         <path>C:\ti\ccs1110\ccs\tools\compiler\ti-cgt-c6000_8.3.11\lib\</path>
         <kind>archive</kind>
         <file>rts6740_elf.lib</file>
         <name>unlink.c.obj</name>
      </input_file>
   </input_file_list>
   <object_component_list>
      <object_component id="oc-286">
         <name>.text:__TI_printfi</name>
         <load_address>0x11810000</load_address>
         <run_address>0x11810000</run_address>
         <size>0x2020</size>
         <input_file_ref idref="fl-41"/>
      </object_component>
      <object_component id="oc-134">
         <name>.text</name>
         <load_address>0x11812020</load_address>
         <run_address>0x11812020</run_address>
         <size>0x1720</size>
         <input_file_ref idref="fl-2"/>
      </object_component>
      <object_component id="oc-90">
         <name>.text</name>
         <load_address>0x11813740</load_address>
         <run_address>0x11813740</run_address>
         <size>0xc20</size>
         <input_file_ref idref="fl-4"/>
      </object_component>
      <object_component id="oc-140">
         <name>.text</name>
         <load_address>0x11814360</load_address>
         <run_address>0x11814360</run_address>
         <size>0xbc0</size>
         <input_file_ref idref="fl-3a"/>
      </object_component>
      <object_component id="oc-310">
         <name>.text:_pconv_a</name>
         <load_address>0x11814f20</load_address>
         <run_address>0x11814f20</run_address>
         <size>0x660</size>
         <input_file_ref idref="fl-41"/>
      </object_component>
      <object_component id="oc-38d">
         <name>.text:__c6xabi_divd</name>
         <load_address>0x11815580</load_address>
         <run_address>0x11815580</run_address>
         <size>0x5e0</size>
         <input_file_ref idref="fl-50"/>
      </object_component>
      <object_component id="oc-203">
         <name>.text</name>
         <load_address>0x11815b60</load_address>
         <run_address>0x11815b60</run_address>
         <size>0x540</size>
         <input_file_ref idref="fl-3e"/>
      </object_component>
      <object_component id="oc-2fe">
         <name>.text:_pconv_g</name>
         <load_address>0x118160a0</load_address>
         <run_address>0x118160a0</run_address>
         <size>0x400</size>
         <input_file_ref idref="fl-41"/>
      </object_component>
      <object_component id="oc-43f">
         <name>.text:free</name>
         <load_address>0x118164a0</load_address>
         <run_address>0x118164a0</run_address>
         <size>0x3c0</size>
         <input_file_ref idref="fl-35"/>
      </object_component>
      <object_component id="oc-13a">
         <name>.text</name>
         <load_address>0x11816860</load_address>
         <run_address>0x11816860</run_address>
         <size>0x3a0</size>
         <input_file_ref idref="fl-3c"/>
      </object_component>
      <object_component id="oc-24f">
         <name>.text</name>
         <load_address>0x11816c00</load_address>
         <run_address>0x11816c00</run_address>
         <size>0x3a0</size>
         <input_file_ref idref="fl-3d"/>
      </object_component>
      <object_component id="oc-2c">
         <name>.text:retain</name>
         <load_address>0x11816fa0</load_address>
         <run_address>0x11816fa0</run_address>
         <size>0x380</size>
         <input_file_ref idref="fl-3"/>
      </object_component>
      <object_component id="oc-9c">
         <name>.text</name>
         <load_address>0x11817320</load_address>
         <run_address>0x11817320</run_address>
         <size>0x2e0</size>
         <input_file_ref idref="fl-3"/>
      </object_component>
      <object_component id="oc-2d4">
         <name>.text:fputs</name>
         <load_address>0x11817600</load_address>
         <run_address>0x11817600</run_address>
         <size>0x2e0</size>
         <input_file_ref idref="fl-43"/>
      </object_component>
      <object_component id="oc-30a">
         <name>.text:_pconv_e</name>
         <load_address>0x118178e0</load_address>
         <run_address>0x118178e0</run_address>
         <size>0x2a0</size>
         <input_file_ref idref="fl-41"/>
      </object_component>
      <object_component id="oc-3a6">
         <name>.text:fcvt</name>
         <load_address>0x11817b80</load_address>
         <run_address>0x11817b80</run_address>
         <size>0x2a0</size>
         <input_file_ref idref="fl-41"/>
      </object_component>
      <object_component id="oc-174">
         <name>.text:__c6xabi_divf</name>
         <load_address>0x11817e20</load_address>
         <run_address>0x11817e20</run_address>
         <size>0x280</size>
         <input_file_ref idref="fl-32"/>
      </object_component>
      <object_component id="oc-378">
         <name>.text:__c6xabi_divull</name>
         <load_address>0x118180a0</load_address>
         <run_address>0x118180a0</run_address>
         <size>0x260</size>
         <input_file_ref idref="fl-4a"/>
      </object_component>
      <object_component id="oc-96">
         <name>.text:cosf</name>
         <load_address>0x11818300</load_address>
         <run_address>0x11818300</run_address>
         <size>0x260</size>
         <input_file_ref idref="fl-2e"/>
      </object_component>
      <object_component id="oc-1ef">
         <name>.text</name>
         <load_address>0x11818560</load_address>
         <run_address>0x11818560</run_address>
         <size>0x220</size>
         <input_file_ref idref="fl-3f"/>
      </object_component>
      <object_component id="oc-2e6">
         <name>.text:_ltostr</name>
         <load_address>0x11818780</load_address>
         <run_address>0x11818780</run_address>
         <size>0x200</size>
         <input_file_ref idref="fl-41"/>
      </object_component>
      <object_component id="oc-37e">
         <name>.text:__c6xabi_divul</name>
         <load_address>0x11818980</load_address>
         <run_address>0x11818980</run_address>
         <size>0x1c0</size>
         <input_file_ref idref="fl-49"/>
      </object_component>
      <object_component id="oc-2cd">
         <name>.text:fputc</name>
         <load_address>0x11818b40</load_address>
         <run_address>0x11818b40</run_address>
         <size>0x1c0</size>
         <input_file_ref idref="fl-42"/>
      </object_component>
      <object_component id="oc-3ae">
         <name>.text:frexp</name>
         <load_address>0x11818d00</load_address>
         <run_address>0x11818d00</run_address>
         <size>0x1c0</size>
         <input_file_ref idref="fl-4c"/>
      </object_component>
      <object_component id="oc-1e9">
         <name>.text:malloc</name>
         <load_address>0x11818ec0</load_address>
         <run_address>0x11818ec0</run_address>
         <size>0x1c0</size>
         <input_file_ref idref="fl-35"/>
      </object_component>
      <object_component id="oc-3dc">
         <name>.text:setvbuf</name>
         <load_address>0x11819080</load_address>
         <run_address>0x11819080</run_address>
         <size>0x1c0</size>
         <input_file_ref idref="fl-45"/>
      </object_component>
      <object_component id="oc-4c6">
         <name>.text:HOSTrename</name>
         <load_address>0x11819240</load_address>
         <run_address>0x11819240</run_address>
         <size>0x1a0</size>
         <input_file_ref idref="fl-63"/>
      </object_component>
      <object_component id="oc-1e3">
         <name>.text</name>
         <load_address>0x118193e0</load_address>
         <run_address>0x118193e0</run_address>
         <size>0x1a0</size>
         <input_file_ref idref="fl-3b"/>
      </object_component>
      <object_component id="oc-3b4">
         <name>.text:ldexp</name>
         <load_address>0x11819580</load_address>
         <run_address>0x11819580</run_address>
         <size>0x180</size>
         <input_file_ref idref="fl-4e"/>
      </object_component>
      <object_component id="oc-32">
         <name>.text:retain</name>
         <load_address>0x11819700</load_address>
         <run_address>0x11819700</run_address>
         <size>0x180</size>
         <input_file_ref idref="fl-4"/>
      </object_component>
      <object_component id="oc-304">
         <name>.text:_pconv_f</name>
         <load_address>0x11819880</load_address>
         <run_address>0x11819880</run_address>
         <size>0x120</size>
         <input_file_ref idref="fl-41"/>
      </object_component>
      <object_component id="oc-510">
         <name>.text:getdevice</name>
         <load_address>0x118199a0</load_address>
         <run_address>0x118199a0</run_address>
         <size>0x120</size>
         <input_file_ref idref="fl-68"/>
      </object_component>
      <object_component id="oc-499">
         <name>.text:__TI_closefile</name>
         <load_address>0x11819ac0</load_address>
         <run_address>0x11819ac0</run_address>
         <size>0x100</size>
         <input_file_ref idref="fl-67"/>
      </object_component>
      <object_component id="oc-4a">
         <name>.text:__TI_decompress_rle_core</name>
         <load_address>0x11819bc0</load_address>
         <run_address>0x11819bc0</run_address>
         <size>0x100</size>
         <input_file_ref idref="fl-2d"/>
      </object_component>
      <object_component id="oc-39f">
         <name>.text:_mcpy</name>
         <load_address>0x11819cc0</load_address>
         <run_address>0x11819cc0</run_address>
         <size>0x100</size>
         <input_file_ref idref="fl-41"/>
      </object_component>
      <object_component id="oc-2e0">
         <name>.text:atoi</name>
         <load_address>0x11819dc0</load_address>
         <run_address>0x11819dc0</run_address>
         <size>0x100</size>
         <input_file_ref idref="fl-53"/>
      </object_component>
      <object_component id="oc-3d6">
         <name>.text:fseek</name>
         <load_address>0x11819ec0</load_address>
         <run_address>0x11819ec0</run_address>
         <size>0x100</size>
         <input_file_ref idref="fl-5c"/>
      </object_component>
      <object_component id="oc-4ba">
         <name>.text:HOSTlseek</name>
         <load_address>0x11819fc0</load_address>
         <run_address>0x11819fc0</run_address>
         <size>0xe0</size>
         <input_file_ref idref="fl-60"/>
      </object_component>
      <object_component id="oc-4a2">
         <name>.text:HOSTopen</name>
         <load_address>0x1181a0a0</load_address>
         <run_address>0x1181a0a0</run_address>
         <size>0xe0</size>
         <input_file_ref idref="fl-61"/>
      </object_component>
      <object_component id="oc-4b4">
         <name>.text:HOSTwrite</name>
         <load_address>0x1181a180</load_address>
         <run_address>0x1181a180</run_address>
         <size>0xe0</size>
         <input_file_ref idref="fl-65"/>
      </object_component>
      <object_component id="oc-393">
         <name>.text:__TI_ltoa</name>
         <load_address>0x1181a260</load_address>
         <run_address>0x1181a260</run_address>
         <size>0xe0</size>
         <input_file_ref idref="fl-52"/>
      </object_component>
      <object_component id="oc-35c">
         <name>.text:__TI_wrt_ok</name>
         <load_address>0x1181a340</load_address>
         <run_address>0x1181a340</run_address>
         <size>0xe0</size>
         <input_file_ref idref="fl-44"/>
      </object_component>
      <object_component id="oc-16f">
         <name>.text:__divi</name>
         <load_address>0x1181a420</load_address>
         <run_address>0x1181a420</run_address>
         <size>0xe0</size>
         <input_file_ref idref="fl-24"/>
      </object_component>
      <object_component id="oc-4e3">
         <name>.text:close</name>
         <load_address>0x1181a500</load_address>
         <run_address>0x1181a500</run_address>
         <size>0xe0</size>
         <input_file_ref idref="fl-69"/>
      </object_component>
      <object_component id="oc-68">
         <name>.text:exit</name>
         <load_address>0x1181a5e0</load_address>
         <run_address>0x1181a5e0</run_address>
         <size>0xe0</size>
         <input_file_ref idref="fl-34"/>
      </object_component>
      <object_component id="oc-ba">
         <name>.text:memset</name>
         <load_address>0x1181a6c0</load_address>
         <run_address>0x1181a6c0</run_address>
         <size>0xe0</size>
         <input_file_ref idref="fl-26"/>
      </object_component>
      <object_component id="oc-1fd">
         <name>.text:printf</name>
         <load_address>0x1181a7a0</load_address>
         <run_address>0x1181a7a0</run_address>
         <size>0xe0</size>
         <input_file_ref idref="fl-40"/>
      </object_component>
      <object_component id="oc-4ae">
         <name>.text:HOSTread</name>
         <load_address>0x1181a880</load_address>
         <run_address>0x1181a880</run_address>
         <size>0xc0</size>
         <input_file_ref idref="fl-62"/>
      </object_component>
      <object_component id="oc-4c0">
         <name>.text:HOSTunlink</name>
         <load_address>0x1181a940</load_address>
         <run_address>0x1181a940</run_address>
         <size>0xc0</size>
         <input_file_ref idref="fl-64"/>
      </object_component>
      <object_component id="oc-dc">
         <name>.text:__TI_auto_init_nobinit_nopinit:__TI_auto_init_nobinit_nopinit</name>
         <load_address>0x1181aa00</load_address>
         <run_address>0x1181aa00</run_address>
         <size>0xc0</size>
         <input_file_ref idref="fl-27"/>
      </object_component>
      <object_component id="oc-362">
         <name>.text:__TI_doflush</name>
         <load_address>0x1181aac0</load_address>
         <run_address>0x1181aac0</run_address>
         <size>0xc0</size>
         <input_file_ref idref="fl-5a"/>
      </object_component>
      <object_component id="oc-384">
         <name>.text:__divu</name>
         <load_address>0x1181ab80</load_address>
         <run_address>0x1181ab80</run_address>
         <size>0xc0</size>
         <input_file_ref idref="fl-48"/>
      </object_component>
      <object_component id="oc-260">
         <name>.text:mremove</name>
         <load_address>0x1181ac40</load_address>
         <run_address>0x1181ac40</run_address>
         <size>0xc0</size>
         <input_file_ref idref="fl-35"/>
      </object_component>
      <object_component id="oc-1b4">
         <name>.text:tls:init:__TI_tls_init</name>
         <load_address>0x1181ad00</load_address>
         <run_address>0x1181ad00</run_address>
         <size>0xc0</size>
         <input_file_ref idref="fl-33"/>
      </object_component>
      <object_component id="oc-4a8">
         <name>.text:HOSTclose</name>
         <load_address>0x1181adc0</load_address>
         <run_address>0x1181adc0</run_address>
         <size>0xa0</size>
         <input_file_ref idref="fl-5f"/>
      </object_component>
      <object_component id="oc-445">
         <name>.text:__TI_cleanup</name>
         <load_address>0x1181ae60</load_address>
         <run_address>0x1181ae60</run_address>
         <size>0xa0</size>
         <input_file_ref idref="fl-5b"/>
      </object_component>
      <object_component id="oc-399">
         <name>.text:_ecpy</name>
         <load_address>0x1181af00</load_address>
         <run_address>0x1181af00</run_address>
         <size>0xa0</size>
         <input_file_ref idref="fl-41"/>
      </object_component>
      <object_component id="oc-530">
         <name>.text:finddevice</name>
         <load_address>0x1181afa0</load_address>
         <run_address>0x1181afa0</run_address>
         <size>0xa0</size>
         <input_file_ref idref="fl-68"/>
      </object_component>
      <object_component id="oc-3e">
         <name>.text:memcpy</name>
         <load_address>0x1181b040</load_address>
         <run_address>0x1181b040</run_address>
         <size>0xa0</size>
         <input_file_ref idref="fl-39"/>
      </object_component>
      <object_component id="oc-266">
         <name>.text:minsert</name>
         <load_address>0x1181b0e0</load_address>
         <run_address>0x1181b0e0</run_address>
         <size>0xa0</size>
         <input_file_ref idref="fl-35"/>
      </object_component>
      <object_component id="oc-4fb">
         <name>.text:__TI_readmsg</name>
         <load_address>0x1181b180</load_address>
         <run_address>0x1181b180</run_address>
         <size>0x80</size>
         <input_file_ref idref="fl-66"/>
      </object_component>
      <object_component id="oc-3f4">
         <name>.text:__c6xabi_llshl</name>
         <load_address>0x1181b200</load_address>
         <run_address>0x1181b200</run_address>
         <size>0x80</size>
         <input_file_ref idref="fl-4b"/>
      </object_component>
      <object_component id="oc-161">
         <name>.text:__c6xabi_roundf</name>
         <load_address>0x1181b280</load_address>
         <run_address>0x1181b280</run_address>
         <size>0x80</size>
         <input_file_ref idref="fl-30"/>
      </object_component>
      <object_component id="oc-21">
         <name>.text:_c_int00</name>
         <load_address>0x1181b300</load_address>
         <run_address>0x1181b300</run_address>
         <size>0x80</size>
         <input_file_ref idref="fl-25"/>
      </object_component>
      <object_component id="oc-4e9">
         <name>.text:unlink</name>
         <load_address>0x1181b380</load_address>
         <run_address>0x1181b380</run_address>
         <size>0x80</size>
         <input_file_ref idref="fl-6b"/>
      </object_component>
      <object_component id="oc-4f5">
         <name>.text:__TI_writemsg</name>
         <load_address>0x1181b400</load_address>
         <run_address>0x1181b400</run_address>
         <size>0x60</size>
         <input_file_ref idref="fl-66"/>
      </object_component>
      <object_component id="oc-400">
         <name>.text:__c6xabi_llshru</name>
         <load_address>0x1181b460</load_address>
         <run_address>0x1181b460</run_address>
         <size>0x60</size>
         <input_file_ref idref="fl-4b"/>
      </object_component>
      <object_component id="oc-3fa">
         <name>.text:_subcull</name>
         <load_address>0x1181b4c0</load_address>
         <run_address>0x1181b4c0</run_address>
         <size>0x60</size>
         <input_file_ref idref="fl-4a"/>
      </object_component>
      <object_component id="oc-437">
         <name>.text:lseek</name>
         <load_address>0x1181b520</load_address>
         <run_address>0x1181b520</run_address>
         <size>0x60</size>
         <input_file_ref idref="fl-5d"/>
      </object_component>
      <object_component id="oc-316">
         <name>.text:memccpy</name>
         <load_address>0x1181b580</load_address>
         <run_address>0x1181b580</run_address>
         <size>0x60</size>
         <input_file_ref idref="fl-56"/>
      </object_component>
      <object_component id="oc-167">
         <name>.text:modff</name>
         <load_address>0x1181b5e0</load_address>
         <run_address>0x1181b5e0</run_address>
         <size>0x60</size>
         <input_file_ref idref="fl-2f"/>
      </object_component>
      <object_component id="oc-368">
         <name>.text:write</name>
         <load_address>0x1181b640</load_address>
         <run_address>0x1181b640</run_address>
         <size>0x60</size>
         <input_file_ref idref="fl-57"/>
      </object_component>
      <object_component id="oc-40b">
         <name>.text:__TI_frcmpyd_div</name>
         <load_address>0x1181b6a0</load_address>
         <run_address>0x1181b6a0</run_address>
         <size>0x40</size>
         <input_file_ref idref="fl-51"/>
      </object_component>
      <object_component id="oc-2f2">
         <name>.text:__c6xabi_isinf</name>
         <load_address>0x1181b6e0</load_address>
         <run_address>0x1181b6e0</run_address>
         <size>0x40</size>
         <input_file_ref idref="fl-4d"/>
      </object_component>
      <object_component id="oc-2ec">
         <name>.text:__c6xabi_isnan</name>
         <load_address>0x1181b720</load_address>
         <run_address>0x1181b720</run_address>
         <size>0x40</size>
         <input_file_ref idref="fl-41"/>
      </object_component>
      <object_component id="oc-62">
         <name>.text:_args_main</name>
         <load_address>0x1181b760</load_address>
         <run_address>0x1181b760</run_address>
         <size>0x40</size>
         <input_file_ref idref="fl-37"/>
      </object_component>
      <object_component id="oc-31c">
         <name>.text:wcslen</name>
         <load_address>0x1181b7a0</load_address>
         <run_address>0x1181b7a0</run_address>
         <size>0x40</size>
         <input_file_ref idref="fl-46"/>
      </object_component>
      <object_component id="oc-322">
         <name>.text:__c6xabi_errno_addr</name>
         <load_address>0x1181b7e0</load_address>
         <run_address>0x1181b7e0</run_address>
         <size>0x20</size>
         <input_file_ref idref="fl-59"/>
      </object_component>
      <object_component id="oc-15b">
         <name>.text:__c6xabi_truncf</name>
         <load_address>0x1181b800</load_address>
         <run_address>0x1181b800</run_address>
         <size>0x20</size>
         <input_file_ref idref="fl-31"/>
      </object_component>
      <object_component id="oc-328">
         <name>.text:__pop_rts</name>
         <load_address>0x1181b820</load_address>
         <run_address>0x1181b820</run_address>
         <size>0x20</size>
         <input_file_ref idref="fl-47"/>
      </object_component>
      <object_component id="oc-2db">
         <name>.text:__push_rts</name>
         <load_address>0x1181b840</load_address>
         <run_address>0x1181b840</run_address>
         <size>0x20</size>
         <input_file_ref idref="fl-47"/>
      </object_component>
      <object_component id="oc-2ba">
         <name>.text:_nop</name>
         <load_address>0x1181b860</load_address>
         <run_address>0x1181b860</run_address>
         <size>0x20</size>
         <input_file_ref idref="fl-36"/>
      </object_component>
      <object_component id="oc-27a">
         <name>.text:_outc</name>
         <load_address>0x1181b880</load_address>
         <run_address>0x1181b880</run_address>
         <size>0x20</size>
         <input_file_ref idref="fl-40"/>
      </object_component>
      <object_component id="oc-280">
         <name>.text:_outs</name>
         <load_address>0x1181b8a0</load_address>
         <run_address>0x1181b8a0</run_address>
         <size>0x20</size>
         <input_file_ref idref="fl-40"/>
      </object_component>
      <object_component id="oc-2f8">
         <name>.text:_signbit</name>
         <load_address>0x1181b8c0</load_address>
         <run_address>0x1181b8c0</run_address>
         <size>0x20</size>
         <input_file_ref idref="fl-4f"/>
      </object_component>
      <object_component id="oc-1ae">
         <name>.text:_system_post_cinit</name>
         <load_address>0x1181b8e0</load_address>
         <run_address>0x1181b8e0</run_address>
         <size>0x20</size>
         <input_file_ref idref="fl-29"/>
      </object_component>
      <object_component id="oc-6e">
         <name>.text:_system_pre_init</name>
         <load_address>0x1181b900</load_address>
         <run_address>0x1181b900</run_address>
         <size>0x20</size>
         <input_file_ref idref="fl-28"/>
      </object_component>
      <object_component id="oc-d3">
         <name>.text:abort</name>
         <load_address>0x1181b920</load_address>
         <run_address>0x1181b920</run_address>
         <size>0x20</size>
         <input_file_ref idref="fl-34"/>
      </object_component>
      <object_component id="oc-14">
         <name>.text:decompress:none:__TI_decompress_none</name>
         <load_address>0x1181b940</load_address>
         <run_address>0x1181b940</run_address>
         <size>0x20</size>
         <input_file_ref idref="fl-2c"/>
      </object_component>
      <object_component id="oc-1a">
         <name>.text:decompress:rle24:__TI_decompress_rle24</name>
         <load_address>0x1181b960</load_address>
         <run_address>0x1181b960</run_address>
         <size>0x20</size>
         <input_file_ref idref="fl-2d"/>
      </object_component>
      <object_component id="oc-75">
         <name>.text</name>
         <load_address>0x1181b980</load_address>
         <run_address>0x1181b980</run_address>
         <size>0x20</size>
         <input_file_ref idref="fl-5"/>
      </object_component>
      <object_component id="oc-373">
         <name>.const:.string:_ctypes_</name>
         <load_address>0x118204c8</load_address>
         <run_address>0x118204c8</run_address>
         <size>0x101</size>
         <input_file_ref idref="fl-54"/>
      </object_component>
      <object_component id="oc-1f7">
         <name>.const:bitval_u32</name>
         <load_address>0x118205d0</load_address>
         <run_address>0x118205d0</run_address>
         <size>0x80</size>
         <input_file_ref idref="fl-3a"/>
      </object_component>
      <object_component id="oc-1fc">
         <name>.const:.string</name>
         <load_address>0x11820650</load_address>
         <run_address>0x11820650</run_address>
         <size>0x40</size>
         <input_file_ref idref="fl-3a"/>
      </object_component>
      <object_component id="oc-32d">
         <name>.const:.string</name>
         <load_address>0x11820690</load_address>
         <run_address>0x11820690</run_address>
         <size>0x24</size>
         <input_file_ref idref="fl-41"/>
      </object_component>
      <object_component id="oc-80">
         <name>.neardata</name>
         <load_address>0x11820a00</load_address>
         <run_address>0x11820a00</run_address>
         <size>0x60</size>
         <input_file_ref idref="fl-3"/>
      </object_component>
      <object_component id="oc-a0">
         <name>.neardata</name>
         <load_address>0x11820a60</load_address>
         <run_address>0x11820a60</run_address>
         <size>0x30</size>
         <input_file_ref idref="fl-4"/>
      </object_component>
      <object_component id="oc-1e0">
         <name>.neardata</name>
         <load_address>0x11820a90</load_address>
         <run_address>0x11820a90</run_address>
         <size>0x8</size>
         <input_file_ref idref="fl-2"/>
      </object_component>
      <object_component id="oc-1d6">
         <name>.bss</name>
         <uninitialized>true</uninitialized>
         <run_address>0x11820a98</run_address>
         <size>0x4</size>
         <input_file_ref idref="fl-2"/>
      </object_component>
      <object_component id="oc-2ae">
         <name>.bss</name>
         <uninitialized>true</uninitialized>
         <run_address>0x11820a9c</run_address>
         <size>0x4</size>
         <input_file_ref idref="fl-3d"/>
      </object_component>
      <object_component id="oc-1db">
         <name>.common:pingIN</name>
         <uninitialized>true</uninitialized>
         <run_address>0x11820ab0</run_address>
         <size>0x4</size>
      </object_component>
      <object_component id="oc-1d9">
         <name>.common:pingOUT</name>
         <uninitialized>true</uninitialized>
         <run_address>0x11820ab4</run_address>
         <size>0x4</size>
      </object_component>
      <object_component id="oc-1dc">
         <name>.common:pongIN</name>
         <uninitialized>true</uninitialized>
         <run_address>0x11820ab8</run_address>
         <size>0x4</size>
      </object_component>
      <object_component id="oc-1da">
         <name>.common:pongOUT</name>
         <uninitialized>true</uninitialized>
         <run_address>0x11820abc</run_address>
         <size>0x4</size>
      </object_component>
      <object_component id="oc-87">
         <name>.common:gIntCodecInputL</name>
         <uninitialized>true</uninitialized>
         <run_address>0x11820ac2</run_address>
         <size>0x2</size>
      </object_component>
      <object_component id="oc-7f">
         <name>.common:gFloatCodecInputR</name>
         <uninitialized>true</uninitialized>
         <run_address>0x11820aa4</run_address>
         <size>0x4</size>
      </object_component>
      <object_component id="oc-7c">
         <name>.common:gFloatCodecInputL</name>
         <uninitialized>true</uninitialized>
         <run_address>0x11820aa0</run_address>
         <size>0x4</size>
      </object_component>
      <object_component id="oc-8f">
         <name>.common:gFloatCodecOutputR</name>
         <uninitialized>true</uninitialized>
         <run_address>0x11820aac</run_address>
         <size>0x4</size>
      </object_component>
      <object_component id="oc-8e">
         <name>.common:gFloatCodecOutputL</name>
         <uninitialized>true</uninitialized>
         <run_address>0x11820aa8</run_address>
         <size>0x4</size>
      </object_component>
      <object_component id="oc-86">
         <name>.common:gCosSignal</name>
         <uninitialized>true</uninitialized>
         <run_address>0x11820ac0</run_address>
         <size>0x2</size>
      </object_component>
      <object_component id="oc-1d5">
         <name>.common:AIC31_data</name>
         <uninitialized>true</uninitialized>
         <run_address>0x1181bae8</run_address>
         <size>0x4</size>
      </object_component>
      <object_component id="oc-4ef">
         <name>.common:__TI_tmpnams</name>
         <uninitialized>true</uninitialized>
         <run_address>0x1181b9a0</run_address>
         <size>0x140</size>
      </object_component>
      <object_component id="oc-4f2">
         <name>.common:parmbuf</name>
         <uninitialized>true</uninitialized>
         <run_address>0x1181bae0</run_address>
         <size>0x8</size>
      </object_component>
      <object_component id="oc-14d">
         <name>.fardata:gGraphBuff1</name>
         <load_address>0x1181baf0</load_address>
         <run_address>0x1181baf0</run_address>
         <size>0xfa0</size>
         <input_file_ref idref="fl-4"/>
      </object_component>
      <object_component id="oc-150">
         <name>.fardata:gGraphBuff2</name>
         <load_address>0x1181ca90</load_address>
         <run_address>0x1181ca90</run_address>
         <size>0xfa0</size>
         <input_file_ref idref="fl-4"/>
      </object_component>
      <object_component id="oc-88">
         <name>.fardata:osc_pulses</name>
         <load_address>0x1181da30</load_address>
         <run_address>0x1181da30</run_address>
         <size>0xfa0</size>
         <input_file_ref idref="fl-3"/>
      </object_component>
      <object_component id="oc-8b">
         <name>.fardata:osc_ringing</name>
         <load_address>0x1181e9d0</load_address>
         <run_address>0x1181e9d0</run_address>
         <size>0xfa0</size>
         <input_file_ref idref="fl-3"/>
      </object_component>
      <object_component id="oc-277">
         <name>.fardata:_ftable</name>
         <load_address>0x1181f970</load_address>
         <run_address>0x1181f970</run_address>
         <size>0x1e0</size>
         <input_file_ref idref="fl-55"/>
      </object_component>
      <object_component id="oc-3e6">
         <name>.fardata:_stream</name>
         <load_address>0x1181fb50</load_address>
         <run_address>0x1181fb50</run_address>
         <size>0xa0</size>
         <input_file_ref idref="fl-57"/>
      </object_component>
      <object_component id="oc-456">
         <name>.fardata:_device</name>
         <load_address>0x1181fbf0</load_address>
         <run_address>0x1181fbf0</run_address>
         <size>0x78</size>
         <input_file_ref idref="fl-57"/>
      </object_component>
      <object_component id="oc-a3">
         <name>.fardata:gTrimmer</name>
         <load_address>0x1181fc68</load_address>
         <run_address>0x1181fc68</run_address>
         <size>0x14</size>
         <input_file_ref idref="fl-4"/>
      </object_component>
      <object_component id="oc-257">
         <name>.fardata:_lock</name>
         <load_address>0x1181fc7c</load_address>
         <run_address>0x1181fc7c</run_address>
         <size>0x4</size>
         <input_file_ref idref="fl-36"/>
      </object_component>
      <object_component id="oc-15a">
         <name>.fardata:R$1</name>
         <load_address>0x1181fc80</load_address>
         <run_address>0x1181fc80</run_address>
         <size>0x10</size>
         <input_file_ref idref="fl-2e"/>
      </object_component>
      <object_component id="oc-d0">
         <name>.fardata</name>
         <load_address>0x1181fc90</load_address>
         <run_address>0x1181fc90</run_address>
         <size>0xc</size>
         <input_file_ref idref="fl-34"/>
      </object_component>
      <object_component id="oc-147">
         <name>.fardata:pb_user1_deb_stat</name>
         <load_address>0x1181fc9c</load_address>
         <run_address>0x1181fc9c</run_address>
         <size>0x8</size>
         <input_file_ref idref="fl-4"/>
      </object_component>
      <object_component id="oc-14a">
         <name>.fardata:pb_user2_deb_stat</name>
         <load_address>0x1181fca4</load_address>
         <run_address>0x1181fca4</run_address>
         <size>0x8</size>
         <input_file_ref idref="fl-4"/>
      </object_component>
      <object_component id="oc-25a">
         <name>.fardata</name>
         <load_address>0x1181fcac</load_address>
         <run_address>0x1181fcac</run_address>
         <size>0x8</size>
         <input_file_ref idref="fl-35"/>
      </object_component>
      <object_component id="oc-25d">
         <name>.fardata:_unlock</name>
         <load_address>0x1181fcb4</load_address>
         <run_address>0x1181fcb4</run_address>
         <size>0x4</size>
         <input_file_ref idref="fl-36"/>
      </object_component>
      <object_component id="oc-496">
         <name>.fardata</name>
         <load_address>0x1181fcb8</load_address>
         <run_address>0x1181fcb8</run_address>
         <size>0x4</size>
         <input_file_ref idref="fl-55"/>
      </object_component>
      <object_component id="oc-3c4">
         <name>.fardata</name>
         <load_address>0x1181fcbc</load_address>
         <run_address>0x1181fcbc</run_address>
         <size>0x4</size>
         <input_file_ref idref="fl-59"/>
      </object_component>
      <object_component id="oc-1dd">
         <name>.fardata:sreg</name>
         <load_address>0x1181fcc0</load_address>
         <run_address>0x1181fcc0</run_address>
         <size>0x4</size>
         <input_file_ref idref="fl-2"/>
      </object_component>
      <object_component id="oc-32e">
         <name>.switch:__TI_printfi</name>
         <load_address>0x11820ac4</load_address>
         <run_address>0x11820ac4</run_address>
         <size>0x38</size>
         <input_file_ref idref="fl-41"/>
      </object_component>
      <object_component id="oc-1f6">
         <name>.switch:getRegisterBankAndBit</name>
         <load_address>0x11820afc</load_address>
         <run_address>0x11820afc</run_address>
         <size>0x24</size>
         <input_file_ref idref="fl-3c"/>
      </object_component>
      <object_component id="oc-146">
         <name>.switch:DLU_toggleLedD</name>
         <load_address>0x11820b20</load_address>
         <run_address>0x11820b20</run_address>
         <size>0x10</size>
         <input_file_ref idref="fl-4"/>
      </object_component>
      <object_component id="oc-17b">
         <name>.switch:computeFloatMovingAverage</name>
         <load_address>0x11820b30</load_address>
         <run_address>0x11820b30</run_address>
         <size>0x10</size>
         <input_file_ref idref="fl-3"/>
      </object_component>
      <object_component id="oc-17a">
         <name>.switch:computeIntegerMovingAverage</name>
         <load_address>0x11820b40</load_address>
         <run_address>0x11820b40</run_address>
         <size>0x10</size>
         <input_file_ref idref="fl-3"/>
      </object_component>
      <object_component id="oc-38">
         <name>.stack</name>
         <uninitialized>true</uninitialized>
         <run_address>0x1181fcc8</run_address>
         <size>0x8</size>
         <input_file_ref idref="fl-25"/>
      </object_component>
      <object_component id="oc-56f">
         <name>.stack</name>
         <uninitialized>true</uninitialized>
         <run_address>0x1181fcc8</run_address>
         <size>0x0</size>
      </object_component>
      <object_component id="oc-56e">
         <name>.cinit..fardata.load</name>
         <load_address>0x11820b50</load_address>
         <run_address>0x11820b50</run_address>
         <size>0x1fde</size>
      </object_component>
      <object_component id="oc-56b">
         <name>.cinit..neardata.load</name>
         <load_address>0x11822b2e</load_address>
         <run_address>0x11822b2e</run_address>
         <size>0x1d</size>
      </object_component>
      <object_component id="oc-56d">
         <name>.cinit..far.load</name>
         <load_address>0x11822b4b</load_address>
         <run_address>0x11822b4b</run_address>
         <size>0xb</size>
      </object_component>
      <object_component id="oc-56c">
         <name>.cinit..bss.load</name>
         <load_address>0x11822b56</load_address>
         <run_address>0x11822b56</run_address>
         <size>0x9</size>
      </object_component>
      <object_component id="oc-569">
         <name>__TI_handler_table</name>
         <load_address>0x11822b60</load_address>
         <run_address>0x11822b60</run_address>
         <size>0x8</size>
      </object_component>
      <object_component id="oc-56a">
         <name>__TI_cinit_table</name>
         <load_address>0x11822b68</load_address>
         <run_address>0x11822b68</run_address>
         <size>0x20</size>
      </object_component>
      <object_component id="oc-3b">
         <name>.sysmem</name>
         <uninitialized>true</uninitialized>
         <run_address>0x11800000</run_address>
         <size>0x8</size>
         <input_file_ref idref="fl-35"/>
      </object_component>
      <object_component id="oc-570">
         <name>.sysmem</name>
         <uninitialized>true</uninitialized>
         <run_address>0x11800000</run_address>
         <size>0x0</size>
      </object_component>
      <object_component id="oc-51c">
         <name>.cio</name>
         <uninitialized>true</uninitialized>
         <run_address>0x118206b8</run_address>
         <size>0x120</size>
         <input_file_ref idref="fl-66"/>
      </object_component>
      <object_component id="oc-22">
         <name>.vecs</name>
         <load_address>0x11820800</load_address>
         <run_address>0x11820800</run_address>
         <size>0x200</size>
         <input_file_ref idref="fl-5"/>
      </object_component>
      <object_component id="oc-1d3">
         <name>.debug_info</name>
         <load_address>0x0</load_address>
         <run_address>0x0</run_address>
         <size>0x912</size>
         <input_file_ref idref="fl-2"/>
      </object_component>
      <object_component id="oc-1d7">
         <name>.debug_info</name>
         <load_address>0x912</load_address>
         <run_address>0x912</run_address>
         <size>0xf8</size>
         <input_file_ref idref="fl-2"/>
      </object_component>
      <object_component id="oc-1e1">
         <name>.debug_info</name>
         <load_address>0xa0a</load_address>
         <run_address>0xa0a</run_address>
         <size>0x11a</size>
         <input_file_ref idref="fl-2"/>
      </object_component>
      <object_component id="oc-1de">
         <name>.debug_info</name>
         <load_address>0xb24</load_address>
         <run_address>0xb24</run_address>
         <size>0xf9</size>
         <input_file_ref idref="fl-2"/>
      </object_component>
      <object_component id="oc-135">
         <name>.debug_info</name>
         <load_address>0xc1d</load_address>
         <run_address>0xc1d</run_address>
         <size>0x1e87</size>
         <input_file_ref idref="fl-2"/>
      </object_component>
      <object_component id="oc-10f">
         <name>.debug_info</name>
         <load_address>0x2aa4</load_address>
         <run_address>0x2aa4</run_address>
         <size>0xca</size>
         <input_file_ref idref="fl-2"/>
      </object_component>
      <object_component id="oc-2b3">
         <name>.debug_info</name>
         <load_address>0x2b6e</load_address>
         <run_address>0x2b6e</run_address>
         <size>0x217</size>
         <input_file_ref idref="fl-2"/>
      </object_component>
      <object_component id="oc-23f">
         <name>.debug_info</name>
         <load_address>0x2d85</load_address>
         <run_address>0x2d85</run_address>
         <size>0x277</size>
         <input_file_ref idref="fl-2"/>
      </object_component>
      <object_component id="oc-11e">
         <name>.debug_info</name>
         <load_address>0x2ffc</load_address>
         <run_address>0x2ffc</run_address>
         <size>0x26b</size>
         <input_file_ref idref="fl-2"/>
      </object_component>
      <object_component id="oc-272">
         <name>.debug_info</name>
         <load_address>0x3267</load_address>
         <run_address>0x3267</run_address>
         <size>0xfe</size>
         <input_file_ref idref="fl-2"/>
      </object_component>
      <object_component id="oc-123">
         <name>.debug_info</name>
         <load_address>0x3365</load_address>
         <run_address>0x3365</run_address>
         <size>0x5e</size>
         <input_file_ref idref="fl-2"/>
      </object_component>
      <object_component id="oc-248">
         <name>.debug_info</name>
         <load_address>0x33c3</load_address>
         <run_address>0x33c3</run_address>
         <size>0x1c7</size>
         <input_file_ref idref="fl-2"/>
      </object_component>
      <object_component id="oc-b5">
         <name>.debug_info</name>
         <load_address>0x358a</load_address>
         <run_address>0x358a</run_address>
         <size>0xc0</size>
         <input_file_ref idref="fl-2"/>
      </object_component>
      <object_component id="oc-1ce">
         <name>.debug_info</name>
         <load_address>0x364a</load_address>
         <run_address>0x364a</run_address>
         <size>0x275</size>
         <input_file_ref idref="fl-2"/>
      </object_component>
      <object_component id="oc-119">
         <name>.debug_info</name>
         <load_address>0x38bf</load_address>
         <run_address>0x38bf</run_address>
         <size>0x39</size>
         <input_file_ref idref="fl-2"/>
      </object_component>
      <object_component id="oc-155">
         <name>.debug_info</name>
         <load_address>0x38f8</load_address>
         <run_address>0x38f8</run_address>
         <size>0xcc</size>
         <input_file_ref idref="fl-2"/>
      </object_component>
      <object_component id="oc-331">
         <name>.debug_info</name>
         <load_address>0x39c4</load_address>
         <run_address>0x39c4</run_address>
         <size>0x2c</size>
         <input_file_ref idref="fl-2"/>
      </object_component>
      <object_component id="oc-7d">
         <name>.debug_info</name>
         <load_address>0x39f0</load_address>
         <run_address>0x39f0</run_address>
         <size>0xd9c</size>
         <input_file_ref idref="fl-3"/>
      </object_component>
      <object_component id="oc-8c">
         <name>.debug_info</name>
         <load_address>0x478c</load_address>
         <run_address>0x478c</run_address>
         <size>0xf8</size>
         <input_file_ref idref="fl-3"/>
      </object_component>
      <object_component id="oc-89">
         <name>.debug_info</name>
         <load_address>0x4884</load_address>
         <run_address>0x4884</run_address>
         <size>0xf7</size>
         <input_file_ref idref="fl-3"/>
      </object_component>
      <object_component id="oc-81">
         <name>.debug_info</name>
         <load_address>0x497b</load_address>
         <run_address>0x497b</run_address>
         <size>0x358</size>
         <input_file_ref idref="fl-3"/>
      </object_component>
      <object_component id="oc-2d">
         <name>.debug_info</name>
         <load_address>0x4cd3</load_address>
         <run_address>0x4cd3</run_address>
         <size>0x3d2</size>
         <input_file_ref idref="fl-3"/>
      </object_component>
      <object_component id="oc-83">
         <name>.debug_info</name>
         <load_address>0x50a5</load_address>
         <run_address>0x50a5</run_address>
         <size>0x809</size>
         <input_file_ref idref="fl-3"/>
      </object_component>
      <object_component id="oc-12b">
         <name>.debug_info</name>
         <load_address>0x58ae</load_address>
         <run_address>0x58ae</run_address>
         <size>0x67</size>
         <input_file_ref idref="fl-3"/>
      </object_component>
      <object_component id="oc-114">
         <name>.debug_info</name>
         <load_address>0x5915</load_address>
         <run_address>0x5915</run_address>
         <size>0x2c</size>
         <input_file_ref idref="fl-3"/>
      </object_component>
      <object_component id="oc-154">
         <name>.debug_info</name>
         <load_address>0x5941</load_address>
         <run_address>0x5941</run_address>
         <size>0x8a0</size>
         <input_file_ref idref="fl-4"/>
      </object_component>
      <object_component id="oc-a1">
         <name>.debug_info</name>
         <load_address>0x61e1</load_address>
         <run_address>0x61e1</run_address>
         <size>0x341</size>
         <input_file_ref idref="fl-4"/>
      </object_component>
      <object_component id="oc-a4">
         <name>.debug_info</name>
         <load_address>0x6522</load_address>
         <run_address>0x6522</run_address>
         <size>0x106</size>
         <input_file_ref idref="fl-4"/>
      </object_component>
      <object_component id="oc-148">
         <name>.debug_info</name>
         <load_address>0x6628</load_address>
         <run_address>0x6628</run_address>
         <size>0x118</size>
         <input_file_ref idref="fl-4"/>
      </object_component>
      <object_component id="oc-14b">
         <name>.debug_info</name>
         <load_address>0x6740</load_address>
         <run_address>0x6740</run_address>
         <size>0x118</size>
         <input_file_ref idref="fl-4"/>
      </object_component>
      <object_component id="oc-14e">
         <name>.debug_info</name>
         <load_address>0x6858</load_address>
         <run_address>0x6858</run_address>
         <size>0x10c</size>
         <input_file_ref idref="fl-4"/>
      </object_component>
      <object_component id="oc-151">
         <name>.debug_info</name>
         <load_address>0x6964</load_address>
         <run_address>0x6964</run_address>
         <size>0x10c</size>
         <input_file_ref idref="fl-4"/>
      </object_component>
      <object_component id="oc-91">
         <name>.debug_info</name>
         <load_address>0x6a70</load_address>
         <run_address>0x6a70</run_address>
         <size>0x2c40</size>
         <input_file_ref idref="fl-4"/>
      </object_component>
      <object_component id="oc-33">
         <name>.debug_info</name>
         <load_address>0x96b0</load_address>
         <run_address>0x96b0</run_address>
         <size>0x231</size>
         <input_file_ref idref="fl-4"/>
      </object_component>
      <object_component id="oc-180">
         <name>.debug_info</name>
         <load_address>0x98e1</load_address>
         <run_address>0x98e1</run_address>
         <size>0xd0</size>
         <input_file_ref idref="fl-4"/>
      </object_component>
      <object_component id="oc-215">
         <name>.debug_info</name>
         <load_address>0x99b1</load_address>
         <run_address>0x99b1</run_address>
         <size>0x35</size>
         <input_file_ref idref="fl-4"/>
      </object_component>
      <object_component id="oc-76">
         <name>.debug_info</name>
         <load_address>0x99e6</load_address>
         <run_address>0x99e6</run_address>
         <size>0xd6</size>
         <input_file_ref idref="fl-5"/>
      </object_component>
      <object_component id="oc-24">
         <name>.debug_info</name>
         <load_address>0x9abc</load_address>
         <run_address>0x9abc</run_address>
         <size>0xd6</size>
         <input_file_ref idref="fl-5"/>
      </object_component>
      <object_component id="oc-170">
         <name>.debug_info</name>
         <load_address>0x9b92</load_address>
         <run_address>0x9b92</run_address>
         <size>0x115</size>
         <input_file_ref idref="fl-24"/>
      </object_component>
      <object_component id="oc-a9">
         <name>.debug_info</name>
         <load_address>0x9ca7</load_address>
         <run_address>0x9ca7</run_address>
         <size>0x5df</size>
         <input_file_ref idref="fl-25"/>
      </object_component>
      <object_component id="oc-39">
         <name>.debug_info</name>
         <load_address>0xa286</load_address>
         <run_address>0xa286</run_address>
         <size>0xf6</size>
         <input_file_ref idref="fl-25"/>
      </object_component>
      <object_component id="oc-27">
         <name>.debug_info</name>
         <load_address>0xa37c</load_address>
         <run_address>0xa37c</run_address>
         <size>0x183</size>
         <input_file_ref idref="fl-25"/>
      </object_component>
      <object_component id="oc-194">
         <name>.debug_info</name>
         <load_address>0xa4ff</load_address>
         <run_address>0xa4ff</run_address>
         <size>0x564</size>
         <input_file_ref idref="fl-26"/>
      </object_component>
      <object_component id="oc-bb">
         <name>.debug_info</name>
         <load_address>0xaa63</load_address>
         <run_address>0xaa63</run_address>
         <size>0x22a</size>
         <input_file_ref idref="fl-26"/>
      </object_component>
      <object_component id="oc-195">
         <name>.debug_info</name>
         <load_address>0xac8d</load_address>
         <run_address>0xac8d</run_address>
         <size>0x2c</size>
         <input_file_ref idref="fl-26"/>
      </object_component>
      <object_component id="oc-1bb">
         <name>.debug_info</name>
         <load_address>0xacb9</load_address>
         <run_address>0xacb9</run_address>
         <size>0x7c4</size>
         <input_file_ref idref="fl-27"/>
      </object_component>
      <object_component id="oc-de">
         <name>.debug_info</name>
         <load_address>0xb47d</load_address>
         <run_address>0xb47d</run_address>
         <size>0x1b0</size>
         <input_file_ref idref="fl-27"/>
      </object_component>
      <object_component id="oc-22c">
         <name>.debug_info</name>
         <load_address>0xb62d</load_address>
         <run_address>0xb62d</run_address>
         <size>0x39</size>
         <input_file_ref idref="fl-27"/>
      </object_component>
      <object_component id="oc-238">
         <name>.debug_info</name>
         <load_address>0xb666</load_address>
         <run_address>0xb666</run_address>
         <size>0x39</size>
         <input_file_ref idref="fl-27"/>
      </object_component>
      <object_component id="oc-1c6">
         <name>.debug_info</name>
         <load_address>0xb69f</load_address>
         <run_address>0xb69f</run_address>
         <size>0x39</size>
         <input_file_ref idref="fl-27"/>
      </object_component>
      <object_component id="oc-231">
         <name>.debug_info</name>
         <load_address>0xb6d8</load_address>
         <run_address>0xb6d8</run_address>
         <size>0xcd</size>
         <input_file_ref idref="fl-27"/>
      </object_component>
      <object_component id="oc-72">
         <name>.debug_info</name>
         <load_address>0xb7a5</load_address>
         <run_address>0xb7a5</run_address>
         <size>0x149</size>
         <input_file_ref idref="fl-28"/>
      </object_component>
      <object_component id="oc-1af">
         <name>.debug_info</name>
         <load_address>0xb8ee</load_address>
         <run_address>0xb8ee</run_address>
         <size>0x146</size>
         <input_file_ref idref="fl-29"/>
      </object_component>
      <object_component id="oc-49">
         <name>.debug_info</name>
         <load_address>0xba34</load_address>
         <run_address>0xba34</run_address>
         <size>0x56d</size>
         <input_file_ref idref="fl-2c"/>
      </object_component>
      <object_component id="oc-16">
         <name>.debug_info</name>
         <load_address>0xbfa1</load_address>
         <run_address>0xbfa1</run_address>
         <size>0x1cd</size>
         <input_file_ref idref="fl-2c"/>
      </object_component>
      <object_component id="oc-44">
         <name>.debug_info</name>
         <load_address>0xc16e</load_address>
         <run_address>0xc16e</run_address>
         <size>0x46</size>
         <input_file_ref idref="fl-2c"/>
      </object_component>
      <object_component id="oc-ae">
         <name>.debug_info</name>
         <load_address>0xc1b4</load_address>
         <run_address>0xc1b4</run_address>
         <size>0x2c</size>
         <input_file_ref idref="fl-2c"/>
      </object_component>
      <object_component id="oc-c1">
         <name>.debug_info</name>
         <load_address>0xc1e0</load_address>
         <run_address>0xc1e0</run_address>
         <size>0x59e</size>
         <input_file_ref idref="fl-2d"/>
      </object_component>
      <object_component id="oc-4b">
         <name>.debug_info</name>
         <load_address>0xc77e</load_address>
         <run_address>0xc77e</run_address>
         <size>0x255</size>
         <input_file_ref idref="fl-2d"/>
      </object_component>
      <object_component id="oc-1d">
         <name>.debug_info</name>
         <load_address>0xc9d3</load_address>
         <run_address>0xc9d3</run_address>
         <size>0x1b2</size>
         <input_file_ref idref="fl-2d"/>
      </object_component>
      <object_component id="oc-51">
         <name>.debug_info</name>
         <load_address>0xcb85</load_address>
         <run_address>0xcb85</run_address>
         <size>0x46</size>
         <input_file_ref idref="fl-2d"/>
      </object_component>
      <object_component id="oc-19c">
         <name>.debug_info</name>
         <load_address>0xcbcb</load_address>
         <run_address>0xcbcb</run_address>
         <size>0x39</size>
         <input_file_ref idref="fl-2d"/>
      </object_component>
      <object_component id="oc-c2">
         <name>.debug_info</name>
         <load_address>0xcc04</load_address>
         <run_address>0xcc04</run_address>
         <size>0x2c</size>
         <input_file_ref idref="fl-2d"/>
      </object_component>
      <object_component id="oc-16e">
         <name>.debug_info</name>
         <load_address>0xcc30</load_address>
         <run_address>0xcc30</run_address>
         <size>0x5ed</size>
         <input_file_ref idref="fl-2e"/>
      </object_component>
      <object_component id="oc-98">
         <name>.debug_info</name>
         <load_address>0xd21d</load_address>
         <run_address>0xd21d</run_address>
         <size>0x214</size>
         <input_file_ref idref="fl-2e"/>
      </object_component>
      <object_component id="oc-21d">
         <name>.debug_info</name>
         <load_address>0xd431</load_address>
         <run_address>0xd431</run_address>
         <size>0x558</size>
         <input_file_ref idref="fl-2f"/>
      </object_component>
      <object_component id="oc-168">
         <name>.debug_info</name>
         <load_address>0xd989</load_address>
         <run_address>0xd989</run_address>
         <size>0x17c</size>
         <input_file_ref idref="fl-2f"/>
      </object_component>
      <object_component id="oc-165">
         <name>.debug_info</name>
         <load_address>0xdb05</load_address>
         <run_address>0xdb05</run_address>
         <size>0x173</size>
         <input_file_ref idref="fl-30"/>
      </object_component>
      <object_component id="oc-15e">
         <name>.debug_info</name>
         <load_address>0xdc78</load_address>
         <run_address>0xdc78</run_address>
         <size>0x166</size>
         <input_file_ref idref="fl-31"/>
      </object_component>
      <object_component id="oc-222">
         <name>.debug_info</name>
         <load_address>0xddde</load_address>
         <run_address>0xddde</run_address>
         <size>0x6ec</size>
         <input_file_ref idref="fl-32"/>
      </object_component>
      <object_component id="oc-175">
         <name>.debug_info</name>
         <load_address>0xe4ca</load_address>
         <run_address>0xe4ca</run_address>
         <size>0x192</size>
         <input_file_ref idref="fl-32"/>
      </object_component>
      <object_component id="oc-4da">
         <name>.debug_info</name>
         <load_address>0xe65c</load_address>
         <run_address>0xe65c</run_address>
         <size>0x53</size>
         <input_file_ref idref="fl-32"/>
      </object_component>
      <object_component id="oc-481">
         <name>.debug_info</name>
         <load_address>0xe6af</load_address>
         <run_address>0xe6af</run_address>
         <size>0x2c</size>
         <input_file_ref idref="fl-32"/>
      </object_component>
      <object_component id="oc-47c">
         <name>.debug_info</name>
         <load_address>0xe6db</load_address>
         <run_address>0xe6db</run_address>
         <size>0x39</size>
         <input_file_ref idref="fl-32"/>
      </object_component>
      <object_component id="oc-229">
         <name>.debug_info</name>
         <load_address>0xe714</load_address>
         <run_address>0xe714</run_address>
         <size>0x6fa</size>
         <input_file_ref idref="fl-33"/>
      </object_component>
      <object_component id="oc-1b5">
         <name>.debug_info</name>
         <load_address>0xee0e</load_address>
         <run_address>0xee0e</run_address>
         <size>0x210</size>
         <input_file_ref idref="fl-33"/>
      </object_component>
      <object_component id="oc-29d">
         <name>.debug_info</name>
         <load_address>0xf01e</load_address>
         <run_address>0xf01e</run_address>
         <size>0x2c</size>
         <input_file_ref idref="fl-33"/>
      </object_component>
      <object_component id="oc-2a2">
         <name>.debug_info</name>
         <load_address>0xf04a</load_address>
         <run_address>0xf04a</run_address>
         <size>0x39</size>
         <input_file_ref idref="fl-33"/>
      </object_component>
      <object_component id="oc-da">
         <name>.debug_info</name>
         <load_address>0xf083</load_address>
         <run_address>0xf083</run_address>
         <size>0x59c</size>
         <input_file_ref idref="fl-34"/>
      </object_component>
      <object_component id="oc-d1">
         <name>.debug_info</name>
         <load_address>0xf61f</load_address>
         <run_address>0xf61f</run_address>
         <size>0x186</size>
         <input_file_ref idref="fl-34"/>
      </object_component>
      <object_component id="oc-d6">
         <name>.debug_info</name>
         <load_address>0xf7a5</load_address>
         <run_address>0xf7a5</run_address>
         <size>0x118</size>
         <input_file_ref idref="fl-34"/>
      </object_component>
      <object_component id="oc-69">
         <name>.debug_info</name>
         <load_address>0xf8bd</load_address>
         <run_address>0xf8bd</run_address>
         <size>0x178</size>
         <input_file_ref idref="fl-34"/>
      </object_component>
      <object_component id="oc-ac">
         <name>.debug_info</name>
         <load_address>0xfa35</load_address>
         <run_address>0xfa35</run_address>
         <size>0x60e</size>
         <input_file_ref idref="fl-35"/>
      </object_component>
      <object_component id="oc-3c">
         <name>.debug_info</name>
         <load_address>0x10043</load_address>
         <run_address>0x10043</run_address>
         <size>0x102</size>
         <input_file_ref idref="fl-35"/>
      </object_component>
      <object_component id="oc-25b">
         <name>.debug_info</name>
         <load_address>0x10145</load_address>
[...]
         <object_component_ref idref="oc-ba"/>
      </symbol>
      <symbol id="sm-31f">
         <name>__TI_auto_init_nobinit_nopinit</name>
         <value>0x1181aa00</value>
         <object_component_ref idref="oc-dc"/>
      </symbol>
      <symbol id="sm-328">
         <name>_system_pre_init</name>
         <value>0x1181b900</value>
         <object_component_ref idref="oc-6e"/>
      </symbol>
      <symbol id="sm-331">
         <name>_system_post_cinit</name>
         <value>0x1181b8e0</value>
         <object_component_ref idref="oc-1ae"/>
      </symbol>
      <symbol id="sm-34a">
         <name>__TI_decompress_none</name>
         <value>0x1181b940</value>
         <object_component_ref idref="oc-14"/>
      </symbol>
      <symbol id="sm-375">
         <name>__TI_decompress_rle24</name>
         <value>0x1181b960</value>
         <object_component_ref idref="oc-1a"/>
      </symbol>
      <symbol id="sm-38e">
         <name>cosf</name>
         <value>0x11818300</value>
         <object_component_ref idref="oc-96"/>
      </symbol>
      <symbol id="sm-39b">
         <name>modff</name>
         <value>0x1181b5e0</value>
         <object_component_ref idref="oc-167"/>
      </symbol>
      <symbol id="sm-3a5">
         <name>__c6xabi_roundf</name>
         <value>0x1181b280</value>
         <object_component_ref idref="oc-161"/>
      </symbol>
      <symbol id="sm-3af">
         <name>__c6xabi_truncf</name>
         <value>0x1181b800</value>
         <object_component_ref idref="oc-15b"/>
      </symbol>
      <symbol id="sm-3d0">
         <name>__c6xabi_divf</name>
         <value>0x11817e20</value>
         <object_component_ref idref="oc-174"/>
      </symbol>
      <symbol id="sm-3e9">
         <name>__TI_tls_init</name>
         <value>0x1181ad00</value>
         <object_component_ref idref="oc-1b4"/>
      </symbol>
      <symbol id="sm-40a">
         <name>C$$EXIT</name>
         <value>0x1181b920</value>
         <object_component_ref idref="oc-d3"/>
      </symbol>
      <symbol id="sm-40b">
         <name>abort</name>
         <value>0x1181b920</value>
         <object_component_ref idref="oc-d3"/>
      </symbol>
      <symbol id="sm-40c">
         <name>exit</name>
         <value>0x1181a5e0</value>
         <object_component_ref idref="oc-68"/>
      </symbol>
      <symbol id="sm-40d">
         <name>__TI_dtors_ptr</name>
         <value>0x1181fc94</value>
         <object_component_ref idref="oc-d0"/>
      </symbol>
      <symbol id="sm-40e">
         <name>__TI_cleanup_ptr</name>
         <value>0x1181fc90</value>
         <object_component_ref idref="oc-d0"/>
      </symbol>
      <symbol id="sm-40f">
         <name>__TI_enable_exit_profile_output</name>
         <value>0x1181fc98</value>
         <object_component_ref idref="oc-d0"/>
      </symbol>
      <symbol id="sm-47a">
         <name>_sys_memory</name>
         <value>0x11800000</value>
         <object_component_ref idref="oc-3b"/>
      </symbol>
      <symbol id="sm-47b">
         <name>free</name>
         <value>0x118164a0</value>
         <object_component_ref idref="oc-43f"/>
      </symbol>
      <symbol id="sm-47c">
         <name>malloc</name>
         <value>0x11818ec0</value>
         <object_component_ref idref="oc-1e9"/>
      </symbol>
      <symbol id="sm-492">
         <name>_nop</name>
         <value>0x1181b860</value>
         <object_component_ref idref="oc-2ba"/>
      </symbol>
      <symbol id="sm-493">
         <name>_lock</name>
         <value>0x1181fc7c</value>
         <object_component_ref idref="oc-257"/>
      </symbol>
      <symbol id="sm-494">
         <name>_unlock</name>
         <value>0x1181fcb4</value>
         <object_component_ref idref="oc-25d"/>
      </symbol>
      <symbol id="sm-4a6">
         <name>_args_main</name>
         <value>0x1181b760</value>
         <object_component_ref idref="oc-62"/>
      </symbol>
      <symbol id="sm-4b0">
         <name>memcpy</name>
         <value>0x1181b040</value>
         <object_component_ref idref="oc-3e"/>
      </symbol>
      <symbol id="sm-52e">
         <name>config_pll1</name>
         <value>0x11814ba8</value>
         <object_component_ref idref="oc-140"/>
      </symbol>
      <symbol id="sm-52f">
         <name>config_pll0</name>
         <value>0x11814944</value>
         <object_component_ref idref="oc-140"/>
      </symbol>
      <symbol id="sm-530">
         <name>EVMOMAPL138_lpscTransition</name>
         <value>0x118145e0</value>
         <object_component_ref idref="oc-140"/>
      </symbol>
      <symbol id="sm-531">
         <name>EVMOMAPL138_pinmuxConfig</name>
         <value>0x11814558</value>
         <object_component_ref idref="oc-140"/>
      </symbol>
      <symbol id="sm-532">
         <name>UTIL_printMem</name>
         <value>0x11814d98</value>
         <object_component_ref idref="oc-140"/>
      </symbol>
      <symbol id="sm-533">
         <name>EVMOMAPL138_initRAM</name>
         <value>0x1181438c</value>
         <object_component_ref idref="oc-140"/>
      </symbol>
      <symbol id="sm-534">
         <name>EVMOMAPL138_enableDsp</name>
         <value>0x1181452c</value>
         <object_component_ref idref="oc-140"/>
      </symbol>
      <symbol id="sm-535">
         <name>EVMOMAPL138_init</name>
         <value>0x11814360</value>
         <object_component_ref idref="oc-140"/>
      </symbol>
      <symbol id="sm-536">
         <name>bitval_u32</name>
         <value>0x118205d0</value>
         <object_component_ref idref="oc-1f7"/>
      </symbol>
      <symbol id="sm-537">
         <name>UTIL_isUIBoardAttached</name>
         <value>0x11814ef0</value>
         <object_component_ref idref="oc-140"/>
      </symbol>
      <symbol id="sm-565">
         <name>AIC3106_init</name>
         <value>0x118193e0</value>
         <object_component_ref idref="oc-1e3"/>
      </symbol>
      <symbol id="sm-566">
         <name>AIC3106_writeRegister</name>
         <value>0x11819530</value>
         <object_component_ref idref="oc-1e3"/>
      </symbol>
      <symbol id="sm-567">
         <name>AIC3106_readRegister</name>
         <value>0x118194d8</value>
         <object_component_ref idref="oc-1e3"/>
      </symbol>
      <symbol id="sm-596">
         <name>GPIO_toggleLoop</name>
         <value>0x118169d4</value>
         <object_component_ref idref="oc-13a"/>
      </symbol>
      <symbol id="sm-597">
         <name>GPIO_setDir</name>
         <value>0x11816860</value>
         <object_component_ref idref="oc-13a"/>
      </symbol>
      <symbol id="sm-598">
         <name>GPIO_setOutput</name>
         <value>0x11816954</value>
         <object_component_ref idref="oc-13a"/>
      </symbol>
      <symbol id="sm-599">
         <name>GPIO_getInput</name>
         <value>0x118168e4</value>
         <object_component_ref idref="oc-13a"/>
      </symbol>
      <symbol id="sm-5cf">
         <name>I2C_init</name>
         <value>0x11816c00</value>
         <object_component_ref idref="oc-24f"/>
      </symbol>
      <symbol id="sm-5d0">
         <name>I2C_read</name>
         <value>0x11816cec</value>
         <object_component_ref idref="oc-24f"/>
      </symbol>
      <symbol id="sm-5d1">
         <name>I2C_write</name>
         <value>0x11816e54</value>
         <object_component_ref idref="oc-24f"/>
      </symbol>
      <symbol id="sm-601">
         <name>I2CGPIO_init</name>
         <value>0x11815b60</value>
         <object_component_ref idref="oc-203"/>
      </symbol>
      <symbol id="sm-602">
         <name>I2CGPIO_getInput</name>
         <value>0x11815c40</value>
         <object_component_ref idref="oc-203"/>
      </symbol>
      <symbol id="sm-603">
         <name>I2CGPIO_setOutput</name>
         <value>0x11815e98</value>
         <object_component_ref idref="oc-203"/>
      </symbol>
      <symbol id="sm-604">
         <name>I2CGPIO_setOutputAll</name>
         <value>0x11815ff4</value>
         <object_component_ref idref="oc-203"/>
      </symbol>
      <symbol id="sm-605">
         <name>I2CGPIO_getInputAll</name>
         <value>0x11815d6c</value>
         <object_component_ref idref="oc-203"/>
      </symbol>
      <symbol id="sm-611">
         <name>USTIMER_delay</name>
         <value>0x11818660</value>
         <object_component_ref idref="oc-1ef"/>
      </symbol>
      <symbol id="sm-612">
         <name>USTIMER_get</name>
         <value>0x1181872c</value>
         <object_component_ref idref="oc-1ef"/>
      </symbol>
      <symbol id="sm-613">
         <name>USTIMER_set</name>
         <value>0x11818744</value>
         <object_component_ref idref="oc-1ef"/>
      </symbol>
      <symbol id="sm-614">
         <name>USTIMER_init</name>
         <value>0x11818560</value>
         <object_component_ref idref="oc-1ef"/>
      </symbol>
      <symbol id="sm-615">
         <name>USTIMER_reset</name>
         <value>0x118186f8</value>
         <object_component_ref idref="oc-1ef"/>
      </symbol>
      <symbol id="sm-63d">
         <name>printf</name>
         <value>0x1181a7a0</value>
         <object_component_ref idref="oc-1fd"/>
      </symbol>
      <symbol id="sm-856">
         <name>__TI_printfi</name>
         <value>0x11810000</value>
         <object_component_ref idref="oc-286"/>
      </symbol>
      <symbol id="sm-875">
         <name>putc</name>
         <value>0x11818b40</value>
         <object_component_ref idref="oc-2cd"/>
      </symbol>
      <symbol id="sm-876">
         <name>fputc</name>
         <value>0x11818b40</value>
         <object_component_ref idref="oc-2cd"/>
      </symbol>
      <symbol id="sm-8a5">
         <name>fputs</name>
         <value>0x11817600</value>
         <object_component_ref idref="oc-2d4"/>
      </symbol>
      <symbol id="sm-8bb">
         <name>__TI_wrt_ok</name>
         <value>0x1181a340</value>
         <object_component_ref idref="oc-35c"/>
      </symbol>
      <symbol id="sm-8d7">
         <name>setvbuf</name>
         <value>0x11819080</value>
         <object_component_ref idref="oc-3dc"/>
      </symbol>
      <symbol id="sm-8f1">
         <name>wcslen</name>
         <value>0x1181b7a0</value>
         <object_component_ref idref="oc-31c"/>
      </symbol>
      <symbol id="sm-8ff">
         <name>__c6xabi_push_rts</name>
         <value>0x1181b840</value>
         <object_component_ref idref="oc-2db"/>
      </symbol>
      <symbol id="sm-900">
         <name>__pop_rts</name>
         <value>0x1181b820</value>
         <object_component_ref idref="oc-328"/>
      </symbol>
      <symbol id="sm-901">
         <name>__c6xabi_pop_rts</name>
         <value>0x1181b820</value>
         <object_component_ref idref="oc-328"/>
      </symbol>
      <symbol id="sm-902">
         <name>__push_rts</name>
         <value>0x1181b840</value>
         <object_component_ref idref="oc-2db"/>
      </symbol>
      <symbol id="sm-90b">
         <name>__c6xabi_divu</name>
         <value>0x1181ab80</value>
         <object_component_ref idref="oc-384"/>
      </symbol>
      <symbol id="sm-90c">
         <name>__divu</name>
         <value>0x1181ab80</value>
         <object_component_ref idref="oc-384"/>
      </symbol>
      <symbol id="sm-91d">
         <name>__c6xabi_divul</name>
         <value>0x11818980</value>
         <object_component_ref idref="oc-37e"/>
      </symbol>
      <symbol id="sm-939">
         <name>_subcull</name>
         <value>0x1181b4c0</value>
         <object_component_ref idref="oc-3fa"/>
      </symbol>
      <symbol id="sm-93a">
         <name>__c6xabi_divull</name>
         <value>0x118180a0</value>
         <object_component_ref idref="oc-378"/>
      </symbol>
      <symbol id="sm-95a">
         <name>__c6xabi_llshru</name>
         <value>0x1181b460</value>
         <object_component_ref idref="oc-400"/>
      </symbol>
      <symbol id="sm-95b">
         <name>__c6xabi_llshl</name>
         <value>0x1181b200</value>
         <object_component_ref idref="oc-3f4"/>
      </symbol>
      <symbol id="sm-96f">
         <name>frexpl</name>
         <value>0x11818d00</value>
         <object_component_ref idref="oc-3ae"/>
      </symbol>
      <symbol id="sm-970">
         <name>frexp</name>
         <value>0x11818d00</value>
         <object_component_ref idref="oc-3ae"/>
      </symbol>
      <symbol id="sm-97e">
         <name>__c6xabi_isinf</name>
         <value>0x1181b6e0</value>
         <object_component_ref idref="oc-2f2"/>
      </symbol>
      <symbol id="sm-991">
         <name>scalbn</name>
         <value>0x11819580</value>
         <object_component_ref idref="oc-3b4"/>
      </symbol>
      <symbol id="sm-992">
         <name>scalbnl</name>
         <value>0x11819580</value>
         <object_component_ref idref="oc-3b4"/>
      </symbol>
      <symbol id="sm-993">
         <name>ldexpl</name>
         <value>0x11819580</value>
         <object_component_ref idref="oc-3b4"/>
      </symbol>
      <symbol id="sm-994">
         <name>ldexp</name>
         <value>0x11819580</value>
         <object_component_ref idref="oc-3b4"/>
      </symbol>
      <symbol id="sm-99d">
         <name>_signbit</name>
         <value>0x1181b8c0</value>
         <object_component_ref idref="oc-2f8"/>
      </symbol>
      <symbol id="sm-9bc">
         <name>__c6xabi_divd</name>
         <value>0x11815580</value>
         <object_component_ref idref="oc-38d"/>
      </symbol>
      <symbol id="sm-9cf">
         <name>__TI_frcmpyd_div</name>
         <value>0x1181b6a0</value>
         <object_component_ref idref="oc-40b"/>
      </symbol>
      <symbol id="sm-9df">
         <name>__TI_ltoa</name>
         <value>0x1181a260</value>
         <object_component_ref idref="oc-393"/>
      </symbol>
      <symbol id="sm-9f3">
         <name>atoi</name>
         <value>0x11819dc0</value>
         <object_component_ref idref="oc-2e0"/>
      </symbol>
      <symbol id="sm-9fd">
         <name>_ctypes_</name>
         <value>0x118204c8</value>
         <object_component_ref idref="oc-373"/>
      </symbol>
      <symbol id="sm-a0d">
         <name>__TI_tmpnams</name>
         <value>0x1181b9a0</value>
      </symbol>
      <symbol id="sm-a0e">
         <name>_ftable</name>
         <value>0x1181f970</value>
         <object_component_ref idref="oc-277"/>
      </symbol>
      <symbol id="sm-a0f">
         <name>__TI_ft_end</name>
         <value>0x1181fcb8</value>
         <object_component_ref idref="oc-496"/>
      </symbol>
      <symbol id="sm-a20">
         <name>memccpy</name>
         <value>0x1181b580</value>
         <object_component_ref idref="oc-316"/>
      </symbol>
      <symbol id="sm-a43">
         <name>_stream</name>
         <value>0x1181fb50</value>
         <object_component_ref idref="oc-3e6"/>
      </symbol>
      <symbol id="sm-a44">
         <name>_device</name>
         <value>0x1181fbf0</value>
         <object_component_ref idref="oc-456"/>
      </symbol>
      <symbol id="sm-a45">
         <name>write</name>
         <value>0x1181b640</value>
         <object_component_ref idref="oc-368"/>
      </symbol>
      <symbol id="sm-a57">
         <name>__errno</name>
         <value>0x1181fcbc</value>
         <object_component_ref idref="oc-3c4"/>
      </symbol>
      <symbol id="sm-a58">
         <name>errno</name>
         <value>0x1181fcbc</value>
         <object_component_ref idref="oc-3c4"/>
      </symbol>
      <symbol id="sm-a59">
         <name>__c6xabi_errno_addr</name>
         <value>0x1181b7e0</value>
         <object_component_ref idref="oc-322"/>
      </symbol>
      <symbol id="sm-a68">
         <name>__TI_doflush</name>
         <value>0x1181aac0</value>
         <object_component_ref idref="oc-362"/>
      </symbol>
      <symbol id="sm-a76">
         <name>__TI_cleanup</name>
         <value>0x1181ae60</value>
         <object_component_ref idref="oc-445"/>
      </symbol>
      <symbol id="sm-a8e">
         <name>fseek</name>
         <value>0x11819ec0</value>
         <object_component_ref idref="oc-3d6"/>
      </symbol>
      <symbol id="sm-a9d">
         <name>lseek</name>
         <value>0x1181b520</value>
         <object_component_ref idref="oc-437"/>
      </symbol>
      <symbol id="sm-aae">
         <name>HOSTclose</name>
         <value>0x1181adc0</value>
         <object_component_ref idref="oc-4a8"/>
      </symbol>
      <symbol id="sm-abe">
         <name>HOSTlseek</name>
         <value>0x11819fc0</value>
         <object_component_ref idref="oc-4ba"/>
      </symbol>
      <symbol id="sm-ad2">
         <name>parmbuf</name>
         <value>0x1181bae0</value>
      </symbol>
      <symbol id="sm-ad3">
         <name>HOSTopen</name>
         <value>0x1181a0a0</value>
         <object_component_ref idref="oc-4a2"/>
      </symbol>
      <symbol id="sm-ae3">
         <name>HOSTread</name>
         <value>0x1181a880</value>
         <object_component_ref idref="oc-4ae"/>
      </symbol>
      <symbol id="sm-b01">
         <name>HOSTrename</name>
         <value>0x11819240</value>
         <object_component_ref idref="oc-4c6"/>
      </symbol>
      <symbol id="sm-b14">
         <name>HOSTunlink</name>
         <value>0x1181a940</value>
         <object_component_ref idref="oc-4c0"/>
      </symbol>
      <symbol id="sm-b24">
         <name>HOSTwrite</name>
         <value>0x1181a180</value>
         <object_component_ref idref="oc-4b4"/>
      </symbol>
      <symbol id="sm-b4a">
         <name>__TI_readmsg</name>
         <value>0x1181b180</value>
         <object_component_ref idref="oc-4fb"/>
      </symbol>
      <symbol id="sm-b4b">
         <name>C$$IO$$</name>
         <value>0x1181b458</value>
         <object_component_ref idref="oc-4f5"/>
      </symbol>
      <symbol id="sm-b4c">
         <name>__CIOBUF_</name>
         <value>0x118206b8</value>
         <object_component_ref idref="oc-51c"/>
      </symbol>
      <symbol id="sm-b4d">
         <name>__TI_writemsg</name>
         <value>0x1181b400</value>
         <object_component_ref idref="oc-4f5"/>
      </symbol>
      <symbol id="sm-b66">
         <name>__TI_closefile</name>
         <value>0x11819ac0</value>
         <object_component_ref idref="oc-499"/>
      </symbol>
      <symbol id="sm-b90">
         <name>finddevice</name>
         <value>0x1181afa0</value>
         <object_component_ref idref="oc-530"/>
      </symbol>
      <symbol id="sm-b91">
         <name>getdevice</name>
         <value>0x118199a0</value>
         <object_component_ref idref="oc-510"/>
      </symbol>
      <symbol id="sm-ba3">
         <name>close</name>
         <value>0x1181a500</value>
         <object_component_ref idref="oc-4e3"/>
      </symbol>
      <symbol id="sm-bb4">
         <name>unlink</name>
         <value>0x1181b380</value>
         <object_component_ref idref="oc-4e9"/>
      </symbol>
      <symbol id="sm-bb5">
         <name>__TI_STATIC_BASE</name>
         <value>0x11820a00</value>
      </symbol>
      <symbol id="sm-bb7">
         <name>__TI_TLS_INIT_Base</name>
         <value>0x0</value>
      </symbol>
      <symbol id="sm-bb8">
         <name>__TI_TLS_INIT_Limit</name>
         <value>0x0</value>
      </symbol>
      <symbol id="sm-bb9">
         <name>remove</name>
         <value>0x1181b380</value>
      </symbol>
   </symbol_table>
   <title>Link successful</title>
</link_info>
